07-02 19:26:09.066 1296-1417/com.android.phone D/IccSmsInterfaceManager: [IccSmsInterfaceManager] Added cdma broadcast subscription for MID range 4097 to 4097 from client com.android.cellbroadcastreceiver
07-02 19:26:09.066 1296-1417/com.android.phone D/IccSmsInterfaceManager: [IccSmsInterfaceManager] Calling setCdmaBroadcastActivation(true)
07-02 19:26:09.066 355-355/? E/Diag_Lib: Thread state: conn_id=50, state=MAIN_THREAD_CLIENT_RECV
07-02 19:26:09.066 355-355/? E/Diag_Lib: qmuxd: RX 52 bytes on fd=28 from qmux_client_id=2
07-02 19:26:09.066 355-355/? E/Diag_Lib: Thread state: conn_id=50, state=MAIN_THREAD_MODEM_TX
07-02 19:26:09.066 355-355/? E/Diag_Lib: Thread state: conn_id=50, state=MAIN_THREAD_WAIT_SELECT
07-02 19:26:09.066 355-794/? E/Diag_Lib: Thread state: conn_id=0, state=RX_THREAD_WAIT_READ
07-02 19:26:09.066 355-794/? E/Diag_Lib: Thread state: conn_id=0, state=RX_THREAD_CLIENT_TX
07-02 19:26:09.066 355-794/? E/Diag_Lib: qmuxd: TX message on fd=28, to qmux_client_id=2, len=54
07-02 19:26:09.066 355-794/? E/Diag_Lib: Thread state: conn_id=0, state=RX_THREAD_WAIT_POLL
07-02 19:26:09.076 1296-3622/com.android.phone D/IccSmsInterfaceManager: [IccSmsInterfaceManager] enableCdmaBroadcastRange
07-02 19:26:09.076 1296-3622/com.android.phone D/IccSmsInterfaceManager: [IccSmsInterfaceManager] Added cdma broadcast subscription for MID range 4098 to 4098 from client com.android.cellbroadcastreceiver
07-02 19:26:09.076 1296-3622/com.android.phone D/IccSmsInterfaceManager: [IccSmsInterfaceManager] Calling setCdmaBroadcastActivation(true)
07-02 19:26:09.076 355-355/? E/Diag_Lib: Thread state: conn_id=50, state=MAIN_THREAD_CLIENT_RECV
07-02 19:26:09.076 355-355/? E/Diag_Lib: qmuxd: RX 52 bytes on fd=28 from qmux_client_id=2
07-02 19:26:09.076 355-355/? E/Diag_Lib: Thread state: conn_id=50, state=MAIN_THREAD_MODEM_TX
07-02 19:26:09.076 355-355/? E/Diag_Lib: Thread state: conn_id=50, state=MAIN_THREAD_WAIT_SELECT
07-02 19:26:09.076 355-794/? E/Diag_Lib: Thread state: conn_id=0, state=RX_THREAD_WAIT_READ
07-02 19:26:09.076 355-794/? E/Diag_Lib: Thread state: conn_id=0, state=RX_THREAD_CLIENT_TX
07-02 19:26:09.076 355-794/? E/Diag_Lib: qmuxd: TX message on fd=28, to qmux_client_id=2, len=54
07-02 19:26:09.076 355-794/? E/Diag_Lib: Thread state: conn_id=0, state=RX_THREAD_WAIT_POLL
07-02 19:26:09.076 1296-1328/com.android.phone D/IccSmsInterfaceManager: [IccSmsInterfaceManager] enableCdmaBroadcastRange
07-02 19:26:09.076 1296-1328/com.android.phone D/IccSmsInterfaceManager: [IccSmsInterfaceManager] Added cdma broadcast subscription for MID range 4099 to 4099 from client com.android.cellbroadcastreceiver
07-02 19:26:09.076 1296-1328/com.android.phone D/IccSmsInterfaceManager: [IccSmsInterfaceManager] Calling setCdmaBroadcastActivation(true)
07-02 19:26:09.086 355-355/? E/Diag_Lib: Thread state: conn_id=50, state=MAIN_THREAD_CLIENT_RECV
07-02 19:26:09.086 355-355/? E/Diag_Lib: qmuxd: RX 52 bytes on fd=28 from qmux_client_id=2
07-02 19:26:09.086 355-355/? E/Diag_Lib: Thread state: conn_id=50, state=MAIN_THREAD_MODEM_TX
07-02 19:26:09.086 355-355/? E/Diag_Lib: Thread state: conn_id=50, state=MAIN_THREAD_WAIT_SELECT
07-02 19:26:09.086 355-794/? E/Diag_Lib: Thread state: conn_id=0, state=RX_THREAD_WAIT_READ
07-02 19:26:09.086 355-794/? E/Diag_Lib: Thread state: conn_id=0, state=RX_THREAD_CLIENT_TX
07-02 19:26:09.086 355-794/? E/Diag_Lib: qmuxd: TX message on fd=28, to qmux_client_id=2, len=54
07-02 19:26:09.086 355-794/? E/Diag_Lib: Thread state: conn_id=0, state=RX_THREAD_WAIT_POLL
07-02 19:26:09.086 1296-3622/com.android.phone D/IccSmsInterfaceManager: [IccSmsInterfaceManager] enableCdmaBroadcastRange
07-02 19:26:09.086 1296-3622/com.android.phone D/IccSmsInterfaceManager: [IccSmsInterfaceManager] Added cdma broadcast subscription for MID range 4096 to 4096 from client com.android.cellbroadcastreceiver
07-02 19:26:09.086 1296-3622/com.android.phone D/IccSmsInterfaceManager: [IccSmsInterfaceManager] Calling setCdmaBroadcastActivation(true)
07-02 19:26:09.086 355-355/? E/Diag_Lib: Thread state: conn_id=50, state=MAIN_THREAD_CLIENT_RECV
07-02 19:26:09.086 355-355/? E/Diag_Lib: qmuxd: RX 52 bytes on fd=28 from qmux_client_id=2
07-02 19:26:09.086 355-355/? E/Diag_Lib: Thread state: conn_id=50, state=MAIN_THREAD_MODEM_TX
07-02 19:26:09.086 355-355/? E/Diag_Lib: Thread state: conn_id=50, state=MAIN_THREAD_WAIT_SELECT
07-02 19:26:09.086 355-794/? E/Diag_Lib: Thread state: conn_id=0, state=RX_THREAD_WAIT_READ
07-02 19:26:09.086 355-794/? E/Diag_Lib: Thread state: conn_id=0, state=RX_THREAD_CLIENT_TX
07-02 19:26:09.086 355-794/? E/Diag_Lib: qmuxd: TX message on fd=28, to qmux_client_id=2, len=54
07-02 19:26:09.086 355-794/? E/Diag_Lib: Thread state: conn_id=0, state=RX_THREAD_WAIT_POLL
07-02 19:26:09.086 3462-3681/com.android.cellbroadcastreceiver D/CellBroadcastConfigService: enabled emergency cell broadcast channels
07-02 19:26:09.086 3462-3681/com.android.cellbroadcastreceiver D/CellBroadcastConfigService: channel 50 is not applicable for cdma
07-02 19:26:09.086 3462-3681/com.android.cellbroadcastreceiver D/CellBroadcastConfigService: disabling channels 919-928
07-02 19:26:09.086 1296-1323/com.android.phone D/IccSmsInterfaceManager: [IccSmsInterfaceManager] disableCdmaBroadcastRange
07-02 19:26:09.086 1296-1323/com.android.phone D/IccSmsInterfaceManager: [IccSmsInterfaceManager] Failed to remove cdma broadcast subscription for MID range 919 to 928 from client com.android.cellbroadcastreceiver
07-02 19:26:09.086 3462-3681/com.android.cellbroadcastreceiver D/CellBroadcastConfigService: disabling cell broadcast CMAS test messages
07-02 19:26:09.086 1296-1417/com.android.phone D/IccSmsInterfaceManager: [IccSmsInterfaceManager] disableCdmaBroadcastRange
07-02 19:26:09.096 1296-1417/com.android.phone D/IccSmsInterfaceManager: [IccSmsInterfaceManager] Failed to remove cdma broadcast subscription for MID range 4100 to 4100 from client com.android.cellbroadcastreceiver
07-02 19:26:09.116 2095-3674/com.google.android.gms D/DropBoxEntryAddedChimeraService: User is not opted-in to Usage & Diagnostics or Lockbox.
07-02 19:26:09.216 3536-3536/com.google.android.music:main D/MusicLifecycle: com.google.android.music.wear.WearBroadcastReceiver generated event: Broadcast received with context android.app.ReceiverRestrictedContext@24e9f240 and intent Intent { act=com.google.android.music.IMPORT_COMPLETE flg=0x10 cmp=com.google.android.music/.wear.WearBroadcastReceiver }
07-02 19:26:09.246 1711-1711/com.google.android.gms.persistent D/WearableService: callingUid 10021, callindPid: 1711
07-02 19:26:09.256 3536-3684/com.google.android.music:main E/GmsUtils: Failed to connect to Google API client: ConnectionResult{statusCode=API_UNAVAILABLE, resolution=null, message=null}
07-02 19:26:09.256 2095-3683/com.google.android.gms D/DropBoxEntryAddedChimeraService: User is not opted-in to Usage & Diagnostics or Lockbox.
07-02 19:26:09.366 355-794/? E/Diag_Lib: Thread state: conn_id=0, state=RX_THREAD_WAIT_READ
07-02 19:26:09.366 355-794/? E/Diag_Lib: Thread state: conn_id=0, state=RX_THREAD_CLIENT_TX
07-02 19:26:09.366 355-794/? E/Diag_Lib: qmuxd: TX message on fd=28, to qmux_client_id=2, len=64
07-02 19:26:09.366 355-794/? E/Diag_Lib: Thread state: conn_id=0, state=RX_THREAD_WAIT_POLL
07-02 19:26:09.656 355-794/? E/Diag_Lib: Thread state: conn_id=0, state=RX_THREAD_WAIT_READ
07-02 19:26:09.656 355-794/? E/Diag_Lib: Thread state: conn_id=0, state=RX_THREAD_CLIENT_TX
07-02 19:26:09.656 355-794/? E/Diag_Lib: qmuxd: TX message on fd=28, to qmux_client_id=2, len=210
07-02 19:26:09.656 355-794/? E/Diag_Lib: Thread state: conn_id=0, state=RX_THREAD_WAIT_POLL
07-02 19:26:09.656 355-794/? E/Diag_Lib: Thread state: conn_id=0, state=RX_THREAD_WAIT_READ
07-02 19:26:09.656 355-794/? E/Diag_Lib: Thread state: conn_id=0, state=RX_THREAD_CLIENT_TX
07-02 19:26:09.656 355-794/? E/Diag_Lib: qmuxd: TX message on fd=28, to qmux_client_id=2, len=51
07-02 19:26:09.656 355-794/? E/Diag_Lib: Thread state: conn_id=0, state=RX_THREAD_WAIT_POLL
07-02 19:26:09.656 355-794/? E/Diag_Lib: Thread state: conn_id=0, state=RX_THREAD_WAIT_READ
07-02 19:26:09.656 355-794/? E/Diag_Lib: Thread state: conn_id=0, state=RX_THREAD_CLIENT_TX
07-02 19:26:09.656 355-794/? E/Diag_Lib: qmuxd: TX message on fd=28, to qmux_client_id=2, len=55
07-02 19:26:09.656 355-794/? E/Diag_Lib: Thread state: conn_id=0, state=RX_THREAD_WAIT_POLL
07-02 19:26:09.656 355-794/? E/Diag_Lib: Thread state: conn_id=0, state=RX_THREAD_WAIT_READ
07-02 19:26:09.656 355-794/? E/Diag_Lib: Thread state: conn_id=0, state=RX_THREAD_CLIENT_TX
07-02 19:26:09.656 355-794/? E/Diag_Lib: qmuxd: TX message on fd=28, to qmux_client_id=2, len=64
07-02 19:26:09.656 355-794/? E/Diag_Lib: Thread state: conn_id=0, state=RX_THREAD_WAIT_POLL
07-02 19:26:09.656 355-794/? E/Diag_Lib: Thread state: conn_id=0, state=RX_THREAD_WAIT_READ
07-02 19:26:09.656 355-794/? E/Diag_Lib: Thread state: conn_id=0, state=RX_THREAD_CLIENT_TX
07-02 19:26:09.656 355-794/? E/Diag_Lib: qmuxd: TX message on fd=28, to qmux_client_id=2, len=57
07-02 19:26:09.656 355-794/? E/Diag_Lib: Thread state: conn_id=0, state=RX_THREAD_WAIT_POLL
07-02 19:26:09.656 355-794/? E/Diag_Lib: Thread state: conn_id=0, state=RX_THREAD_WAIT_READ
07-02 19:26:09.656 355-794/? E/Diag_Lib: Thread state: conn_id=0, state=RX_THREAD_CLIENT_TX
07-02 19:26:09.656 355-794/? E/Diag_Lib: qmuxd: TX message on fd=28, to qmux_client_id=2, len=210
07-02 19:26:09.656 355-794/? E/Diag_Lib: Thread state: conn_id=0, state=RX_THREAD_WAIT_POLL
07-02 19:26:09.666 355-355/? E/Diag_Lib: Thread state: conn_id=50, state=MAIN_THREAD_CLIENT_RECV
07-02 19:26:09.666 355-355/? E/Diag_Lib: qmuxd: RX 47 bytes on fd=28 from qmux_client_id=2
07-02 19:26:09.666 355-355/? E/Diag_Lib: Thread state: conn_id=50, state=MAIN_THREAD_MODEM_TX
07-02 19:26:09.666 355-355/? E/Diag_Lib: Thread state: conn_id=50, state=MAIN_THREAD_WAIT_SELECT
07-02 19:26:09.666 355-794/? E/Diag_Lib: Thread state: conn_id=0, state=RX_THREAD_WAIT_READ
07-02 19:26:09.666 355-794/? E/Diag_Lib: Thread state: conn_id=0, state=RX_THREAD_CLIENT_TX
07-02 19:26:09.666 355-794/? E/Diag_Lib: qmuxd: TX message on fd=28, to qmux_client_id=2, len=217
07-02 19:26:09.666 355-794/? E/Diag_Lib: Thread state: conn_id=0, state=RX_THREAD_WAIT_POLL
07-02 19:26:09.676 355-355/? E/Diag_Lib: Thread state: conn_id=50, state=MAIN_THREAD_CLIENT_RECV
07-02 19:26:09.676 355-355/? E/Diag_Lib: qmuxd: RX 58 bytes on fd=28 from qmux_client_id=2
07-02 19:26:09.676 355-355/? E/Diag_Lib: Thread state: conn_id=50, state=MAIN_THREAD_MODEM_TX
07-02 19:26:09.676 355-355/? E/Diag_Lib: Thread state: conn_id=50, state=MAIN_THREAD_WAIT_SELECT
07-02 19:26:09.676 355-355/? E/Diag_Lib: Thread state: conn_id=50, state=MAIN_THREAD_CLIENT_RECV
07-02 19:26:09.676 355-355/? E/Diag_Lib: qmuxd: RX 47 bytes on fd=28 from qmux_client_id=2
07-02 19:26:09.676 355-355/? E/Diag_Lib: Thread state: conn_id=50, state=MAIN_THREAD_MODEM_TX
07-02 19:26:09.676 355-355/? E/Diag_Lib: Thread state: conn_id=50, state=MAIN_THREAD_WAIT_SELECT
07-02 19:26:09.676 355-794/? E/Diag_Lib: Thread state: conn_id=0, state=RX_THREAD_WAIT_READ
07-02 19:26:09.676 355-794/? E/Diag_Lib: Thread state: conn_id=0, state=RX_THREAD_CLIENT_TX
07-02 19:26:09.676 355-794/? E/Diag_Lib: qmuxd: TX message on fd=28, to qmux_client_id=2, len=64
07-02 19:26:09.676 355-794/? E/Diag_Lib: Thread state: conn_id=0, state=RX_THREAD_WAIT_POLL
07-02 19:26:09.676 355-794/? E/Diag_Lib: Thread state: conn_id=0, state=RX_THREAD_WAIT_READ
07-02 19:26:09.676 355-794/? E/Diag_Lib: Thread state: conn_id=0, state=RX_THREAD_CLIENT_TX
07-02 19:26:09.676 355-794/? E/Diag_Lib: qmuxd: TX message on fd=28, to qmux_client_id=2, len=73
07-02 19:26:09.676 355-794/? E/Diag_Lib: Thread state: conn_id=0, state=RX_THREAD_WAIT_POLL
07-02 19:26:09.696 996-996/com.android.systemui D/KeyguardUpdateMonitor: ACTION_SERVICE_STATE_CHANGED on sub: 2 mServiceState: 0 1 home Sprint  31000  1xRTT Unknown CSS not supported 251 4124 RoamInd=1 DefRoamInd=1 EmergOnly=false
07-02 19:26:09.696 3462-3462/com.android.cellbroadcastreceiver D/CellBroadcastReceiver: onReceive Intent { act=android.intent.action.SERVICE_STATE flg=0x10 cmp=com.android.cellbroadcastreceiver/.CellBroadcastReceiver (has extras) }
07-02 19:26:09.696 3462-3462/com.android.cellbroadcastreceiver D/CellBroadcastReceiver: Intent ACTION_SERVICE_STATE_CHANGED
07-02 19:26:09.696 3462-3462/com.android.cellbroadcastreceiver D/CellBroadcastReceiver: Service state changed! 0 Full: 0 1 home Sprint  31000  1xRTT Unknown CSS not supported 251 4124 RoamInd=1 DefRoamInd=1 EmergOnly=false Current state=-1
07-02 19:26:09.696 355-355/? E/Diag_Lib: Thread state: conn_id=50, state=MAIN_THREAD_CLIENT_RECV
07-02 19:26:09.696 355-355/? E/Diag_Lib: qmuxd: RX 47 bytes on fd=28 from qmux_client_id=2
07-02 19:26:09.696 355-355/? E/Diag_Lib: Thread state: conn_id=50, state=MAIN_THREAD_MODEM_TX
07-02 19:26:09.696 355-355/? E/Diag_Lib: Thread state: conn_id=50, state=MAIN_THREAD_WAIT_SELECT
07-02 19:26:09.696 355-794/? E/Diag_Lib: Thread state: conn_id=0, state=RX_THREAD_WAIT_READ
07-02 19:26:09.696 355-794/? E/Diag_Lib: Thread state: conn_id=0, state=RX_THREAD_CLIENT_TX
07-02 19:26:09.696 355-794/? E/Diag_Lib: qmuxd: TX message on fd=28, to qmux_client_id=2, len=217
07-02 19:26:09.696 355-794/? E/Diag_Lib: Thread state: conn_id=0, state=RX_THREAD_WAIT_POLL
07-02 19:26:09.706 355-355/? E/Diag_Lib: Thread state: conn_id=50, state=MAIN_THREAD_CLIENT_RECV
07-02 19:26:09.706 355-355/? E/Diag_Lib: qmuxd: RX 47 bytes on fd=28 from qmux_client_id=2
07-02 19:26:09.706 355-355/? E/Diag_Lib: Thread state: conn_id=50, state=MAIN_THREAD_MODEM_TX
07-02 19:26:09.706 355-355/? E/Diag_Lib: Thread state: conn_id=50, state=MAIN_THREAD_WAIT_SELECT
07-02 19:26:09.706 355-355/? E/Diag_Lib: Thread state: conn_id=50, state=MAIN_THREAD_CLIENT_RECV
07-02 19:26:09.706 355-355/? E/Diag_Lib: qmuxd: RX 58 bytes on fd=28 from qmux_client_id=2
07-02 19:26:09.706 355-355/? E/Diag_Lib: Thread state: conn_id=50, state=MAIN_THREAD_MODEM_TX
07-02 19:26:09.706 355-355/? E/Diag_Lib: Thread state: conn_id=50, state=MAIN_THREAD_WAIT_SELECT
07-02 19:26:09.706 355-794/? E/Diag_Lib: Thread state: conn_id=0, state=RX_THREAD_WAIT_READ
07-02 19:26:09.706 355-794/? E/Diag_Lib: Thread state: conn_id=0, state=RX_THREAD_CLIENT_TX
07-02 19:26:09.706 355-794/? E/Diag_Lib: qmuxd: TX message on fd=28, to qmux_client_id=2, len=73
07-02 19:26:09.706 355-794/? E/Diag_Lib: Thread state: conn_id=0, state=RX_THREAD_WAIT_POLL
07-02 19:26:09.706 355-794/? E/Diag_Lib: Thread state: conn_id=0, state=RX_THREAD_WAIT_READ
07-02 19:26:09.706 355-794/? E/Diag_Lib: Thread state: conn_id=0, state=RX_THREAD_CLIENT_TX
07-02 19:26:09.706 355-794/? E/Diag_Lib: qmuxd: TX message on fd=28, to qmux_client_id=2, len=64
07-02 19:26:09.706 355-794/? E/Diag_Lib: Thread state: conn_id=0, state=RX_THREAD_WAIT_POLL
07-02 19:26:09.706 3462-3694/com.android.cellbroadcastreceiver D/CellBroadcastConfigService: enabling emergency cell broadcast channels
07-02 19:26:09.706 1296-1323/com.android.phone D/IccSmsInterfaceManager: [IccSmsInterfaceManager] enableCdmaBroadcastRange
07-02 19:26:09.706 1296-1323/com.android.phone D/IccSmsInterfaceManager: [IccSmsInterfaceManager] Added cdma broadcast subscription for MID range 4097 to 4097 from client com.android.cellbroadcastreceiver
07-02 19:26:09.706 1296-1323/com.android.phone D/IccSmsInterfaceManager: [IccSmsInterfaceManager] Calling setCdmaBroadcastActivation(true)
07-02 19:26:09.706 355-355/? E/Diag_Lib: Thread state: conn_id=50, state=MAIN_THREAD_CLIENT_RECV
07-02 19:26:09.706 355-355/? E/Diag_Lib: qmuxd: RX 52 bytes on fd=28 from qmux_client_id=2
07-02 19:26:09.706 355-355/? E/Diag_Lib: Thread state: conn_id=50, state=MAIN_THREAD_MODEM_TX
07-02 19:26:09.706 355-355/? E/Diag_Lib: Thread state: conn_id=50, state=MAIN_THREAD_WAIT_SELECT
07-02 19:26:09.706 355-794/? E/Diag_Lib: Thread state: conn_id=0, state=RX_THREAD_WAIT_READ
07-02 19:26:09.716 355-794/? E/Diag_Lib: Thread state: conn_id=0, state=RX_THREAD_CLIENT_TX
07-02 19:26:09.716 355-794/? E/Diag_Lib: qmuxd: TX message on fd=28, to qmux_client_id=2, len=54
07-02 19:26:09.716 355-794/? E/Diag_Lib: Thread state: conn_id=0, state=RX_THREAD_WAIT_POLL
07-02 19:26:09.716 996-996/com.android.systemui D/KeyguardUpdateMonitor: ACTION_SERVICE_STATE_CHANGED on sub: 2 mServiceState: 0 1 home Sprint  31000  1xRTT Unknown CSS not supported 251 4124 RoamInd=1 DefRoamInd=1 EmergOnly=false
07-02 19:26:09.716 3462-3462/com.android.cellbroadcastreceiver D/CellBroadcastReceiver: onReceive Intent { act=android.intent.action.SERVICE_STATE flg=0x10 cmp=com.android.cellbroadcastreceiver/.CellBroadcastReceiver (has extras) }
07-02 19:26:09.716 3462-3462/com.android.cellbroadcastreceiver D/CellBroadcastReceiver: Intent ACTION_SERVICE_STATE_CHANGED
07-02 19:26:09.716 3462-3462/com.android.cellbroadcastreceiver D/CellBroadcastReceiver: Service state changed! 0 Full: 0 1 home Sprint  31000  1xRTT Unknown CSS not supported 251 4124 RoamInd=1 DefRoamInd=1 EmergOnly=false Current state=-1
07-02 19:26:09.726 1296-1328/com.android.phone D/IccSmsInterfaceManager: [IccSmsInterfaceManager] enableCdmaBroadcastRange
07-02 19:26:09.726 1296-1328/com.android.phone D/IccSmsInterfaceManager: [IccSmsInterfaceManager] Added cdma broadcast subscription for MID range 4098 to 4098 from client com.android.cellbroadcastreceiver
07-02 19:26:09.726 1296-1328/com.android.phone D/IccSmsInterfaceManager: [IccSmsInterfaceManager] Calling setCdmaBroadcastActivation(true)
07-02 19:26:09.726 355-355/? E/Diag_Lib: Thread state: conn_id=50, state=MAIN_THREAD_CLIENT_RECV
07-02 19:26:09.726 355-355/? E/Diag_Lib: qmuxd: RX 52 bytes on fd=28 from qmux_client_id=2
07-02 19:26:09.726 355-355/? E/Diag_Lib: Thread state: conn_id=50, state=MAIN_THREAD_MODEM_TX
07-02 19:26:09.726 355-355/? E/Diag_Lib: Thread state: conn_id=50, state=MAIN_THREAD_WAIT_SELECT
07-02 19:26:09.726 355-794/? E/Diag_Lib: Thread state: conn_id=0, state=RX_THREAD_WAIT_READ
07-02 19:26:09.726 355-794/? E/Diag_Lib: Thread state: conn_id=0, state=RX_THREAD_CLIENT_TX
07-02 19:26:09.726 355-794/? E/Diag_Lib: qmuxd: TX message on fd=28, to qmux_client_id=2, len=54
07-02 19:26:09.726 355-794/? E/Diag_Lib: Thread state: conn_id=0, state=RX_THREAD_WAIT_POLL
07-02 19:26:09.726 1296-1417/com.android.phone D/IccSmsInterfaceManager: [IccSmsInterfaceManager] enableCdmaBroadcastRange
07-02 19:26:09.726 1296-1417/com.android.phone D/IccSmsInterfaceManager: [IccSmsInterfaceManager] Added cdma broadcast subscription for MID range 4099 to 4099 from client com.android.cellbroadcastreceiver
07-02 19:26:09.726 1296-1417/com.android.phone D/IccSmsInterfaceManager: [IccSmsInterfaceManager] Calling setCdmaBroadcastActivation(true)
07-02 19:26:09.726 355-355/? E/Diag_Lib: Thread state: conn_id=50, state=MAIN_THREAD_CLIENT_RECV
07-02 19:26:09.726 355-355/? E/Diag_Lib: qmuxd: RX 52 bytes on fd=28 from qmux_client_id=2
07-02 19:26:09.726 355-355/? E/Diag_Lib: Thread state: conn_id=50, state=MAIN_THREAD_MODEM_TX
07-02 19:26:09.726 355-355/? E/Diag_Lib: Thread state: conn_id=50, state=MAIN_THREAD_WAIT_SELECT
07-02 19:26:09.726 355-794/? E/Diag_Lib: Thread state: conn_id=0, state=RX_THREAD_WAIT_READ
07-02 19:26:09.726 355-794/? E/Diag_Lib: Thread state: conn_id=0, state=RX_THREAD_CLIENT_TX
07-02 19:26:09.726 355-794/? E/Diag_Lib: qmuxd: TX message on fd=28, to qmux_client_id=2, len=54
07-02 19:26:09.726 355-794/? E/Diag_Lib: Thread state: conn_id=0, state=RX_THREAD_WAIT_POLL
07-02 19:26:09.736 1296-3622/com.android.phone D/IccSmsInterfaceManager: [IccSmsInterfaceManager] enableCdmaBroadcastRange
07-02 19:26:09.736 1296-3622/com.android.phone D/IccSmsInterfaceManager: [IccSmsInterfaceManager] Added cdma broadcast subscription for MID range 4096 to 4096 from client com.android.cellbroadcastreceiver
07-02 19:26:09.736 1296-3622/com.android.phone D/IccSmsInterfaceManager: [IccSmsInterfaceManager] Calling setCdmaBroadcastActivation(true)
07-02 19:26:09.736 355-355/? E/Diag_Lib: Thread state: conn_id=50, state=MAIN_THREAD_CLIENT_RECV
07-02 19:26:09.736 355-355/? E/Diag_Lib: qmuxd: RX 52 bytes on fd=28 from qmux_client_id=2
07-02 19:26:09.736 355-355/? E/Diag_Lib: Thread state: conn_id=50, state=MAIN_THREAD_MODEM_TX
07-02 19:26:09.736 355-355/? E/Diag_Lib: Thread state: conn_id=50, state=MAIN_THREAD_WAIT_SELECT
07-02 19:26:09.736 355-794/? E/Diag_Lib: Thread state: conn_id=0, state=RX_THREAD_WAIT_READ
07-02 19:26:09.736 355-794/? E/Diag_Lib: Thread state: conn_id=0, state=RX_THREAD_CLIENT_TX
07-02 19:26:09.736 355-794/? E/Diag_Lib: qmuxd: TX message on fd=28, to qmux_client_id=2, len=54
07-02 19:26:09.736 355-794/? E/Diag_Lib: Thread state: conn_id=0, state=RX_THREAD_WAIT_POLL
07-02 19:26:09.736 3462-3694/com.android.cellbroadcastreceiver D/CellBroadcastConfigService: enabled emergency cell broadcast channels
07-02 19:26:09.736 3462-3694/com.android.cellbroadcastreceiver D/CellBroadcastConfigService: channel 50 is not applicable for cdma
07-02 19:26:09.736 3462-3694/com.android.cellbroadcastreceiver D/CellBroadcastConfigService: disabling channels 919-928
07-02 19:26:09.736 1296-1323/com.android.phone D/IccSmsInterfaceManager: [IccSmsInterfaceManager] disableCdmaBroadcastRange
07-02 19:26:09.736 1296-1323/com.android.phone D/IccSmsInterfaceManager: [IccSmsInterfaceManager] Failed to remove cdma broadcast subscription for MID range 919 to 928 from client com.android.cellbroadcastreceiver
07-02 19:26:09.736 3462-3694/com.android.cellbroadcastreceiver D/CellBroadcastConfigService: disabling cell broadcast CMAS test messages
07-02 19:26:09.736 1296-1328/com.android.phone D/IccSmsInterfaceManager: [IccSmsInterfaceManager] disableCdmaBroadcastRange
07-02 19:26:09.736 1296-1328/com.android.phone D/IccSmsInterfaceManager: [IccSmsInterfaceManager] Failed to remove cdma broadcast subscription for MID range 4100 to 4100 from client com.android.cellbroadcastreceiver
07-02 19:26:09.746 3462-3694/com.android.cellbroadcastreceiver D/CellBroadcastConfigService: enabling emergency cell broadcast channels
07-02 19:26:09.746 1296-1323/com.android.phone D/IccSmsInterfaceManager: [IccSmsInterfaceManager] enableCdmaBroadcastRange
07-02 19:26:09.746 1296-1323/com.android.phone D/IccSmsInterfaceManager: [IccSmsInterfaceManager] Added cdma broadcast subscription for MID range 4097 to 4097 from client com.android.cellbroadcastreceiver
07-02 19:26:09.746 1296-1323/com.android.phone D/IccSmsInterfaceManager: [IccSmsInterfaceManager] Calling setCdmaBroadcastActivation(true)
07-02 19:26:09.746 355-355/? E/Diag_Lib: Thread state: conn_id=50, state=MAIN_THREAD_CLIENT_RECV
07-02 19:26:09.746 355-355/? E/Diag_Lib: qmuxd: RX 52 bytes on fd=28 from qmux_client_id=2
07-02 19:26:09.746 355-355/? E/Diag_Lib: Thread state: conn_id=50, state=MAIN_THREAD_MODEM_TX
07-02 19:26:09.746 355-355/? E/Diag_Lib: Thread state: conn_id=50, state=MAIN_THREAD_WAIT_SELECT
07-02 19:26:09.746 355-794/? E/Diag_Lib: Thread state: conn_id=0, state=RX_THREAD_WAIT_READ
07-02 19:26:09.746 355-794/? E/Diag_Lib: Thread state: conn_id=0, state=RX_THREAD_CLIENT_TX
07-02 19:26:09.746 355-794/? E/Diag_Lib: qmuxd: TX message on fd=28, to qmux_client_id=2, len=54
07-02 19:26:09.746 355-794/? E/Diag_Lib: Thread state: conn_id=0, state=RX_THREAD_WAIT_POLL
07-02 19:26:09.746 1296-1328/com.android.phone D/IccSmsInterfaceManager: [IccSmsInterfaceManager] enableCdmaBroadcastRange
07-02 19:26:09.746 1296-1328/com.android.phone D/IccSmsInterfaceManager: [IccSmsInterfaceManager] Added cdma broadcast subscription for MID range 4098 to 4098 from client com.android.cellbroadcastreceiver
07-02 19:26:09.746 1296-1328/com.android.phone D/IccSmsInterfaceManager: [IccSmsInterfaceManager] Calling setCdmaBroadcastActivation(true)
07-02 19:26:09.746 355-355/? E/Diag_Lib: Thread state: conn_id=50, state=MAIN_THREAD_CLIENT_RECV
07-02 19:26:09.746 355-355/? E/Diag_Lib: qmuxd: RX 52 bytes on fd=28 from qmux_client_id=2
07-02 19:26:09.746 355-355/? E/Diag_Lib: Thread state: conn_id=50, state=MAIN_THREAD_MODEM_TX
07-02 19:26:09.746 355-355/? E/Diag_Lib: Thread state: conn_id=50, state=MAIN_THREAD_WAIT_SELECT
07-02 19:26:09.746 355-794/? E/Diag_Lib: Thread state: conn_id=0, state=RX_THREAD_WAIT_READ
07-02 19:26:09.746 355-794/? E/Diag_Lib: Thread state: conn_id=0, state=RX_THREAD_CLIENT_TX
07-02 19:26:09.746 355-794/? E/Diag_Lib: qmuxd: TX message on fd=28, to qmux_client_id=2, len=54
07-02 19:26:09.746 355-794/? E/Diag_Lib: Thread state: conn_id=0, state=RX_THREAD_WAIT_POLL
07-02 19:26:09.746 1296-1417/com.android.phone D/IccSmsInterfaceManager: [IccSmsInterfaceManager] enableCdmaBroadcastRange
07-02 19:26:09.746 1296-1417/com.android.phone D/IccSmsInterfaceManager: [IccSmsInterfaceManager] Added cdma broadcast subscription for MID range 4099 to 4099 from client com.android.cellbroadcastreceiver
07-02 19:26:09.746 1296-1417/com.android.phone D/IccSmsInterfaceManager: [IccSmsInterfaceManager] Calling setCdmaBroadcastActivation(true)
07-02 19:26:09.756 355-355/? E/Diag_Lib: Thread state: conn_id=50, state=MAIN_THREAD_CLIENT_RECV
07-02 19:26:09.756 355-355/? E/Diag_Lib: qmuxd: RX 52 bytes on fd=28 from qmux_client_id=2
07-02 19:26:09.756 355-355/? E/Diag_Lib: Thread state: conn_id=50, state=MAIN_THREAD_MODEM_TX
07-02 19:26:09.756 355-355/? E/Diag_Lib: Thread state: conn_id=50, state=MAIN_THREAD_WAIT_SELECT
07-02 19:26:09.756 355-794/? E/Diag_Lib: Thread state: conn_id=0, state=RX_THREAD_WAIT_READ
07-02 19:26:09.756 355-794/? E/Diag_Lib: Thread state: conn_id=0, state=RX_THREAD_CLIENT_TX
07-02 19:26:09.756 355-794/? E/Diag_Lib: qmuxd: TX message on fd=28, to qmux_client_id=2, len=54
07-02 19:26:09.756 355-794/? E/Diag_Lib: Thread state: conn_id=0, state=RX_THREAD_WAIT_POLL
07-02 19:26:09.756 1296-3622/com.android.phone D/IccSmsInterfaceManager: [IccSmsInterfaceManager] enableCdmaBroadcastRange
07-02 19:26:09.756 1296-3622/com.android.phone D/IccSmsInterfaceManager: [IccSmsInterfaceManager] Added cdma broadcast subscription for MID range 4096 to 4096 from client com.android.cellbroadcastreceiver
07-02 19:26:09.756 1296-3622/com.android.phone D/IccSmsInterfaceManager: [IccSmsInterfaceManager] Calling setCdmaBroadcastActivation(true)
07-02 19:26:09.756 355-355/? E/Diag_Lib: Thread state: conn_id=50, state=MAIN_THREAD_CLIENT_RECV
07-02 19:26:09.756 355-355/? E/Diag_Lib: qmuxd: RX 52 bytes on fd=28 from qmux_client_id=2
07-02 19:26:09.756 355-355/? E/Diag_Lib: Thread state: conn_id=50, state=MAIN_THREAD_MODEM_TX
07-02 19:26:09.756 355-355/? E/Diag_Lib: Thread state: conn_id=50, state=MAIN_THREAD_WAIT_SELECT
07-02 19:26:09.756 355-794/? E/Diag_Lib: Thread state: conn_id=0, state=RX_THREAD_WAIT_READ
07-02 19:26:09.756 355-794/? E/Diag_Lib: Thread state: conn_id=0, state=RX_THREAD_CLIENT_TX
07-02 19:26:09.756 355-794/? E/Diag_Lib: qmuxd: TX message on fd=28, to qmux_client_id=2, len=54
07-02 19:26:09.756 355-794/? E/Diag_Lib: Thread state: conn_id=0, state=RX_THREAD_WAIT_POLL
07-02 19:26:09.756 3462-3694/com.android.cellbroadcastreceiver D/CellBroadcastConfigService: enabled emergency cell broadcast channels
07-02 19:26:09.766 3462-3694/com.android.cellbroadcastreceiver D/CellBroadcastConfigService: channel 50 is not applicable for cdma
07-02 19:26:09.766 3462-3694/com.android.cellbroadcastreceiver D/CellBroadcastConfigService: disabling channels 919-928
07-02 19:26:09.766 1296-1323/com.android.phone D/IccSmsInterfaceManager: [IccSmsInterfaceManager] disableCdmaBroadcastRange
07-02 19:26:09.766 1296-1323/com.android.phone D/IccSmsInterfaceManager: [IccSmsInterfaceManager] Failed to remove cdma broadcast subscription for MID range 919 to 928 from client com.android.cellbroadcastreceiver
07-02 19:26:09.766 3462-3694/com.android.cellbroadcastreceiver D/CellBroadcastConfigService: disabling cell broadcast CMAS test messages
07-02 19:26:09.766 1296-1328/com.android.phone D/IccSmsInterfaceManager: [IccSmsInterfaceManager] disableCdmaBroadcastRange
07-02 19:26:09.766 1296-1328/com.android.phone D/IccSmsInterfaceManager: [IccSmsInterfaceManager] Failed to remove cdma broadcast subscription for MID range 4100 to 4100 from client com.android.cellbroadcastreceiver
07-02 19:26:09.926 3653-3653/com.android.providers.calendar I/CalendarProvider2: Sending notification intent: Intent { act=android.intent.action.PROVIDER_CHANGED dat=content://com.android.calendar }
07-02 19:26:09.926 3653-3653/com.android.providers.calendar W/ContentResolver: Failed to get type for: content://com.android.calendar (Unknown URL content://com.android.calendar)
07-02 19:26:09.926 2627-2627/com.android.calendar D/AlertReceiver: onReceive: a=android.intent.action.PROVIDER_CHANGED Intent { act=android.intent.action.PROVIDER_CHANGED dat=content://com.android.calendar flg=0x10 cmp=com.android.calendar/.alerts.AlertReceiver }
07-02 19:26:09.936 820-1473/system_process I/ActivityManager: Killing 3152:com.android.gallery3d/u0a42 (adj 15): empty #17
07-02 19:26:09.966 820-1327/system_process W/libprocessgroup: failed to open /acct/uid_10042/pid_3152/cgroup.procs: No such file or directory
07-02 19:26:09.976 355-805/? E/Diag_Lib: Thread state: conn_id=1, state=RX_THREAD_WAIT_READ
07-02 19:26:09.976 355-805/? E/Diag_Lib: Thread state: conn_id=1, state=RX_THREAD_CLIENT_TX
07-02 19:26:09.976 355-805/? E/Diag_Lib: qmuxd: TX message on fd=28, to qmux_client_id=2, len=83
07-02 19:26:09.976 355-805/? E/Diag_Lib: Thread state: conn_id=1, state=RX_THREAD_WAIT_POLL
07-02 19:26:09.996 355-355/? E/Diag_Lib: Thread state: conn_id=50, state=MAIN_THREAD_CLIENT_RECV
07-02 19:26:09.996 355-355/? E/Diag_Lib: qmuxd: RX 47 bytes on fd=28 from qmux_client_id=2
07-02 19:26:09.996 355-355/? E/Diag_Lib: Thread state: conn_id=50, state=MAIN_THREAD_MODEM_TX
07-02 19:26:09.996 355-355/? E/Diag_Lib: Thread state: conn_id=50, state=MAIN_THREAD_WAIT_SELECT
07-02 19:26:09.996 355-794/? E/Diag_Lib: Thread state: conn_id=0, state=RX_THREAD_WAIT_READ
07-02 19:26:09.996 355-794/? E/Diag_Lib: Thread state: conn_id=0, state=RX_THREAD_CLIENT_TX
07-02 19:26:09.996 355-794/? E/Diag_Lib: qmuxd: TX message on fd=28, to qmux_client_id=2, len=217
07-02 19:26:09.996 355-794/? E/Diag_Lib: Thread state: conn_id=0, state=RX_THREAD_WAIT_POLL
07-02 19:26:10.006 355-355/? E/Diag_Lib: Thread state: conn_id=50, state=MAIN_THREAD_CLIENT_RECV
07-02 19:26:10.006 355-355/? E/Diag_Lib: qmuxd: RX 58 bytes on fd=28 from qmux_client_id=2
07-02 19:26:10.006 355-355/? E/Diag_Lib: Thread state: conn_id=50, state=MAIN_THREAD_MODEM_TX
07-02 19:26:10.006 355-355/? E/Diag_Lib: Thread state: conn_id=50, state=MAIN_THREAD_WAIT_SELECT
07-02 19:26:10.006 355-794/? E/Diag_Lib: Thread state: conn_id=0, state=RX_THREAD_WAIT_READ
07-02 19:26:10.006 355-794/? E/Diag_Lib: Thread state: conn_id=0, state=RX_THREAD_CLIENT_TX
07-02 19:26:10.006 355-794/? E/Diag_Lib: qmuxd: TX message on fd=28, to qmux_client_id=2, len=64
07-02 19:26:10.006 355-794/? E/Diag_Lib: Thread state: conn_id=0, state=RX_THREAD_WAIT_POLL
07-02 19:26:10.026 996-996/com.android.systemui D/KeyguardUpdateMonitor: ACTION_SERVICE_STATE_CHANGED on sub: 2 mServiceState: 0 0 home Sprint  31000  1xRTT 1xRTT CSS not supported 251 4124 RoamInd=1 DefRoamInd=1 EmergOnly=false
07-02 19:26:10.026 3462-3462/com.android.cellbroadcastreceiver D/CellBroadcastReceiver: onReceive Intent { act=android.intent.action.SERVICE_STATE flg=0x10 cmp=com.android.cellbroadcastreceiver/.CellBroadcastReceiver (has extras) }
07-02 19:26:10.026 3462-3462/com.android.cellbroadcastreceiver D/CellBroadcastReceiver: Intent ACTION_SERVICE_STATE_CHANGED
07-02 19:26:10.026 3462-3462/com.android.cellbroadcastreceiver D/CellBroadcastReceiver: Service state changed! 0 Full: 0 0 home Sprint  31000  1xRTT 1xRTT CSS not supported 251 4124 RoamInd=1 DefRoamInd=1 EmergOnly=false Current state=-1
07-02 19:26:10.026 355-355/? E/Diag_Lib: Thread state: conn_id=50, state=MAIN_THREAD_CLIENT_RECV
07-02 19:26:10.026 355-355/? E/Diag_Lib: qmuxd: RX 47 bytes on fd=28 from qmux_client_id=2
07-02 19:26:10.026 355-355/? E/Diag_Lib: Thread state: conn_id=50, state=MAIN_THREAD_MODEM_TX
07-02 19:26:10.026 355-355/? E/Diag_Lib: Thread state: conn_id=50, state=MAIN_THREAD_WAIT_SELECT
07-02 19:26:10.026 355-794/? E/Diag_Lib: Thread state: conn_id=0, state=RX_THREAD_WAIT_READ
07-02 19:26:10.026 355-794/? E/Diag_Lib: Thread state: conn_id=0, state=RX_THREAD_CLIENT_TX
07-02 19:26:10.026 355-794/? E/Diag_Lib: qmuxd: TX message on fd=28, to qmux_client_id=2, len=217
07-02 19:26:10.026 355-794/? E/Diag_Lib: Thread state: conn_id=0, state=RX_THREAD_WAIT_POLL
07-02 19:26:10.036 355-355/? E/Diag_Lib: Thread state: conn_id=50, state=MAIN_THREAD_CLIENT_RECV
07-02 19:26:10.036 355-355/? E/Diag_Lib: qmuxd: RX 58 bytes on fd=28 from qmux_client_id=2
07-02 19:26:10.036 355-355/? E/Diag_Lib: Thread state: conn_id=50, state=MAIN_THREAD_MODEM_TX
07-02 19:26:10.036 355-355/? E/Diag_Lib: Thread state: conn_id=50, state=MAIN_THREAD_WAIT_SELECT
07-02 19:26:10.036 355-794/? E/Diag_Lib: Thread state: conn_id=0, state=RX_THREAD_WAIT_READ
07-02 19:26:10.036 355-794/? E/Diag_Lib: Thread state: conn_id=0, state=RX_THREAD_CLIENT_TX
07-02 19:26:10.036 355-794/? E/Diag_Lib: qmuxd: TX message on fd=28, to qmux_client_id=2, len=64
07-02 19:26:10.036 355-794/? E/Diag_Lib: Thread state: conn_id=0, state=RX_THREAD_WAIT_POLL
07-02 19:26:10.036 3462-3710/com.android.cellbroadcastreceiver D/CellBroadcastConfigService: enabling emergency cell broadcast channels
07-02 19:26:10.036 1296-1417/com.android.phone D/IccSmsInterfaceManager: [IccSmsInterfaceManager] enableCdmaBroadcastRange
07-02 19:26:10.036 1296-1417/com.android.phone D/IccSmsInterfaceManager: [IccSmsInterfaceManager] Added cdma broadcast subscription for MID range 4097 to 4097 from client com.android.cellbroadcastreceiver
07-02 19:26:10.036 1296-1417/com.android.phone D/IccSmsInterfaceManager: [IccSmsInterfaceManager] Calling setCdmaBroadcastActivation(true)
07-02 19:26:10.036 355-355/? E/Diag_Lib: Thread state: conn_id=50, state=MAIN_THREAD_CLIENT_RECV
07-02 19:26:10.036 355-355/? E/Diag_Lib: qmuxd: RX 52 bytes on fd=28 from qmux_client_id=2
07-02 19:26:10.036 355-355/? E/Diag_Lib: Thread state: conn_id=50, state=MAIN_THREAD_MODEM_TX
07-02 19:26:10.036 355-355/? E/Diag_Lib: Thread state: conn_id=50, state=MAIN_THREAD_WAIT_SELECT
07-02 19:26:10.046 355-794/? E/Diag_Lib: Thread state: conn_id=0, state=RX_THREAD_WAIT_READ
07-02 19:26:10.046 355-794/? E/Diag_Lib: Thread state: conn_id=0, state=RX_THREAD_CLIENT_TX
07-02 19:26:10.046 355-794/? E/Diag_Lib: qmuxd: TX message on fd=28, to qmux_client_id=2, len=54
07-02 19:26:10.046 355-794/? E/Diag_Lib: Thread state: conn_id=0, state=RX_THREAD_WAIT_POLL
07-02 19:26:10.046 2504-2790/com.disa W/Xamarin.Insights: Warning: Could not post to webapi: Network state is disabled. Can not ping webapi
07-02 19:26:10.046 1296-1296/com.android.phone D/TelephonyProvider: subIdString = 2 subId = 2
07-02 19:26:10.066 355-355/? E/Diag_Lib: Thread state: conn_id=50, state=MAIN_THREAD_CLIENT_RECV
07-02 19:26:10.066 355-355/? E/Diag_Lib: qmuxd: RX 880 bytes on fd=28 from qmux_client_id=2
07-02 19:26:10.066 355-355/? E/Diag_Lib: Thread state: conn_id=50, state=MAIN_THREAD_MODEM_TX
07-02 19:26:10.066 355-355/? E/Diag_Lib: Sending control message with message id:22
07-02 19:26:10.066 355-355/? E/Diag_Lib: Thread state: conn_id=50, state=MAIN_THREAD_WAIT_SELECT
07-02 19:26:10.066 355-794/? E/Diag_Lib: Thread state: conn_id=0, state=RX_THREAD_WAIT_READ
07-02 19:26:10.066 355-794/? E/Diag_Lib: Thread state: conn_id=0, state=RX_THREAD_CLIENT_TX
07-02 19:26:10.066 355-794/? E/Diag_Lib:  Striping of the standard result code ...
07-02 19:26:10.066 355-794/? E/Diag_Lib: Adding client 35, service 1, conn_id=0...
07-02 19:26:10.066 355-794/? E/Diag_Lib: .... for qmux_client_id = 2, in slot 2, for clnt_srv_info=b8616bb0
07-02 19:26:10.066 355-794/? E/Diag_Lib: qmuxd: TX message on fd=28, to qmux_client_id=2, len=880
07-02 19:26:10.066 355-794/? E/Diag_Lib: Thread state: conn_id=0, state=RX_THREAD_WAIT_POLL
07-02 19:26:10.066 355-355/? E/Diag_Lib: Thread state: conn_id=50, state=MAIN_THREAD_CLIENT_RECV
07-02 19:26:10.066 355-355/? E/Diag_Lib: qmuxd: RX 52 bytes on fd=28 from qmux_client_id=2
07-02 19:26:10.066 355-355/? E/Diag_Lib: Thread state: conn_id=50, state=MAIN_THREAD_MODEM_TX
07-02 19:26:10.066 355-355/? E/Diag_Lib: Thread state: conn_id=50, state=MAIN_THREAD_WAIT_SELECT
07-02 19:26:10.066 355-794/? E/Diag_Lib: Thread state: conn_id=0, state=RX_THREAD_WAIT_READ
07-02 19:26:10.066 355-794/? E/Diag_Lib: Thread state: conn_id=0, state=RX_THREAD_CLIENT_TX
07-02 19:26:10.066 355-794/? E/Diag_Lib: qmuxd: TX message on fd=28, to qmux_client_id=2, len=261
07-02 19:26:10.066 355-794/? E/Diag_Lib: Thread state: conn_id=0, state=RX_THREAD_WAIT_POLL
07-02 19:26:10.066 355-355/? E/Diag_Lib: Thread state: conn_id=50, state=MAIN_THREAD_CLIENT_RECV
07-02 19:26:10.066 355-355/? E/Diag_Lib: qmuxd: RX 69 bytes on fd=28 from qmux_client_id=2
07-02 19:26:10.066 355-355/? E/Diag_Lib: Thread state: conn_id=50, state=MAIN_THREAD_MODEM_TX
07-02 19:26:10.066 355-355/? E/Diag_Lib: Thread state: conn_id=50, state=MAIN_THREAD_WAIT_SELECT
07-02 19:26:10.066 355-794/? E/Diag_Lib: Thread state: conn_id=0, state=RX_THREAD_WAIT_READ
07-02 19:26:10.066 355-794/? E/Diag_Lib: Thread state: conn_id=0, state=RX_THREAD_CLIENT_TX
07-02 19:26:10.066 355-794/? E/Diag_Lib: qmuxd: TX message on fd=28, to qmux_client_id=2, len=54
07-02 19:26:10.066 355-794/? E/Diag_Lib: Thread state: conn_id=0, state=RX_THREAD_WAIT_POLL
07-02 19:26:10.066 355-355/? E/Diag_Lib: Thread state: conn_id=50, state=MAIN_THREAD_CLIENT_RECV
07-02 19:26:10.066 355-355/? E/Diag_Lib: qmuxd: RX 880 bytes on fd=28 from qmux_client_id=2
07-02 19:26:10.066 355-355/? E/Diag_Lib: Thread state: conn_id=50, state=MAIN_THREAD_MODEM_TX
07-02 19:26:10.066 355-355/? E/Diag_Lib: Sending control message with message id:23
07-02 19:26:10.066 355-355/? E/Diag_Lib: Thread state: conn_id=50, state=MAIN_THREAD_WAIT_SELECT
07-02 19:26:10.066 355-794/? E/Diag_Lib: Thread state: conn_id=0, state=RX_THREAD_WAIT_READ
07-02 19:26:10.066 355-794/? E/Diag_Lib: Thread state: conn_id=0, state=RX_THREAD_CLIENT_TX
07-02 19:26:10.066 355-794/? E/Diag_Lib:  Striping of the standard result code ...
07-02 19:26:10.066 355-794/? E/Diag_Lib: qmuxd: TX message on fd=28, to qmux_client_id=2, len=880
07-02 19:26:10.066 355-794/? E/Diag_Lib: Thread state: conn_id=0, state=RX_THREAD_WAIT_POLL
07-02 19:26:10.236 1296-1296/com.android.phone D/TelephonyProvider: subIdString = 2 subId = 2
07-02 19:26:10.296 355-355/? E/Diag_Lib: Thread state: conn_id=50, state=MAIN_THREAD_CLIENT_RECV
07-02 19:26:10.296 355-355/? E/Diag_Lib: qmuxd: RX 63 bytes on fd=28 from qmux_client_id=2
07-02 19:26:10.296 355-355/? E/Diag_Lib: Thread state: conn_id=50, state=MAIN_THREAD_MODEM_TX
07-02 19:26:10.296 355-355/? E/Diag_Lib: Thread state: conn_id=50, state=MAIN_THREAD_WAIT_SELECT
07-02 19:26:10.306 355-794/? E/Diag_Lib: Thread state: conn_id=0, state=RX_THREAD_WAIT_READ
07-02 19:26:10.306 355-794/? E/Diag_Lib: Thread state: conn_id=0, state=RX_THREAD_CLIENT_TX
07-02 19:26:10.306 355-794/? E/Diag_Lib: qmuxd: TX message on fd=28, to qmux_client_id=2, len=75
07-02 19:26:10.306 355-794/? E/Diag_Lib: Thread state: conn_id=0, state=RX_THREAD_WAIT_POLL
07-02 19:26:10.306 355-355/? E/Diag_Lib: Thread state: conn_id=50, state=MAIN_THREAD_CLIENT_RECV
07-02 19:26:10.306 355-355/? E/Diag_Lib: qmuxd: RX 51 bytes on fd=28 from qmux_client_id=2
07-02 19:26:10.306 355-355/? E/Diag_Lib: Thread state: conn_id=50, state=MAIN_THREAD_MODEM_TX
07-02 19:26:10.306 355-355/? E/Diag_Lib: Thread state: conn_id=50, state=MAIN_THREAD_WAIT_SELECT
07-02 19:26:10.306 355-794/? E/Diag_Lib: Thread state: conn_id=0, state=RX_THREAD_WAIT_READ
07-02 19:26:10.306 355-794/? E/Diag_Lib: Thread state: conn_id=0, state=RX_THREAD_CLIENT_TX
07-02 19:26:10.306 355-794/? E/Diag_Lib: qmuxd: TX message on fd=28, to qmux_client_id=2, len=54
07-02 19:26:10.306 355-794/? E/Diag_Lib: Thread state: conn_id=0, state=RX_THREAD_WAIT_POLL
07-02 19:26:10.306 355-355/? E/Diag_Lib: Thread state: conn_id=50, state=MAIN_THREAD_CLIENT_RECV
07-02 19:26:10.306 355-355/? E/Diag_Lib: qmuxd: RX 47 bytes on fd=28 from qmux_client_id=2
07-02 19:26:10.306 355-355/? E/Diag_Lib: Thread state: conn_id=50, state=MAIN_THREAD_MODEM_TX
07-02 19:26:10.306 355-355/? E/Diag_Lib: Thread state: conn_id=50, state=MAIN_THREAD_WAIT_SELECT
07-02 19:26:10.306 355-794/? E/Diag_Lib: Thread state: conn_id=0, state=RX_THREAD_WAIT_READ
07-02 19:26:10.306 355-794/? E/Diag_Lib: Thread state: conn_id=0, state=RX_THREAD_CLIENT_TX
07-02 19:26:10.306 355-794/? E/Diag_Lib: qmuxd: TX message on fd=28, to qmux_client_id=2, len=58
07-02 19:26:10.306 355-794/? E/Diag_Lib: Thread state: conn_id=0, state=RX_THREAD_WAIT_POLL
07-02 19:26:10.306 355-355/? E/Diag_Lib: Thread state: conn_id=50, state=MAIN_THREAD_CLIENT_RECV
07-02 19:26:10.306 355-355/? E/Diag_Lib: qmuxd: RX 51 bytes on fd=28 from qmux_client_id=2
07-02 19:26:10.306 355-355/? E/Diag_Lib: Thread state: conn_id=50, state=MAIN_THREAD_MODEM_TX
07-02 19:26:10.306 355-355/? E/Diag_Lib: Thread state: conn_id=50, state=MAIN_THREAD_WAIT_SELECT
07-02 19:26:10.306 355-794/? E/Diag_Lib: Thread state: conn_id=0, state=RX_THREAD_WAIT_READ
07-02 19:26:10.306 355-794/? E/Diag_Lib: Thread state: conn_id=0, state=RX_THREAD_CLIENT_TX
07-02 19:26:10.306 355-794/? E/Diag_Lib: qmuxd: TX message on fd=28, to qmux_client_id=2, len=54
07-02 19:26:10.306 355-794/? E/Diag_Lib: Thread state: conn_id=0, state=RX_THREAD_WAIT_POLL
07-02 19:26:10.306 355-355/? E/Diag_Lib: Thread state: conn_id=50, state=MAIN_THREAD_CLIENT_RECV
07-02 19:26:10.306 355-355/? E/Diag_Lib: qmuxd: RX 47 bytes on fd=28 from qmux_client_id=2
07-02 19:26:10.306 355-355/? E/Diag_Lib: Thread state: conn_id=50, state=MAIN_THREAD_MODEM_TX
07-02 19:26:10.306 355-355/? E/Diag_Lib: Thread state: conn_id=50, state=MAIN_THREAD_WAIT_SELECT
07-02 19:26:10.306 355-794/? E/Diag_Lib: Thread state: conn_id=0, state=RX_THREAD_WAIT_READ
07-02 19:26:10.306 355-794/? E/Diag_Lib: Thread state: conn_id=0, state=RX_THREAD_CLIENT_TX
07-02 19:26:10.306 355-794/? E/Diag_Lib: qmuxd: TX message on fd=28, to qmux_client_id=2, len=58
07-02 19:26:10.306 355-794/? E/Diag_Lib: Thread state: conn_id=0, state=RX_THREAD_WAIT_POLL
07-02 19:26:10.306 355-355/? E/Diag_Lib: Thread state: conn_id=50, state=MAIN_THREAD_CLIENT_RECV
07-02 19:26:10.306 355-355/? E/Diag_Lib: qmuxd: RX 51 bytes on fd=28 from qmux_client_id=2
07-02 19:26:10.306 355-355/? E/Diag_Lib: Thread state: conn_id=50, state=MAIN_THREAD_MODEM_TX
07-02 19:26:10.306 355-355/? E/Diag_Lib: Thread state: conn_id=50, state=MAIN_THREAD_WAIT_SELECT
07-02 19:26:10.306 355-794/? E/Diag_Lib: Thread state: conn_id=0, state=RX_THREAD_WAIT_READ
07-02 19:26:10.306 355-794/? E/Diag_Lib: Thread state: conn_id=0, state=RX_THREAD_CLIENT_TX
07-02 19:26:10.306 355-794/? E/Diag_Lib: qmuxd: TX message on fd=28, to qmux_client_id=2, len=54
07-02 19:26:10.306 355-794/? E/Diag_Lib: Thread state: conn_id=0, state=RX_THREAD_WAIT_POLL
07-02 19:26:10.306 355-355/? E/Diag_Lib: Thread state: conn_id=50, state=MAIN_THREAD_CLIENT_RECV
07-02 19:26:10.306 355-355/? E/Diag_Lib: qmuxd: RX 51 bytes on fd=28 from qmux_client_id=2
07-02 19:26:10.306 355-355/? E/Diag_Lib: Thread state: conn_id=50, state=MAIN_THREAD_MODEM_TX
07-02 19:26:10.306 355-355/? E/Diag_Lib: Thread state: conn_id=50, state=MAIN_THREAD_WAIT_SELECT
07-02 19:26:10.306 355-794/? E/Diag_Lib: Thread state: conn_id=0, state=RX_THREAD_WAIT_READ
07-02 19:26:10.306 355-794/? E/Diag_Lib: Thread state: conn_id=0, state=RX_THREAD_CLIENT_TX
07-02 19:26:10.306 355-794/? E/Diag_Lib: qmuxd: TX message on fd=28, to qmux_client_id=2, len=54
07-02 19:26:10.306 355-794/? E/Diag_Lib: Thread state: conn_id=0, state=RX_THREAD_WAIT_POLL
07-02 19:26:10.306 355-355/? E/Diag_Lib: Thread state: conn_id=50, state=MAIN_THREAD_CLIENT_RECV
07-02 19:26:10.306 355-355/? E/Diag_Lib: qmuxd: RX 59 bytes on fd=28 from qmux_client_id=2
07-02 19:26:10.306 355-355/? E/Diag_Lib: Thread state: conn_id=50, state=MAIN_THREAD_MODEM_TX
07-02 19:26:10.306 355-355/? E/Diag_Lib: Thread state: conn_id=50, state=MAIN_THREAD_WAIT_SELECT
07-02 19:26:10.356 996-996/com.android.systemui D/KeyguardUpdateMonitor: ACTION_SERVICE_STATE_CHANGED on sub: 2 mServiceState: 0 0 home Sprint  31000  1xRTT 1xRTT CSS not supported 251 4124 RoamInd=1 DefRoamInd=1 EmergOnly=false
07-02 19:26:10.356 1296-1417/com.android.phone D/IccSmsInterfaceManager: [IccSmsInterfaceManager] enableCdmaBroadcastRange
07-02 19:26:10.356 1296-1417/com.android.phone D/IccSmsInterfaceManager: [IccSmsInterfaceManager] Added cdma broadcast subscription for MID range 4098 to 4098 from client com.android.cellbroadcastreceiver
07-02 19:26:10.356 1296-1417/com.android.phone D/IccSmsInterfaceManager: [IccSmsInterfaceManager] Calling setCdmaBroadcastActivation(true)
07-02 19:26:10.356 3462-3462/com.android.cellbroadcastreceiver D/CellBroadcastReceiver: onReceive Intent { act=android.intent.action.SERVICE_STATE flg=0x10 cmp=com.android.cellbroadcastreceiver/.CellBroadcastReceiver (has extras) }
07-02 19:26:10.356 3462-3462/com.android.cellbroadcastreceiver D/CellBroadcastReceiver: Intent ACTION_SERVICE_STATE_CHANGED
07-02 19:26:10.356 3462-3462/com.android.cellbroadcastreceiver D/CellBroadcastReceiver: Service state changed! 0 Full: 0 0 home Sprint  31000  1xRTT 1xRTT CSS not supported 251 4124 RoamInd=1 DefRoamInd=1 EmergOnly=false Current state=-1
07-02 19:26:10.356 355-355/? E/Diag_Lib: Thread state: conn_id=50, state=MAIN_THREAD_CLIENT_RECV
07-02 19:26:10.356 355-355/? E/Diag_Lib: qmuxd: RX 52 bytes on fd=28 from qmux_client_id=2
07-02 19:26:10.356 355-355/? E/Diag_Lib: Thread state: conn_id=50, state=MAIN_THREAD_MODEM_TX
07-02 19:26:10.356 355-355/? E/Diag_Lib: Thread state: conn_id=50, state=MAIN_THREAD_WAIT_SELECT
07-02 19:26:10.356 355-794/? E/Diag_Lib: Thread state: conn_id=0, state=RX_THREAD_WAIT_READ
07-02 19:26:10.356 355-794/? E/Diag_Lib: Thread state: conn_id=0, state=RX_THREAD_CLIENT_TX
07-02 19:26:10.356 355-794/? E/Diag_Lib: qmuxd: TX message on fd=28, to qmux_client_id=2, len=54
07-02 19:26:10.356 355-794/? E/Diag_Lib: Thread state: conn_id=0, state=RX_THREAD_WAIT_POLL
07-02 19:26:10.386 1296-1296/com.android.phone D/TelephonyProvider: subIdString = 2 subId = 2
07-02 19:26:10.396 1296-1296/com.android.phone D/TelephonyProvider: subIdString = 2 subId = 2
07-02 19:26:10.416 1296-1323/com.android.phone D/IccSmsInterfaceManager: [IccSmsInterfaceManager] enableCdmaBroadcastRange
07-02 19:26:10.416 1296-1323/com.android.phone D/IccSmsInterfaceManager: [IccSmsInterfaceManager] Added cdma broadcast subscription for MID range 4099 to 4099 from client com.android.cellbroadcastreceiver
07-02 19:26:10.416 1296-1323/com.android.phone D/IccSmsInterfaceManager: [IccSmsInterfaceManager] Calling setCdmaBroadcastActivation(true)
07-02 19:26:10.416 355-355/? E/Diag_Lib: Thread state: conn_id=50, state=MAIN_THREAD_CLIENT_RECV
07-02 19:26:10.416 355-355/? E/Diag_Lib: qmuxd: RX 52 bytes on fd=28 from qmux_client_id=2
07-02 19:26:10.416 355-355/? E/Diag_Lib: Thread state: conn_id=50, state=MAIN_THREAD_MODEM_TX
07-02 19:26:10.416 355-355/? E/Diag_Lib: Thread state: conn_id=50, state=MAIN_THREAD_WAIT_SELECT
07-02 19:26:10.416 355-794/? E/Diag_Lib: Thread state: conn_id=0, state=RX_THREAD_WAIT_READ
07-02 19:26:10.416 355-794/? E/Diag_Lib: Thread state: conn_id=0, state=RX_THREAD_CLIENT_TX
07-02 19:26:10.416 355-794/? E/Diag_Lib: qmuxd: TX message on fd=28, to qmux_client_id=2, len=54
07-02 19:26:10.416 355-794/? E/Diag_Lib: Thread state: conn_id=0, state=RX_THREAD_WAIT_POLL
07-02 19:26:10.426 355-355/? E/Diag_Lib: Thread state: conn_id=50, state=MAIN_THREAD_CLIENT_RECV
07-02 19:26:10.426 355-355/? E/Diag_Lib: qmuxd: RX 47 bytes on fd=28 from qmux_client_id=2
07-02 19:26:10.426 355-355/? E/Diag_Lib: Thread state: conn_id=50, state=MAIN_THREAD_MODEM_TX
07-02 19:26:10.426 355-355/? E/Diag_Lib: Thread state: conn_id=50, state=MAIN_THREAD_WAIT_SELECT
07-02 19:26:10.426 355-794/? E/Diag_Lib: Thread state: conn_id=0, state=RX_THREAD_WAIT_READ
07-02 19:26:10.426 355-794/? E/Diag_Lib: Thread state: conn_id=0, state=RX_THREAD_CLIENT_TX
07-02 19:26:10.426 355-794/? E/Diag_Lib: qmuxd: TX message on fd=28, to qmux_client_id=2, len=73
07-02 19:26:10.426 355-794/? E/Diag_Lib: Thread state: conn_id=0, state=RX_THREAD_WAIT_POLL
07-02 19:26:10.456 1296-1328/com.android.phone D/IccSmsInterfaceManager: [IccSmsInterfaceManager] enableCdmaBroadcastRange
07-02 19:26:10.456 1296-1328/com.android.phone D/IccSmsInterfaceManager: [IccSmsInterfaceManager] Added cdma broadcast subscription for MID range 4096 to 4096 from client com.android.cellbroadcastreceiver
07-02 19:26:10.456 1296-1328/com.android.phone D/IccSmsInterfaceManager: [IccSmsInterfaceManager] Calling setCdmaBroadcastActivation(true)
07-02 19:26:10.456 355-355/? E/Diag_Lib: Thread state: conn_id=50, state=MAIN_THREAD_CLIENT_RECV
07-02 19:26:10.456 355-355/? E/Diag_Lib: qmuxd: RX 52 bytes on fd=28 from qmux_client_id=2
07-02 19:26:10.456 355-355/? E/Diag_Lib: Thread state: conn_id=50, state=MAIN_THREAD_MODEM_TX
07-02 19:26:10.456 355-355/? E/Diag_Lib: Thread state: conn_id=50, state=MAIN_THREAD_WAIT_SELECT
07-02 19:26:10.456 355-794/? E/Diag_Lib: Thread state: conn_id=0, state=RX_THREAD_WAIT_READ
07-02 19:26:10.456 355-794/? E/Diag_Lib: Thread state: conn_id=0, state=RX_THREAD_CLIENT_TX
07-02 19:26:10.456 355-794/? E/Diag_Lib: qmuxd: TX message on fd=28, to qmux_client_id=2, len=54
07-02 19:26:10.456 355-794/? E/Diag_Lib: Thread state: conn_id=0, state=RX_THREAD_WAIT_POLL
07-02 19:26:10.456 3462-3710/com.android.cellbroadcastreceiver D/CellBroadcastConfigService: enabled emergency cell broadcast channels
07-02 19:26:10.456 3462-3710/com.android.cellbroadcastreceiver D/CellBroadcastConfigService: channel 50 is not applicable for cdma
07-02 19:26:10.466 3462-3710/com.android.cellbroadcastreceiver D/CellBroadcastConfigService: disabling channels 919-928
