07-02 19:26:10.466 1296-1417/com.android.phone D/IccSmsInterfaceManager: [IccSmsInterfaceManager] disableCdmaBroadcastRange
07-02 19:26:10.466 1296-1417/com.android.phone D/IccSmsInterfaceManager: [IccSmsInterfaceManager] Failed to remove cdma broadcast subscription for MID range 919 to 928 from client com.android.cellbroadcastreceiver
07-02 19:26:10.466 3462-3710/com.android.cellbroadcastreceiver D/CellBroadcastConfigService: disabling cell broadcast CMAS test messages
07-02 19:26:10.466 1296-1323/com.android.phone D/IccSmsInterfaceManager: [IccSmsInterfaceManager] disableCdmaBroadcastRange
07-02 19:26:10.466 1296-1323/com.android.phone D/IccSmsInterfaceManager: [IccSmsInterfaceManager] Failed to remove cdma broadcast subscription for MID range 4100 to 4100 from client com.android.cellbroadcastreceiver
07-02 19:26:10.466 3462-3710/com.android.cellbroadcastreceiver D/CellBroadcastConfigService: enabling emergency cell broadcast channels
07-02 19:26:10.466 1296-1417/com.android.phone D/IccSmsInterfaceManager: [IccSmsInterfaceManager] enableCdmaBroadcastRange
07-02 19:26:10.466 1296-1417/com.android.phone D/IccSmsInterfaceManager: [IccSmsInterfaceManager] Added cdma broadcast subscription for MID range 4097 to 4097 from client com.android.cellbroadcastreceiver
07-02 19:26:10.476 1296-1417/com.android.phone D/IccSmsInterfaceManager: [IccSmsInterfaceManager] Calling setCdmaBroadcastActivation(true)
07-02 19:26:10.476 355-355/? E/Diag_Lib: Thread state: conn_id=50, state=MAIN_THREAD_CLIENT_RECV
07-02 19:26:10.476 355-355/? E/Diag_Lib: qmuxd: RX 52 bytes on fd=28 from qmux_client_id=2
07-02 19:26:10.476 355-355/? E/Diag_Lib: Thread state: conn_id=50, state=MAIN_THREAD_MODEM_TX
07-02 19:26:10.476 355-355/? E/Diag_Lib: Thread state: conn_id=50, state=MAIN_THREAD_WAIT_SELECT
07-02 19:26:10.476 355-794/? E/Diag_Lib: Thread state: conn_id=0, state=RX_THREAD_WAIT_READ
07-02 19:26:10.476 355-794/? E/Diag_Lib: Thread state: conn_id=0, state=RX_THREAD_CLIENT_TX
07-02 19:26:10.476 355-794/? E/Diag_Lib: qmuxd: TX message on fd=28, to qmux_client_id=2, len=54
07-02 19:26:10.476 355-794/? E/Diag_Lib: Thread state: conn_id=0, state=RX_THREAD_WAIT_POLL
07-02 19:26:10.476 1296-1323/com.android.phone D/IccSmsInterfaceManager: [IccSmsInterfaceManager] enableCdmaBroadcastRange
07-02 19:26:10.476 1296-1323/com.android.phone D/IccSmsInterfaceManager: [IccSmsInterfaceManager] Added cdma broadcast subscription for MID range 4098 to 4098 from client com.android.cellbroadcastreceiver
07-02 19:26:10.476 1296-1323/com.android.phone D/IccSmsInterfaceManager: [IccSmsInterfaceManager] Calling setCdmaBroadcastActivation(true)
07-02 19:26:10.476 355-355/? E/Diag_Lib: Thread state: conn_id=50, state=MAIN_THREAD_CLIENT_RECV
07-02 19:26:10.476 355-355/? E/Diag_Lib: qmuxd: RX 52 bytes on fd=28 from qmux_client_id=2
07-02 19:26:10.476 355-355/? E/Diag_Lib: Thread state: conn_id=50, state=MAIN_THREAD_MODEM_TX
07-02 19:26:10.476 355-355/? E/Diag_Lib: Thread state: conn_id=50, state=MAIN_THREAD_WAIT_SELECT
07-02 19:26:10.476 355-794/? E/Diag_Lib: Thread state: conn_id=0, state=RX_THREAD_WAIT_READ
07-02 19:26:10.476 355-794/? E/Diag_Lib: Thread state: conn_id=0, state=RX_THREAD_CLIENT_TX
07-02 19:26:10.476 355-794/? E/Diag_Lib: qmuxd: TX message on fd=28, to qmux_client_id=2, len=54
07-02 19:26:10.476 355-794/? E/Diag_Lib: Thread state: conn_id=0, state=RX_THREAD_WAIT_POLL
07-02 19:26:10.486 1296-1328/com.android.phone D/IccSmsInterfaceManager: [IccSmsInterfaceManager] enableCdmaBroadcastRange
07-02 19:26:10.486 1296-1328/com.android.phone D/IccSmsInterfaceManager: [IccSmsInterfaceManager] Added cdma broadcast subscription for MID range 4099 to 4099 from client com.android.cellbroadcastreceiver
07-02 19:26:10.486 1296-1328/com.android.phone D/IccSmsInterfaceManager: [IccSmsInterfaceManager] Calling setCdmaBroadcastActivation(true)
07-02 19:26:10.496 355-355/? E/Diag_Lib: Thread state: conn_id=50, state=MAIN_THREAD_CLIENT_RECV
07-02 19:26:10.496 355-355/? E/Diag_Lib: qmuxd: RX 52 bytes on fd=28 from qmux_client_id=2
07-02 19:26:10.496 355-355/? E/Diag_Lib: Thread state: conn_id=50, state=MAIN_THREAD_MODEM_TX
07-02 19:26:10.496 355-355/? E/Diag_Lib: Thread state: conn_id=50, state=MAIN_THREAD_WAIT_SELECT
07-02 19:26:10.496 355-794/? E/Diag_Lib: Thread state: conn_id=0, state=RX_THREAD_WAIT_READ
07-02 19:26:10.496 355-794/? E/Diag_Lib: Thread state: conn_id=0, state=RX_THREAD_CLIENT_TX
07-02 19:26:10.496 355-794/? E/Diag_Lib: qmuxd: TX message on fd=28, to qmux_client_id=2, len=54
07-02 19:26:10.496 355-794/? E/Diag_Lib: Thread state: conn_id=0, state=RX_THREAD_WAIT_POLL
07-02 19:26:10.496 1296-3622/com.android.phone D/IccSmsInterfaceManager: [IccSmsInterfaceManager] enableCdmaBroadcastRange
07-02 19:26:10.496 1296-3622/com.android.phone D/IccSmsInterfaceManager: [IccSmsInterfaceManager] Added cdma broadcast subscription for MID range 4096 to 4096 from client com.android.cellbroadcastreceiver
07-02 19:26:10.496 1296-3622/com.android.phone D/IccSmsInterfaceManager: [IccSmsInterfaceManager] Calling setCdmaBroadcastActivation(true)
07-02 19:26:10.506 355-355/? E/Diag_Lib: Thread state: conn_id=50, state=MAIN_THREAD_CLIENT_RECV
07-02 19:26:10.506 355-355/? E/Diag_Lib: qmuxd: RX 52 bytes on fd=28 from qmux_client_id=2
07-02 19:26:10.506 355-355/? E/Diag_Lib: Thread state: conn_id=50, state=MAIN_THREAD_MODEM_TX
07-02 19:26:10.506 355-355/? E/Diag_Lib: Thread state: conn_id=50, state=MAIN_THREAD_WAIT_SELECT
07-02 19:26:10.506 355-794/? E/Diag_Lib: Thread state: conn_id=0, state=RX_THREAD_WAIT_READ
07-02 19:26:10.506 355-794/? E/Diag_Lib: Thread state: conn_id=0, state=RX_THREAD_CLIENT_TX
07-02 19:26:10.506 355-794/? E/Diag_Lib: qmuxd: TX message on fd=28, to qmux_client_id=2, len=54
07-02 19:26:10.506 355-794/? E/Diag_Lib: Thread state: conn_id=0, state=RX_THREAD_WAIT_POLL
07-02 19:26:10.506 3462-3710/com.android.cellbroadcastreceiver D/CellBroadcastConfigService: enabled emergency cell broadcast channels
07-02 19:26:10.506 3462-3710/com.android.cellbroadcastreceiver D/CellBroadcastConfigService: channel 50 is not applicable for cdma
07-02 19:26:10.516 3462-3710/com.android.cellbroadcastreceiver D/CellBroadcastConfigService: disabling channels 919-928
07-02 19:26:10.516 1296-1417/com.android.phone D/IccSmsInterfaceManager: [IccSmsInterfaceManager] disableCdmaBroadcastRange
07-02 19:26:10.536 1296-1417/com.android.phone D/IccSmsInterfaceManager: [IccSmsInterfaceManager] Failed to remove cdma broadcast subscription for MID range 919 to 928 from client com.android.cellbroadcastreceiver
07-02 19:26:10.536 3462-3710/com.android.cellbroadcastreceiver D/CellBroadcastConfigService: disabling cell broadcast CMAS test messages
07-02 19:26:10.536 1296-1323/com.android.phone D/IccSmsInterfaceManager: [IccSmsInterfaceManager] disableCdmaBroadcastRange
07-02 19:26:10.536 1296-1323/com.android.phone D/IccSmsInterfaceManager: [IccSmsInterfaceManager] Failed to remove cdma broadcast subscription for MID range 4100 to 4100 from client com.android.cellbroadcastreceiver
07-02 19:26:10.636 820-1327/system_process I/art: Explicit concurrent mark sweep GC freed 24929(1505KB) AllocSpace objects, 10(716KB) LOS objects, 33% free, 13MB/20MB, paused 1.273ms total 127.727ms
07-02 19:26:10.656 820-850/system_process I/LocSvc_afw: I/GPS HAL coarse position injection disabled
07-02 19:26:10.696 1711-3367/com.google.android.gms.persistent I/GCoreUlr: Successfully inserted 1 locations
07-02 19:26:10.696 1711-3367/com.google.android.gms.persistent I/GCoreUlr: Not uploading first location since start (in case we're in restart loop)
07-02 19:26:10.716 1711-3367/com.google.android.gms.persistent I/GCoreUlr: Not uploading first location since start (in case we're in restart loop)
07-02 19:26:10.716 1711-3727/com.google.android.gms.persistent W/System.err: java.net.UnknownHostException: Unable to resolve host "www.google.com": No address associated with hostname
07-02 19:26:10.716 1711-3727/com.google.android.gms.persistent W/System.err:     at java.net.InetAddress.lookupHostByName(InetAddress.java:457)
07-02 19:26:10.716 1711-3727/com.google.android.gms.persistent W/System.err:     at java.net.InetAddress.getAllByNameImpl(InetAddress.java:252)
07-02 19:26:10.716 1711-3727/com.google.android.gms.persistent W/System.err:     at java.net.InetAddress.getAllByName(InetAddress.java:215)
07-02 19:26:10.716 1711-3727/com.google.android.gms.persistent W/System.err:     at com.android.okhttp.HostResolver$1.getAllByName(HostResolver.java:29)
07-02 19:26:10.716 1711-3727/com.google.android.gms.persistent W/System.err:     at com.android.okhttp.internal.http.RouteSelector.resetNextInetSocketAddress(RouteSelector.java:232)
07-02 19:26:10.716 1711-3727/com.google.android.gms.persistent W/System.err:     at com.android.okhttp.internal.http.RouteSelector.next(RouteSelector.java:124)
07-02 19:26:10.716 1711-3727/com.google.android.gms.persistent W/System.err:     at com.android.okhttp.internal.http.HttpEngine.connect(HttpEngine.java:272)
07-02 19:26:10.716 1711-3727/com.google.android.gms.persistent W/System.err:     at com.android.okhttp.internal.http.HttpEngine.sendRequest(HttpEngine.java:211)
07-02 19:26:10.716 1711-3727/com.google.android.gms.persistent W/System.err:     at com.android.okhttp.internal.http.HttpURLConnectionImpl.execute(HttpURLConnectionImpl.java:373)
07-02 19:26:10.716 1711-3727/com.google.android.gms.persistent W/System.err:     at com.android.okhttp.internal.http.HttpURLConnectionImpl.connect(HttpURLConnectionImpl.java:106)
07-02 19:26:10.716 1711-3727/com.google.android.gms.persistent W/System.err:     at com.android.okhttp.internal.http.HttpURLConnectionImpl.getOutputStream(HttpURLConnectionImpl.java:208)
07-02 19:26:10.716 1711-3727/com.google.android.gms.persistent W/System.err:     at com.android.okhttp.internal.http.DelegatingHttpsURLConnection.getOutputStream(DelegatingHttpsURLConnection.java:218)
07-02 19:26:10.716 1711-3727/com.google.android.gms.persistent W/System.err:     at com.android.okhttp.internal.http.HttpsURLConnectionImpl.getOutputStream(HttpsURLConnectionImpl.java:25)
07-02 19:26:10.716 1711-3727/com.google.android.gms.persistent W/System.err:     at ajgv.a(:com.google.android.gms:89)
07-02 19:26:10.716 1711-3727/com.google.android.gms.persistent W/System.err:     at alaw.run(:com.google.android.gms:289)
07-02 19:26:10.716 1711-3727/com.google.android.gms.persistent W/System.err:     at java.util.concurrent.ThreadPoolExecutor.runWorker(ThreadPoolExecutor.java:1112)
07-02 19:26:10.716 1711-3727/com.google.android.gms.persistent W/System.err:     at java.util.concurrent.ThreadPoolExecutor$Worker.run(ThreadPoolExecutor.java:587)
07-02 19:26:10.716 1711-3727/com.google.android.gms.persistent W/System.err:     at java.lang.Thread.run(Thread.java:818)
07-02 19:26:10.716 1711-3727/com.google.android.gms.persistent W/System.err: Caused by: android.system.GaiException: android_getaddrinfo failed: EAI_NODATA (No address associated with hostname)
07-02 19:26:10.716 1711-3727/com.google.android.gms.persistent W/System.err:     at libcore.io.Posix.android_getaddrinfo(Native Method)
07-02 19:26:10.716 1711-3727/com.google.android.gms.persistent W/System.err:     at libcore.io.ForwardingOs.android_getaddrinfo(ForwardingOs.java:55)
07-02 19:26:10.716 1711-3727/com.google.android.gms.persistent W/System.err:     at java.net.InetAddress.lookupHostByName(InetAddress.java:438)
07-02 19:26:10.716 1711-3727/com.google.android.gms.persistent W/System.err: 	... 17 more
07-02 19:26:10.756 2095-3729/com.google.android.gms D/DropBoxEntryAddedChimeraService: User is not opted-in to Usage & Diagnostics or Lockbox.
07-02 19:26:10.906 2627-3505/com.android.calendar I/GlobalDismissManager: no sender configured
07-02 19:26:10.906 2627-3505/com.android.calendar D/AlertService: Beginning updateAlertNotification
07-02 19:26:10.916 2627-3505/com.android.calendar D/AlertService: No fired or scheduled alerts
07-02 19:26:10.916 2627-3505/com.android.calendar D/AlertService: Scheduling next alarm with AlarmScheduler. sEventReminderReceived: null
07-02 19:26:10.926 2627-3505/com.android.calendar D/AlarmScheduler: Query result count for events starting within 1 week: 1
07-02 19:26:10.936 2627-3505/com.android.calendar D/AlertService: 0 Action = android.intent.action.PROVIDER_CHANGED
07-02 19:26:10.986 820-820/system_process D/BackupManagerService: Received broadcast Intent { act=android.intent.action.PACKAGE_CHANGED dat=package:com.google.android.gms flg=0x4000010 (has extras) }
07-02 19:26:10.986 820-820/system_process I/BackupManagerService: Unbinding ComponentInfo{com.google.android.gms/com.google.android.gms.backup.BackupTransportService}
07-02 19:26:10.996 820-923/system_process I/InputReader: Reconfiguring input devices.  changes=0x00000020
07-02 19:26:10.996 820-820/system_process I/BackupManagerService: Binding to transport host ComponentInfo{com.google.android.gms/com.google.android.gms.backup.BackupTransportService}
07-02 19:26:11.006 1765-1765/com.cyanogenmod.trebuchet W/Launcher: setApplicationContext called twice! old=com.android.launcher3.LauncherApplication@8f093b4 new=com.android.launcher3.LauncherApplication@8f093b4
07-02 19:26:11.036 1711-1711/com.google.android.gms.persistent W/GmsBackupAccountManager: Backup account not found in gmscore.
07-02 19:26:11.066 2095-3734/com.google.android.gms D/PkgBroadcastIntentOp: Received broadcast action=android.intent.action.PACKAGE_CHANGED and uri=com.google.android.gms
07-02 19:26:11.076 265-336/? I/ThermalEngine: Sensor:pa_therm1:35000 mC
07-02 19:26:11.076 820-940/system_process I/ActivityManager: Start proc com.android.vending for broadcast com.android.vending/com.google.android.finsky.receivers.PackageMonitorReceiver$RegisteredReceiver: pid=3735 uid=10024 gids={50024, 9997, 3003, 1028, 1015} abi=armeabi-v7a
07-02 19:26:11.116 2095-3734/com.google.android.gms D/WearableController: Received broadcast action=android.intent.action.PACKAGE_CHANGED and uri=com.google.android.gms
07-02 19:26:11.156 1711-1711/com.google.android.gms.persistent I/GCoreNlp: !shouldConfirmNlp, ensuring user opted into NLP
07-02 19:26:11.166 820-820/system_process V/BackupManagerService: Connected to transport ComponentInfo{com.google.android.gms/com.google.android.gms.backup.BackupTransportService}
07-02 19:26:11.176 820-820/system_process V/BackupManagerService: Registering transport com.google.android.gms/.backup.BackupTransportService::com.google.android.gms/.backup.BackupTransportService = com.android.internal.backup.IBackupTransport$Stub$Proxy@97cef29
07-02 19:26:11.176 2095-3107/com.google.android.gms I/Icing: updateResources: need to parse owf{com.google.android.gms}
07-02 19:26:11.256 2095-3768/com.google.android.gms W/IcingInternalCorpora: getNumBytesRead when not calculated.
07-02 19:26:11.326 2095-3107/com.google.android.gms D/ChimeraResource: Successfully parsed resource with package name: com.google.android.gms and resource name string/icing_apps_corpus_label
07-02 19:26:11.326 2095-3107/com.google.android.gms D/ChimeraResource: Successfully parsed resource with package name: com.google.android.gms and resource name string/icing_apps_corpus_description
07-02 19:26:11.326 2095-3107/com.google.android.gms D/ChimeraResource: Successfully parsed resource with package name: com.google.android.gms and resource name drawable/ic_device_source_apps_normal
07-02 19:26:11.326 2095-3107/com.google.android.gms D/ChimeraResource: Successfully parsed resource with package name: com.google.android.gms and resource name string/icing_contacts_corpus_label
07-02 19:26:11.326 2095-3107/com.google.android.gms D/ChimeraResource: Successfully parsed resource with package name: com.google.android.gms and resource name string/icing_contacts_corpus_description
07-02 19:26:11.326 2095-3107/com.google.android.gms D/ChimeraResource: Successfully parsed resource with package name: com.google.android.gms and resource name drawable/ic_device_source_contacts
07-02 19:26:11.366 1765-1781/com.cyanogenmod.trebuchet I/art: Background sticky concurrent mark sweep GC freed 37881(2MB) AllocSpace objects, 2(40KB) LOS objects, 17% free, 11MB/13MB, paused 6.645ms total 32.343ms
07-02 19:26:11.376 1784-2048/com.google.process.gapps I/art: Explicit concurrent mark sweep GC freed 4648(256KB) AllocSpace objects, 0(0B) LOS objects, 46% free, 4MB/8MB, paused 670us total 28.173ms
07-02 19:26:11.416 3735-3735/com.android.vending I/Finsky: [1] com.google.android.finsky.FinskyApp.onCreate(428): Initializing network with DFE https://android.clients.google.com/fdfe/
07-02 19:26:11.526 3735-3735/com.android.vending I/Finsky: [1] com.google.android.finsky.services.DailyHygiene.a(171): No need to run daily hygiene.
07-02 19:26:11.546 3735-3735/com.android.vending W/Settings: Setting download_manager_max_bytes_over_mobile has moved from android.provider.Settings.Secure to android.provider.Settings.Global.
07-02 19:26:11.546 3735-3735/com.android.vending W/Settings: Setting download_manager_recommended_max_bytes_over_mobile has moved from android.provider.Settings.Secure to android.provider.Settings.Global.
07-02 19:26:11.566 3735-3735/com.android.vending I/Finsky: [1] com.google.android.finsky.utils.bk.a(177): Enabling bucket experiment: factor=2.000, zeroDelta=0ms, forceNetwork=false
07-02 19:26:11.596 3735-3735/com.android.vending I/Finsky: [1] com.google.android.finsky.c.l.a(270): result=false type=4
07-02 19:26:11.606 355-794/? E/Diag_Lib: Thread state: conn_id=0, state=RX_THREAD_WAIT_READ
07-02 19:26:11.606 355-794/? E/Diag_Lib: Thread state: conn_id=0, state=RX_THREAD_CLIENT_TX
07-02 19:26:11.606 355-794/? E/Diag_Lib: qmuxd: TX message on fd=28, to qmux_client_id=2, len=64
07-02 19:26:11.606 355-794/? E/Diag_Lib: Thread state: conn_id=0, state=RX_THREAD_WAIT_POLL
07-02 19:26:11.656 1625-3795/com.google.android.googlequicksearchbox:search I/UpdateIcingCorporaServi: Updating corpora: APPS=com.google.android.gms, CONTACTS=MAYBE
07-02 19:26:11.696 820-940/system_process I/ActivityManager: Start proc com.android.gallery3d for broadcast com.android.gallery3d/.app.PackagesMonitor: pid=3797 uid=10042 gids={50042, 9997, 3003, 1028, 1015, 1023, 3002} abi=armeabi-v7a
07-02 19:26:11.696 1625-3795/com.google.android.googlequicksearchbox:search I/UpdateIcingCorporaServi: UpdateCorporaTask done [took 45 ms] updated apps [took 45 ms] 
07-02 19:26:11.726 3735-3735/com.android.vending I/Finsky: [1] com.google.android.finsky.j.j.run(208): Loaded library for account: [hJSqXmsY2k3a2LgvXs0YCdi9F0w]
07-02 19:26:11.726 3735-3735/com.android.vending I/Finsky: [1] com.google.android.finsky.j.j.run(214): Finished loading 1 libraries.
07-02 19:26:11.726 3735-3735/com.android.vending I/Finsky: [1] com.google.android.finsky.services.bc.a(1050): Restore complete with 0 success and 0 failed.
07-02 19:26:11.726 820-1333/system_process I/ActivityManager: Killing 3173:com.android.exchange/u0a40 (adj 15): empty #17
07-02 19:26:11.766 820-1394/system_process W/libprocessgroup: failed to open /acct/uid_10040/pid_3173/cgroup.procs: No such file or directory
07-02 19:26:11.776 3797-3797/com.android.gallery3d W/ResourcesManager: Asset path '/system/framework/com.google.android.media.effects.jar' does not exist or contains no resources.
07-02 19:26:11.836 820-1671/system_process I/ActivityManager: Killing 3206:org.whispersystems.whisperpush/u0a62 (adj 15): empty #17
07-02 19:26:11.876 820-836/system_process W/libprocessgroup: failed to open /acct/uid_10062/pid_3206/cgroup.procs: No such file or directory
07-02 19:26:12.126 3536-3536/com.google.android.music:main D/MusicLifecycle: com.google.android.music.autocache.AutoCacheSchedulingService$EnablingReceiver generated event: Broadcast received with context android.app.ReceiverRestrictedContext@24e9f240 and intent Intent { act=com.google.android.music.START_DOWNLOAD_SCHEDULING flg=0x10 cmp=com.google.android.music/.autocache.AutoCacheSchedulingService$EnablingReceiver }
07-02 19:26:12.156 3536-3536/com.google.android.music:main D/MusicLifecycle: com.google.android.music.autocache.AutoCacheSchedulingService generated event: Service created
07-02 19:26:12.166 3536-3536/com.google.android.music:main D/MusicLifecycle: com.google.android.music.autocache.AutoCacheSchedulingService generated event: Service started with intent Intent { act=com.google.android.music.leanback.APP_IN_USE cmp=com.google.android.music/.autocache.AutoCacheSchedulingService (has extras) }
07-02 19:26:12.166 3536-3536/com.google.android.music:main D/MusicLifecycle: com.google.android.music.wear.WearBroadcastReceiver generated event: Broadcast received with context android.app.ReceiverRestrictedContext@24e9f240 and intent Intent { act=com.google.android.music.START_DOWNLOAD_SCHEDULING flg=0x10 cmp=com.google.android.music/.wear.WearBroadcastReceiver }
07-02 19:26:12.186 3536-3830/com.google.android.music:main E/GmsUtils: Failed to connect to Google API client: ConnectionResult{statusCode=API_UNAVAILABLE, resolution=null, message=null}
07-02 19:26:12.196 3536-3826/com.google.android.music:main I/MusicLeanback: Conditions not met for autocaching. okToAttempt=false
07-02 19:26:12.196 3536-3826/com.google.android.music:main I/MusicLeanback: Stop autocaching.
07-02 19:26:12.416 2095-3107/com.google.android.gms I/Icing: Indexing 682B0F53E9C005DB3E6FC53E9398FC00577E5AF9 from com.google.android.gms
07-02 19:26:12.416 2095-3107/com.google.android.gms I/Icing: Not enough disk space for indexing trimmable
07-02 19:26:12.456 2095-3107/com.google.android.gms D/Icing: Loaded CLD2 Version V2.0 - 20141016
07-02 19:26:12.476 2095-3107/com.google.android.gms I/Icing: Not enough disk space for indexing trimmable
07-02 19:26:12.486 2095-3107/com.google.android.gms I/Icing: Indexing done 682B0F53E9C005DB3E6FC53E9398FC00577E5AF9
07-02 19:26:12.696 355-794/? E/Diag_Lib: Thread state: conn_id=0, state=RX_THREAD_WAIT_READ
07-02 19:26:12.696 355-794/? E/Diag_Lib: Thread state: conn_id=0, state=RX_THREAD_CLIENT_TX
07-02 19:26:12.696 355-794/? E/Diag_Lib: qmuxd: TX message on fd=28, to qmux_client_id=2, len=57
07-02 19:26:12.696 355-794/? E/Diag_Lib: Thread state: conn_id=0, state=RX_THREAD_WAIT_POLL
07-02 19:26:12.696 355-794/? E/Diag_Lib: Thread state: conn_id=0, state=RX_THREAD_WAIT_READ
07-02 19:26:12.696 355-794/? E/Diag_Lib: Thread state: conn_id=0, state=RX_THREAD_CLIENT_TX
07-02 19:26:12.696 355-794/? E/Diag_Lib: qmuxd: TX message on fd=28, to qmux_client_id=2, len=57
07-02 19:26:12.696 355-794/? E/Diag_Lib: Thread state: conn_id=0, state=RX_THREAD_WAIT_POLL
07-02 19:26:12.726 355-805/? E/Diag_Lib: Thread state: conn_id=1, state=RX_THREAD_WAIT_READ
07-02 19:26:12.726 355-805/? E/Diag_Lib: Thread state: conn_id=1, state=RX_THREAD_CLIENT_TX
07-02 19:26:12.726 355-805/? E/Diag_Lib: qmuxd: TX message on fd=28, to qmux_client_id=2, len=121
07-02 19:26:12.726 355-805/? E/Diag_Lib: Thread state: conn_id=1, state=RX_THREAD_WAIT_POLL
07-02 19:26:12.756 355-355/? E/Diag_Lib: Thread state: conn_id=50, state=MAIN_THREAD_CLIENT_RECV
07-02 19:26:12.756 355-355/? E/Diag_Lib: qmuxd: RX 47 bytes on fd=28 from qmux_client_id=2
07-02 19:26:12.756 355-355/? E/Diag_Lib: Thread state: conn_id=50, state=MAIN_THREAD_MODEM_TX
07-02 19:26:12.756 355-355/? E/Diag_Lib: Thread state: conn_id=50, state=MAIN_THREAD_WAIT_SELECT
07-02 19:26:12.756 355-794/? E/Diag_Lib: Thread state: conn_id=0, state=RX_THREAD_WAIT_READ
07-02 19:26:12.756 355-794/? E/Diag_Lib: Thread state: conn_id=0, state=RX_THREAD_CLIENT_TX
07-02 19:26:12.756 355-794/? E/Diag_Lib: qmuxd: TX message on fd=28, to qmux_client_id=2, len=217
07-02 19:26:12.756 355-794/? E/Diag_Lib: Thread state: conn_id=0, state=RX_THREAD_WAIT_POLL
07-02 19:26:12.756 355-355/? E/Diag_Lib: Thread state: conn_id=50, state=MAIN_THREAD_CLIENT_RECV
07-02 19:26:12.756 355-355/? E/Diag_Lib: qmuxd: RX 58 bytes on fd=28 from qmux_client_id=2
07-02 19:26:12.756 355-355/? E/Diag_Lib: Thread state: conn_id=50, state=MAIN_THREAD_MODEM_TX
07-02 19:26:12.756 355-355/? E/Diag_Lib: Thread state: conn_id=50, state=MAIN_THREAD_WAIT_SELECT
07-02 19:26:12.756 355-794/? E/Diag_Lib: Thread state: conn_id=0, state=RX_THREAD_WAIT_READ
07-02 19:26:12.756 355-794/? E/Diag_Lib: Thread state: conn_id=0, state=RX_THREAD_CLIENT_TX
07-02 19:26:12.756 355-794/? E/Diag_Lib: qmuxd: TX message on fd=28, to qmux_client_id=2, len=64
07-02 19:26:12.756 355-794/? E/Diag_Lib: Thread state: conn_id=0, state=RX_THREAD_WAIT_POLL
07-02 19:26:12.766 1711-3837/com.google.android.gms.persistent W/System.err: java.net.UnknownHostException: Unable to resolve host "www.google.com": No address associated with hostname
07-02 19:26:12.766 1711-3837/com.google.android.gms.persistent W/System.err:     at java.net.InetAddress.lookupHostByName(InetAddress.java:457)
07-02 19:26:12.766 1711-3837/com.google.android.gms.persistent W/System.err:     at java.net.InetAddress.getAllByNameImpl(InetAddress.java:252)
07-02 19:26:12.766 1711-3837/com.google.android.gms.persistent W/System.err:     at java.net.InetAddress.getAllByName(InetAddress.java:215)
07-02 19:26:12.766 1711-3837/com.google.android.gms.persistent W/System.err:     at com.android.okhttp.HostResolver$1.getAllByName(HostResolver.java:29)
07-02 19:26:12.766 1711-3837/com.google.android.gms.persistent W/System.err:     at com.android.okhttp.internal.http.RouteSelector.resetNextInetSocketAddress(RouteSelector.java:232)
07-02 19:26:12.766 1711-3837/com.google.android.gms.persistent W/System.err:     at com.android.okhttp.internal.http.RouteSelector.next(RouteSelector.java:124)
07-02 19:26:12.766 1711-3837/com.google.android.gms.persistent W/System.err:     at com.android.okhttp.internal.http.HttpEngine.connect(HttpEngine.java:272)
07-02 19:26:12.766 1711-3837/com.google.android.gms.persistent W/System.err:     at com.android.okhttp.internal.http.HttpEngine.sendRequest(HttpEngine.java:211)
07-02 19:26:12.766 1711-3837/com.google.android.gms.persistent W/System.err:     at com.android.okhttp.internal.http.HttpURLConnectionImpl.execute(HttpURLConnectionImpl.java:373)
07-02 19:26:12.766 1711-3837/com.google.android.gms.persistent W/System.err:     at com.android.okhttp.internal.http.HttpURLConnectionImpl.connect(HttpURLConnectionImpl.java:106)
07-02 19:26:12.766 1711-3837/com.google.android.gms.persistent W/System.err:     at com.android.okhttp.internal.http.HttpURLConnectionImpl.getOutputStream(HttpURLConnectionImpl.java:208)
07-02 19:26:12.766 1711-3837/com.google.android.gms.persistent W/System.err:     at com.android.okhttp.internal.http.DelegatingHttpsURLConnection.getOutputStream(DelegatingHttpsURLConnection.java:218)
07-02 19:26:12.766 1711-3837/com.google.android.gms.persistent W/System.err:     at com.android.okhttp.internal.http.HttpsURLConnectionImpl.getOutputStream(HttpsURLConnectionImpl.java:25)
07-02 19:26:12.766 1711-3837/com.google.android.gms.persistent W/System.err:     at ajgv.a(:com.google.android.gms:89)
07-02 19:26:12.766 1711-3837/com.google.android.gms.persistent W/System.err:     at alaw.run(:com.google.android.gms:289)
07-02 19:26:12.766 1711-3837/com.google.android.gms.persistent W/System.err:     at java.util.concurrent.ThreadPoolExecutor.runWorker(ThreadPoolExecutor.java:1112)
07-02 19:26:12.766 1711-3837/com.google.android.gms.persistent W/System.err:     at java.util.concurrent.ThreadPoolExecutor$Worker.run(ThreadPoolExecutor.java:587)
07-02 19:26:12.766 1711-3837/com.google.android.gms.persistent W/System.err:     at java.lang.Thread.run(Thread.java:818)
07-02 19:26:12.766 1711-3837/com.google.android.gms.persistent W/System.err: Caused by: android.system.GaiException: android_getaddrinfo failed: EAI_NODATA (No address associated with hostname)
07-02 19:26:12.776 1711-3837/com.google.android.gms.persistent W/System.err:     at libcore.io.Posix.android_getaddrinfo(Native Method)
07-02 19:26:12.776 1711-3837/com.google.android.gms.persistent W/System.err:     at libcore.io.ForwardingOs.android_getaddrinfo(ForwardingOs.java:55)
07-02 19:26:12.776 1711-3837/com.google.android.gms.persistent W/System.err:     at java.net.InetAddress.lookupHostByName(InetAddress.java:438)
07-02 19:26:12.776 1711-3837/com.google.android.gms.persistent W/System.err: 	... 17 more
07-02 19:26:12.786 3462-3462/com.android.cellbroadcastreceiver D/CellBroadcastReceiver: onReceive Intent { act=android.intent.action.SERVICE_STATE flg=0x10 cmp=com.android.cellbroadcastreceiver/.CellBroadcastReceiver (has extras) }
07-02 19:26:12.786 3462-3462/com.android.cellbroadcastreceiver D/CellBroadcastReceiver: Intent ACTION_SERVICE_STATE_CHANGED
07-02 19:26:12.786 3462-3462/com.android.cellbroadcastreceiver D/CellBroadcastReceiver: Service state changed! 0 Full: 0 0 home Sprint  31000  1xRTT eHRPD CSS not supported 251 4124 RoamInd=1 DefRoamInd=1 EmergOnly=false Current state=-1
07-02 19:26:12.796 2095-3836/com.google.android.gms D/DropBoxEntryAddedChimeraService: User is not opted-in to Usage & Diagnostics or Lockbox.
07-02 19:26:12.806 3462-3848/com.android.cellbroadcastreceiver D/CellBroadcastConfigService: enabling emergency cell broadcast channels
07-02 19:26:12.806 1296-1323/com.android.phone D/IccSmsInterfaceManager: [IccSmsInterfaceManager] enableCdmaBroadcastRange
07-02 19:26:12.806 1296-1323/com.android.phone D/IccSmsInterfaceManager: [IccSmsInterfaceManager] Added cdma broadcast subscription for MID range 4097 to 4097 from client com.android.cellbroadcastreceiver
07-02 19:26:12.806 1296-1323/com.android.phone D/IccSmsInterfaceManager: [IccSmsInterfaceManager] Calling setCdmaBroadcastActivation(true)
07-02 19:26:12.806 355-355/? E/Diag_Lib: Thread state: conn_id=50, state=MAIN_THREAD_CLIENT_RECV
07-02 19:26:12.806 355-355/? E/Diag_Lib: qmuxd: RX 52 bytes on fd=28 from qmux_client_id=2
07-02 19:26:12.806 355-355/? E/Diag_Lib: Thread state: conn_id=50, state=MAIN_THREAD_MODEM_TX
07-02 19:26:12.806 355-355/? E/Diag_Lib: Thread state: conn_id=50, state=MAIN_THREAD_WAIT_SELECT
07-02 19:26:12.806 355-794/? E/Diag_Lib: Thread state: conn_id=0, state=RX_THREAD_WAIT_READ
07-02 19:26:12.806 355-794/? E/Diag_Lib: Thread state: conn_id=0, state=RX_THREAD_CLIENT_TX
07-02 19:26:12.806 355-794/? E/Diag_Lib: qmuxd: TX message on fd=28, to qmux_client_id=2, len=54
07-02 19:26:12.806 355-794/? E/Diag_Lib: Thread state: conn_id=0, state=RX_THREAD_WAIT_POLL
07-02 19:26:12.826 996-996/com.android.systemui D/KeyguardUpdateMonitor: ACTION_SERVICE_STATE_CHANGED on sub: 2 mServiceState: 0 0 home Sprint  31000  1xRTT eHRPD CSS not supported 251 4124 RoamInd=1 DefRoamInd=1 EmergOnly=false
07-02 19:26:12.836 1296-1328/com.android.phone D/IccSmsInterfaceManager: [IccSmsInterfaceManager] enableCdmaBroadcastRange
07-02 19:26:12.836 1296-1328/com.android.phone D/IccSmsInterfaceManager: [IccSmsInterfaceManager] Added cdma broadcast subscription for MID range 4098 to 4098 from client com.android.cellbroadcastreceiver
07-02 19:26:12.836 1296-1328/com.android.phone D/IccSmsInterfaceManager: [IccSmsInterfaceManager] Calling setCdmaBroadcastActivation(true)
07-02 19:26:12.836 355-355/? E/Diag_Lib: Thread state: conn_id=50, state=MAIN_THREAD_CLIENT_RECV
07-02 19:26:12.836 355-355/? E/Diag_Lib: qmuxd: RX 52 bytes on fd=28 from qmux_client_id=2
07-02 19:26:12.836 355-355/? E/Diag_Lib: Thread state: conn_id=50, state=MAIN_THREAD_MODEM_TX
07-02 19:26:12.836 355-355/? E/Diag_Lib: Thread state: conn_id=50, state=MAIN_THREAD_WAIT_SELECT
07-02 19:26:12.836 355-794/? E/Diag_Lib: Thread state: conn_id=0, state=RX_THREAD_WAIT_READ
07-02 19:26:12.836 355-794/? E/Diag_Lib: Thread state: conn_id=0, state=RX_THREAD_CLIENT_TX
07-02 19:26:12.836 355-794/? E/Diag_Lib: qmuxd: TX message on fd=28, to qmux_client_id=2, len=54
07-02 19:26:12.836 355-794/? E/Diag_Lib: Thread state: conn_id=0, state=RX_THREAD_WAIT_POLL
07-02 19:26:12.846 355-355/? E/Diag_Lib: Thread state: conn_id=50, state=MAIN_THREAD_CLIENT_RECV
07-02 19:26:12.846 355-355/? E/Diag_Lib: qmuxd: RX 47 bytes on fd=28 from qmux_client_id=2
07-02 19:26:12.846 355-355/? E/Diag_Lib: Thread state: conn_id=50, state=MAIN_THREAD_MODEM_TX
07-02 19:26:12.846 355-355/? E/Diag_Lib: Thread state: conn_id=50, state=MAIN_THREAD_WAIT_SELECT
07-02 19:26:12.846 355-794/? E/Diag_Lib: Thread state: conn_id=0, state=RX_THREAD_WAIT_READ
07-02 19:26:12.846 355-794/? E/Diag_Lib: Thread state: conn_id=0, state=RX_THREAD_CLIENT_TX
07-02 19:26:12.846 355-794/? E/Diag_Lib: qmuxd: TX message on fd=28, to qmux_client_id=2, len=73
07-02 19:26:12.846 355-794/? E/Diag_Lib: Thread state: conn_id=0, state=RX_THREAD_WAIT_POLL
07-02 19:26:12.846 1296-3622/com.android.phone D/IccSmsInterfaceManager: [IccSmsInterfaceManager] enableCdmaBroadcastRange
07-02 19:26:12.846 1296-3622/com.android.phone D/IccSmsInterfaceManager: [IccSmsInterfaceManager] Added cdma broadcast subscription for MID range 4099 to 4099 from client com.android.cellbroadcastreceiver
07-02 19:26:12.846 1296-3622/com.android.phone D/IccSmsInterfaceManager: [IccSmsInterfaceManager] Calling setCdmaBroadcastActivation(true)
07-02 19:26:12.846 355-355/? E/Diag_Lib: Thread state: conn_id=50, state=MAIN_THREAD_CLIENT_RECV
07-02 19:26:12.846 355-355/? E/Diag_Lib: qmuxd: RX 52 bytes on fd=28 from qmux_client_id=2
07-02 19:26:12.846 355-355/? E/Diag_Lib: Thread state: conn_id=50, state=MAIN_THREAD_MODEM_TX
07-02 19:26:12.846 355-355/? E/Diag_Lib: Thread state: conn_id=50, state=MAIN_THREAD_WAIT_SELECT
07-02 19:26:12.846 355-794/? E/Diag_Lib: Thread state: conn_id=0, state=RX_THREAD_WAIT_READ
07-02 19:26:12.846 355-794/? E/Diag_Lib: Thread state: conn_id=0, state=RX_THREAD_CLIENT_TX
07-02 19:26:12.846 355-794/? E/Diag_Lib: qmuxd: TX message on fd=28, to qmux_client_id=2, len=54
07-02 19:26:12.846 355-794/? E/Diag_Lib: Thread state: conn_id=0, state=RX_THREAD_WAIT_POLL
07-02 19:26:12.846 1296-1323/com.android.phone D/IccSmsInterfaceManager: [IccSmsInterfaceManager] enableCdmaBroadcastRange
07-02 19:26:12.846 1296-1323/com.android.phone D/IccSmsInterfaceManager: [IccSmsInterfaceManager] Added cdma broadcast subscription for MID range 4096 to 4096 from client com.android.cellbroadcastreceiver
07-02 19:26:12.846 1296-1323/com.android.phone D/IccSmsInterfaceManager: [IccSmsInterfaceManager] Calling setCdmaBroadcastActivation(true)
07-02 19:26:12.856 355-355/? E/Diag_Lib: Thread state: conn_id=50, state=MAIN_THREAD_CLIENT_RECV
07-02 19:26:12.856 355-355/? E/Diag_Lib: qmuxd: RX 52 bytes on fd=28 from qmux_client_id=2
07-02 19:26:12.856 355-355/? E/Diag_Lib: Thread state: conn_id=50, state=MAIN_THREAD_MODEM_TX
07-02 19:26:12.856 355-355/? E/Diag_Lib: Thread state: conn_id=50, state=MAIN_THREAD_WAIT_SELECT
07-02 19:26:12.856 355-794/? E/Diag_Lib: Thread state: conn_id=0, state=RX_THREAD_WAIT_READ
07-02 19:26:12.856 355-794/? E/Diag_Lib: Thread state: conn_id=0, state=RX_THREAD_CLIENT_TX
07-02 19:26:12.856 355-794/? E/Diag_Lib: qmuxd: TX message on fd=28, to qmux_client_id=2, len=54
07-02 19:26:12.856 355-794/? E/Diag_Lib: Thread state: conn_id=0, state=RX_THREAD_WAIT_POLL
07-02 19:26:12.856 3462-3848/com.android.cellbroadcastreceiver D/CellBroadcastConfigService: enabled emergency cell broadcast channels
07-02 19:26:12.856 3462-3848/com.android.cellbroadcastreceiver D/CellBroadcastConfigService: channel 50 is not applicable for cdma
07-02 19:26:12.856 3462-3848/com.android.cellbroadcastreceiver D/CellBroadcastConfigService: disabling channels 919-928
07-02 19:26:12.856 1296-1328/com.android.phone D/IccSmsInterfaceManager: [IccSmsInterfaceManager] disableCdmaBroadcastRange
07-02 19:26:12.856 1296-1328/com.android.phone D/IccSmsInterfaceManager: [IccSmsInterfaceManager] Failed to remove cdma broadcast subscription for MID range 919 to 928 from client com.android.cellbroadcastreceiver
07-02 19:26:12.856 3462-3848/com.android.cellbroadcastreceiver D/CellBroadcastConfigService: disabling cell broadcast CMAS test messages
07-02 19:26:12.856 1296-1417/com.android.phone D/IccSmsInterfaceManager: [IccSmsInterfaceManager] disableCdmaBroadcastRange
07-02 19:26:12.856 1296-1417/com.android.phone D/IccSmsInterfaceManager: [IccSmsInterfaceManager] Failed to remove cdma broadcast subscription for MID range 4100 to 4100 from client com.android.cellbroadcastreceiver
07-02 19:26:12.976 355-794/? E/Diag_Lib: Thread state: conn_id=0, state=RX_THREAD_WAIT_READ
07-02 19:26:12.976 355-794/? E/Diag_Lib: Thread state: conn_id=0, state=RX_THREAD_CLIENT_TX
07-02 19:26:12.976 355-794/? E/Diag_Lib: qmuxd: TX message on fd=28, to qmux_client_id=2, len=210
07-02 19:26:12.976 355-794/? E/Diag_Lib: Thread state: conn_id=0, state=RX_THREAD_WAIT_POLL
07-02 19:26:12.976 355-355/? E/Diag_Lib: Thread state: conn_id=50, state=MAIN_THREAD_CLIENT_RECV
07-02 19:26:12.976 355-355/? E/Diag_Lib: qmuxd: RX 47 bytes on fd=28 from qmux_client_id=2
07-02 19:26:12.976 355-355/? E/Diag_Lib: Thread state: conn_id=50, state=MAIN_THREAD_MODEM_TX
07-02 19:26:12.976 355-355/? E/Diag_Lib: Thread state: conn_id=50, state=MAIN_THREAD_WAIT_SELECT
07-02 19:26:12.976 355-794/? E/Diag_Lib: Thread state: conn_id=0, state=RX_THREAD_WAIT_READ
07-02 19:26:12.976 355-794/? E/Diag_Lib: Thread state: conn_id=0, state=RX_THREAD_CLIENT_TX
07-02 19:26:12.976 355-794/? E/Diag_Lib: qmuxd: TX message on fd=28, to qmux_client_id=2, len=217
07-02 19:26:12.976 355-794/? E/Diag_Lib: Thread state: conn_id=0, state=RX_THREAD_WAIT_POLL
07-02 19:26:12.986 355-355/? E/Diag_Lib: Thread state: conn_id=50, state=MAIN_THREAD_CLIENT_RECV
07-02 19:26:12.986 355-355/? E/Diag_Lib: qmuxd: RX 58 bytes on fd=28 from qmux_client_id=2
07-02 19:26:12.986 355-355/? E/Diag_Lib: Thread state: conn_id=50, state=MAIN_THREAD_MODEM_TX
07-02 19:26:12.986 355-355/? E/Diag_Lib: Thread state: conn_id=50, state=MAIN_THREAD_WAIT_SELECT
07-02 19:26:12.986 355-794/? E/Diag_Lib: Thread state: conn_id=0, state=RX_THREAD_WAIT_READ
07-02 19:26:12.986 355-794/? E/Diag_Lib: Thread state: conn_id=0, state=RX_THREAD_CLIENT_TX
07-02 19:26:12.986 355-794/? E/Diag_Lib: qmuxd: TX message on fd=28, to qmux_client_id=2, len=64
07-02 19:26:12.986 355-794/? E/Diag_Lib: Thread state: conn_id=0, state=RX_THREAD_WAIT_POLL
07-02 19:26:13.006 996-996/com.android.systemui D/KeyguardUpdateMonitor: ACTION_SERVICE_STATE_CHANGED on sub: 2 mServiceState: 0 0 home Sprint  31000  1xRTT eHRPD CSS not supported 251 4124 RoamInd=1 DefRoamInd=1 EmergOnly=false
07-02 19:26:13.006 3462-3462/com.android.cellbroadcastreceiver D/CellBroadcastReceiver: onReceive Intent { act=android.intent.action.SERVICE_STATE flg=0x10 cmp=com.android.cellbroadcastreceiver/.CellBroadcastReceiver (has extras) }
07-02 19:26:13.006 3462-3462/com.android.cellbroadcastreceiver D/CellBroadcastReceiver: Intent ACTION_SERVICE_STATE_CHANGED
07-02 19:26:13.006 3462-3462/com.android.cellbroadcastreceiver D/CellBroadcastReceiver: Service state changed! 0 Full: 0 0 home Sprint  31000  1xRTT eHRPD CSS not supported 251 4124 RoamInd=1 DefRoamInd=1 EmergOnly=false Current state=-1
07-02 19:26:13.016 3462-3858/com.android.cellbroadcastreceiver D/CellBroadcastConfigService: enabling emergency cell broadcast channels
07-02 19:26:13.016 1296-1417/com.android.phone D/IccSmsInterfaceManager: [IccSmsInterfaceManager] enableCdmaBroadcastRange
07-02 19:26:13.016 1296-1417/com.android.phone D/IccSmsInterfaceManager: [IccSmsInterfaceManager] Added cdma broadcast subscription for MID range 4097 to 4097 from client com.android.cellbroadcastreceiver
07-02 19:26:13.016 1296-1417/com.android.phone D/IccSmsInterfaceManager: [IccSmsInterfaceManager] Calling setCdmaBroadcastActivation(true)
07-02 19:26:13.016 355-355/? E/Diag_Lib: Thread state: conn_id=50, state=MAIN_THREAD_CLIENT_RECV
07-02 19:26:13.016 355-355/? E/Diag_Lib: qmuxd: RX 52 bytes on fd=28 from qmux_client_id=2
07-02 19:26:13.016 355-355/? E/Diag_Lib: Thread state: conn_id=50, state=MAIN_THREAD_MODEM_TX
07-02 19:26:13.016 355-355/? E/Diag_Lib: Thread state: conn_id=50, state=MAIN_THREAD_WAIT_SELECT
07-02 19:26:13.016 355-794/? E/Diag_Lib: Thread state: conn_id=0, state=RX_THREAD_WAIT_READ
07-02 19:26:13.016 355-794/? E/Diag_Lib: Thread state: conn_id=0, state=RX_THREAD_CLIENT_TX
07-02 19:26:13.016 355-794/? E/Diag_Lib: qmuxd: TX message on fd=28, to qmux_client_id=2, len=54
07-02 19:26:13.016 355-794/? E/Diag_Lib: Thread state: conn_id=0, state=RX_THREAD_WAIT_POLL
07-02 19:26:13.016 1296-3622/com.android.phone D/IccSmsInterfaceManager: [IccSmsInterfaceManager] enableCdmaBroadcastRange
07-02 19:26:13.016 1296-3622/com.android.phone D/IccSmsInterfaceManager: [IccSmsInterfaceManager] Added cdma broadcast subscription for MID range 4098 to 4098 from client com.android.cellbroadcastreceiver
07-02 19:26:13.016 1296-3622/com.android.phone D/IccSmsInterfaceManager: [IccSmsInterfaceManager] Calling setCdmaBroadcastActivation(true)
07-02 19:26:13.026 355-355/? E/Diag_Lib: Thread state: conn_id=50, state=MAIN_THREAD_CLIENT_RECV
07-02 19:26:13.026 355-355/? E/Diag_Lib: qmuxd: RX 52 bytes on fd=28 from qmux_client_id=2
07-02 19:26:13.026 355-355/? E/Diag_Lib: Thread state: conn_id=50, state=MAIN_THREAD_MODEM_TX
07-02 19:26:13.026 355-355/? E/Diag_Lib: Thread state: conn_id=50, state=MAIN_THREAD_WAIT_SELECT
07-02 19:26:13.026 355-794/? E/Diag_Lib: Thread state: conn_id=0, state=RX_THREAD_WAIT_READ
07-02 19:26:13.026 355-794/? E/Diag_Lib: Thread state: conn_id=0, state=RX_THREAD_CLIENT_TX
07-02 19:26:13.026 355-794/? E/Diag_Lib: qmuxd: TX message on fd=28, to qmux_client_id=2, len=54
07-02 19:26:13.026 355-794/? E/Diag_Lib: Thread state: conn_id=0, state=RX_THREAD_WAIT_POLL
07-02 19:26:13.026 1296-1328/com.android.phone D/IccSmsInterfaceManager: [IccSmsInterfaceManager] enableCdmaBroadcastRange
07-02 19:26:13.026 1296-1328/com.android.phone D/IccSmsInterfaceManager: [IccSmsInterfaceManager] Added cdma broadcast subscription for MID range 4099 to 4099 from client com.android.cellbroadcastreceiver
07-02 19:26:13.026 1296-1328/com.android.phone D/IccSmsInterfaceManager: [IccSmsInterfaceManager] Calling setCdmaBroadcastActivation(true)
07-02 19:26:13.026 355-355/? E/Diag_Lib: Thread state: conn_id=50, state=MAIN_THREAD_CLIENT_RECV
07-02 19:26:13.026 355-355/? E/Diag_Lib: qmuxd: RX 52 bytes on fd=28 from qmux_client_id=2
07-02 19:26:13.026 355-355/? E/Diag_Lib: Thread state: conn_id=50, state=MAIN_THREAD_MODEM_TX
07-02 19:26:13.026 355-355/? E/Diag_Lib: Thread state: conn_id=50, state=MAIN_THREAD_WAIT_SELECT
07-02 19:26:13.026 355-794/? E/Diag_Lib: Thread state: conn_id=0, state=RX_THREAD_WAIT_READ
07-02 19:26:13.026 355-794/? E/Diag_Lib: Thread state: conn_id=0, state=RX_THREAD_CLIENT_TX
07-02 19:26:13.026 355-794/? E/Diag_Lib: qmuxd: TX message on fd=28, to qmux_client_id=2, len=54
07-02 19:26:13.026 355-794/? E/Diag_Lib: Thread state: conn_id=0, state=RX_THREAD_WAIT_POLL
07-02 19:26:13.026 1296-1323/com.android.phone D/IccSmsInterfaceManager: [IccSmsInterfaceManager] enableCdmaBroadcastRange
07-02 19:26:13.026 1296-1323/com.android.phone D/IccSmsInterfaceManager: [IccSmsInterfaceManager] Added cdma broadcast subscription for MID range 4096 to 4096 from client com.android.cellbroadcastreceiver
07-02 19:26:13.026 1296-1323/com.android.phone D/IccSmsInterfaceManager: [IccSmsInterfaceManager] Calling setCdmaBroadcastActivation(true)
07-02 19:26:13.026 355-355/? E/Diag_Lib: Thread state: conn_id=50, state=MAIN_THREAD_CLIENT_RECV
07-02 19:26:13.026 355-355/? E/Diag_Lib: qmuxd: RX 52 bytes on fd=28 from qmux_client_id=2
07-02 19:26:13.026 355-355/? E/Diag_Lib: Thread state: conn_id=50, state=MAIN_THREAD_MODEM_TX
07-02 19:26:13.026 355-355/? E/Diag_Lib: Thread state: conn_id=50, state=MAIN_THREAD_WAIT_SELECT
07-02 19:26:13.026 355-794/? E/Diag_Lib: Thread state: conn_id=0, state=RX_THREAD_WAIT_READ
07-02 19:26:13.026 355-794/? E/Diag_Lib: Thread state: conn_id=0, state=RX_THREAD_CLIENT_TX
07-02 19:26:13.026 355-794/? E/Diag_Lib: qmuxd: TX message on fd=28, to qmux_client_id=2, len=54
07-02 19:26:13.026 355-794/? E/Diag_Lib: Thread state: conn_id=0, state=RX_THREAD_WAIT_POLL
07-02 19:26:13.026 3462-3858/com.android.cellbroadcastreceiver D/CellBroadcastConfigService: enabled emergency cell broadcast channels
07-02 19:26:13.026 3462-3858/com.android.cellbroadcastreceiver D/CellBroadcastConfigService: channel 50 is not applicable for cdma
07-02 19:26:13.036 3462-3858/com.android.cellbroadcastreceiver D/CellBroadcastConfigService: disabling channels 919-928
07-02 19:26:13.036 1296-1417/com.android.phone D/IccSmsInterfaceManager: [IccSmsInterfaceManager] disableCdmaBroadcastRange
07-02 19:26:13.036 1296-1417/com.android.phone D/IccSmsInterfaceManager: [IccSmsInterfaceManager] Failed to remove cdma broadcast subscription for MID range 919 to 928 from client com.android.cellbroadcastreceiver
07-02 19:26:13.036 3462-3858/com.android.cellbroadcastreceiver D/CellBroadcastConfigService: disabling cell broadcast CMAS test messages
07-02 19:26:13.036 1296-3622/com.android.phone D/IccSmsInterfaceManager: [IccSmsInterfaceManager] disableCdmaBroadcastRange
07-02 19:26:13.036 1296-3622/com.android.phone D/IccSmsInterfaceManager: [IccSmsInterfaceManager] Failed to remove cdma broadcast subscription for MID range 4100 to 4100 from client com.android.cellbroadcastreceiver
07-02 19:26:13.456 355-794/? E/Diag_Lib: Thread state: conn_id=0, state=RX_THREAD_WAIT_READ
07-02 19:26:13.456 355-794/? E/Diag_Lib: Thread state: conn_id=0, state=RX_THREAD_CLIENT_TX
07-02 19:26:13.456 355-794/? E/Diag_Lib: qmuxd: TX message on fd=28, to qmux_client_id=2, len=64
07-02 19:26:13.456 355-794/? E/Diag_Lib: Thread state: conn_id=0, state=RX_THREAD_WAIT_POLL
07-02 19:26:13.456 355-794/? E/Diag_Lib: Thread state: conn_id=0, state=RX_THREAD_WAIT_READ
07-02 19:26:13.456 355-794/? E/Diag_Lib: Thread state: conn_id=0, state=RX_THREAD_CLIENT_TX
07-02 19:26:13.456 355-794/? E/Diag_Lib: qmuxd: TX message on fd=28, to qmux_client_id=2, len=210
07-02 19:26:13.456 355-794/? E/Diag_Lib: Thread state: conn_id=0, state=RX_THREAD_WAIT_POLL
07-02 19:26:13.506 355-355/? E/Diag_Lib: Thread state: conn_id=50, state=MAIN_THREAD_CLIENT_RECV
07-02 19:26:13.506 355-355/? E/Diag_Lib: qmuxd: RX 47 bytes on fd=28 from qmux_client_id=2
07-02 19:26:13.506 355-355/? E/Diag_Lib: Thread state: conn_id=50, state=MAIN_THREAD_MODEM_TX
07-02 19:26:13.506 355-355/? E/Diag_Lib: Thread state: conn_id=50, state=MAIN_THREAD_WAIT_SELECT
07-02 19:26:13.506 355-794/? E/Diag_Lib: Thread state: conn_id=0, state=RX_THREAD_WAIT_READ
07-02 19:26:13.506 355-794/? E/Diag_Lib: Thread state: conn_id=0, state=RX_THREAD_CLIENT_TX
07-02 19:26:13.506 355-794/? E/Diag_Lib: qmuxd: TX message on fd=28, to qmux_client_id=2, len=217
07-02 19:26:13.506 355-794/? E/Diag_Lib: Thread state: conn_id=0, state=RX_THREAD_WAIT_POLL
07-02 19:26:13.506 355-355/? E/Diag_Lib: Thread state: conn_id=50, state=MAIN_THREAD_CLIENT_RECV
07-02 19:26:13.506 355-355/? E/Diag_Lib: qmuxd: RX 58 bytes on fd=28 from qmux_client_id=2
07-02 19:26:13.506 355-355/? E/Diag_Lib: Thread state: conn_id=50, state=MAIN_THREAD_MODEM_TX
07-02 19:26:13.506 355-355/? E/Diag_Lib: Thread state: conn_id=50, state=MAIN_THREAD_WAIT_SELECT
07-02 19:26:13.516 355-794/? E/Diag_Lib: Thread state: conn_id=0, state=RX_THREAD_WAIT_READ
07-02 19:26:13.516 355-794/? E/Diag_Lib: Thread state: conn_id=0, state=RX_THREAD_CLIENT_TX
07-02 19:26:13.516 355-794/? E/Diag_Lib: qmuxd: TX message on fd=28, to qmux_client_id=2, len=64
07-02 19:26:13.516 355-794/? E/Diag_Lib: Thread state: conn_id=0, state=RX_THREAD_WAIT_POLL
07-02 19:26:13.536 996-996/com.android.systemui D/KeyguardUpdateMonitor: ACTION_SERVICE_STATE_CHANGED on sub: 2 mServiceState: 0 0 home Sprint  31000  1xRTT eHRPD CSS not supported 251 4124 RoamInd=1 DefRoamInd=1 EmergOnly=false
07-02 19:26:13.536 3462-3462/com.android.cellbroadcastreceiver D/CellBroadcastReceiver: onReceive Intent { act=android.intent.action.SERVICE_STATE flg=0x10 cmp=com.android.cellbroadcastreceiver/.CellBroadcastReceiver (has extras) }
07-02 19:26:13.536 3462-3462/com.android.cellbroadcastreceiver D/CellBroadcastReceiver: Intent ACTION_SERVICE_STATE_CHANGED
07-02 19:26:13.536 3462-3462/com.android.cellbroadcastreceiver D/CellBroadcastReceiver: Service state changed! 0 Full: 0 0 home Sprint  31000  1xRTT eHRPD CSS not supported 251 4124 RoamInd=1 DefRoamInd=1 EmergOnly=false Current state=-1
07-02 19:26:13.546 3462-3872/com.android.cellbroadcastreceiver D/CellBroadcastConfigService: enabling emergency cell broadcast channels
07-02 19:26:13.556 1296-1328/com.android.phone D/IccSmsInterfaceManager: [IccSmsInterfaceManager] enableCdmaBroadcastRange
07-02 19:26:13.556 1296-1328/com.android.phone D/IccSmsInterfaceManager: [IccSmsInterfaceManager] Added cdma broadcast subscription for MID range 4097 to 4097 from client com.android.cellbroadcastreceiver
07-02 19:26:13.556 1296-1328/com.android.phone D/IccSmsInterfaceManager: [IccSmsInterfaceManager] Calling setCdmaBroadcastActivation(true)
07-02 19:26:13.556 355-355/? E/Diag_Lib: Thread state: conn_id=50, state=MAIN_THREAD_CLIENT_RECV
07-02 19:26:13.556 355-355/? E/Diag_Lib: qmuxd: RX 52 bytes on fd=28 from qmux_client_id=2
07-02 19:26:13.556 355-355/? E/Diag_Lib: Thread state: conn_id=50, state=MAIN_THREAD_MODEM_TX
07-02 19:26:13.556 355-355/? E/Diag_Lib: Thread state: conn_id=50, state=MAIN_THREAD_WAIT_SELECT
07-02 19:26:13.556 355-794/? E/Diag_Lib: Thread state: conn_id=0, state=RX_THREAD_WAIT_READ
07-02 19:26:13.556 355-794/? E/Diag_Lib: Thread state: conn_id=0, state=RX_THREAD_CLIENT_TX
07-02 19:26:13.556 355-794/? E/Diag_Lib: qmuxd: TX message on fd=28, to qmux_client_id=2, len=54
07-02 19:26:13.556 355-794/? E/Diag_Lib: Thread state: conn_id=0, state=RX_THREAD_WAIT_POLL
07-02 19:26:13.556 1296-1323/com.android.phone D/IccSmsInterfaceManager: [IccSmsInterfaceManager] enableCdmaBroadcastRange
07-02 19:26:13.556 1296-1323/com.android.phone D/IccSmsInterfaceManager: [IccSmsInterfaceManager] Added cdma broadcast subscription for MID range 4098 to 4098 from client com.android.cellbroadcastreceiver
07-02 19:26:13.556 1296-1323/com.android.phone D/IccSmsInterfaceManager: [IccSmsInterfaceManager] Calling setCdmaBroadcastActivation(true)
