07-02 19:30:02.986 355-794/? E/Diag_Lib: qmuxd: TX message on fd=28, to qmux_client_id=2, len=81
07-02 19:30:02.986 355-794/? E/Diag_Lib: Thread state: conn_id=0, state=RX_THREAD_WAIT_POLL
07-02 19:30:02.986 355-355/? E/Diag_Lib: Thread state: conn_id=50, state=MAIN_THREAD_CLIENT_RECV
07-02 19:30:02.986 355-355/? E/Diag_Lib: qmuxd: RX 55 bytes on fd=28 from qmux_client_id=2
07-02 19:30:02.986 355-355/? E/Diag_Lib: Thread state: conn_id=50, state=MAIN_THREAD_MODEM_TX
07-02 19:30:02.986 355-355/? E/Diag_Lib: Thread state: conn_id=50, state=MAIN_THREAD_WAIT_SELECT
07-02 19:30:02.986 355-794/? E/Diag_Lib: Thread state: conn_id=0, state=RX_THREAD_WAIT_READ
07-02 19:30:02.986 355-794/? E/Diag_Lib: Thread state: conn_id=0, state=RX_THREAD_CLIENT_TX
07-02 19:30:02.986 355-794/? E/Diag_Lib: qmuxd: TX message on fd=28, to qmux_client_id=2, len=54
07-02 19:30:02.986 355-794/? E/Diag_Lib: Thread state: conn_id=0, state=RX_THREAD_WAIT_POLL
07-02 19:30:03.056 355-794/? E/Diag_Lib: Thread state: conn_id=0, state=RX_THREAD_WAIT_READ
07-02 19:30:03.056 355-794/? E/Diag_Lib: Thread state: conn_id=0, state=RX_THREAD_CLIENT_TX
07-02 19:30:03.056 355-794/? E/Diag_Lib: qmuxd: TX message on fd=28, to qmux_client_id=2, len=81
07-02 19:30:03.056 355-794/? E/Diag_Lib: Thread state: conn_id=0, state=RX_THREAD_WAIT_POLL
07-02 19:30:03.056 355-355/? E/Diag_Lib: Thread state: conn_id=50, state=MAIN_THREAD_CLIENT_RECV
07-02 19:30:03.056 355-355/? E/Diag_Lib: qmuxd: RX 55 bytes on fd=28 from qmux_client_id=2
07-02 19:30:03.056 355-355/? E/Diag_Lib: Thread state: conn_id=50, state=MAIN_THREAD_MODEM_TX
07-02 19:30:03.056 355-355/? E/Diag_Lib: Thread state: conn_id=50, state=MAIN_THREAD_WAIT_SELECT
07-02 19:30:03.056 355-794/? E/Diag_Lib: Thread state: conn_id=0, state=RX_THREAD_WAIT_READ
07-02 19:30:03.056 355-794/? E/Diag_Lib: Thread state: conn_id=0, state=RX_THREAD_CLIENT_TX
07-02 19:30:03.056 355-794/? E/Diag_Lib: qmuxd: TX message on fd=28, to qmux_client_id=2, len=54
07-02 19:30:03.056 355-794/? E/Diag_Lib: Thread state: conn_id=0, state=RX_THREAD_WAIT_POLL
07-02 19:30:03.126 355-794/? E/Diag_Lib: Thread state: conn_id=0, state=RX_THREAD_WAIT_READ
07-02 19:30:03.126 355-794/? E/Diag_Lib: Thread state: conn_id=0, state=RX_THREAD_CLIENT_TX
07-02 19:30:03.126 355-794/? E/Diag_Lib: qmuxd: TX message on fd=28, to qmux_client_id=2, len=81
07-02 19:30:03.126 355-794/? E/Diag_Lib: Thread state: conn_id=0, state=RX_THREAD_WAIT_POLL
07-02 19:30:03.126 355-355/? E/Diag_Lib: Thread state: conn_id=50, state=MAIN_THREAD_CLIENT_RECV
07-02 19:30:03.126 355-355/? E/Diag_Lib: qmuxd: RX 55 bytes on fd=28 from qmux_client_id=2
07-02 19:30:03.126 355-355/? E/Diag_Lib: Thread state: conn_id=50, state=MAIN_THREAD_MODEM_TX
07-02 19:30:03.126 355-355/? E/Diag_Lib: Thread state: conn_id=50, state=MAIN_THREAD_WAIT_SELECT
07-02 19:30:03.126 355-794/? E/Diag_Lib: Thread state: conn_id=0, state=RX_THREAD_WAIT_READ
07-02 19:30:03.126 355-794/? E/Diag_Lib: Thread state: conn_id=0, state=RX_THREAD_CLIENT_TX
07-02 19:30:03.126 355-794/? E/Diag_Lib: qmuxd: TX message on fd=28, to qmux_client_id=2, len=54
07-02 19:30:03.126 355-794/? E/Diag_Lib: Thread state: conn_id=0, state=RX_THREAD_WAIT_POLL
07-02 19:30:03.236 355-794/? E/Diag_Lib: Thread state: conn_id=0, state=RX_THREAD_WAIT_READ
07-02 19:30:03.236 355-794/? E/Diag_Lib: Thread state: conn_id=0, state=RX_THREAD_CLIENT_TX
07-02 19:30:03.236 355-794/? E/Diag_Lib: qmuxd: TX message on fd=28, to qmux_client_id=2, len=64
07-02 19:30:03.236 355-794/? E/Diag_Lib: Thread state: conn_id=0, state=RX_THREAD_WAIT_POLL
07-02 19:30:03.236 355-794/? E/Diag_Lib: Thread state: conn_id=0, state=RX_THREAD_WAIT_READ
07-02 19:30:03.236 355-794/? E/Diag_Lib: Thread state: conn_id=0, state=RX_THREAD_CLIENT_TX
07-02 19:30:03.236 355-794/? E/Diag_Lib: qmuxd: TX message on fd=28, to qmux_client_id=2, len=64
07-02 19:30:03.236 355-794/? E/Diag_Lib: Thread state: conn_id=0, state=RX_THREAD_WAIT_POLL
07-02 19:30:03.636 355-794/? E/Diag_Lib: Thread state: conn_id=0, state=RX_THREAD_WAIT_READ
07-02 19:30:03.636 355-794/? E/Diag_Lib: Thread state: conn_id=0, state=RX_THREAD_CLIENT_TX
07-02 19:30:03.636 355-794/? E/Diag_Lib: qmuxd: TX message on fd=28, to qmux_client_id=2, len=81
07-02 19:30:03.636 355-794/? E/Diag_Lib: Thread state: conn_id=0, state=RX_THREAD_WAIT_POLL
07-02 19:30:03.636 355-355/? E/Diag_Lib: Thread state: conn_id=50, state=MAIN_THREAD_CLIENT_RECV
07-02 19:30:03.636 355-355/? E/Diag_Lib: qmuxd: RX 55 bytes on fd=28 from qmux_client_id=2
07-02 19:30:03.636 355-355/? E/Diag_Lib: Thread state: conn_id=50, state=MAIN_THREAD_MODEM_TX
07-02 19:30:03.636 355-355/? E/Diag_Lib: Thread state: conn_id=50, state=MAIN_THREAD_WAIT_SELECT
07-02 19:30:03.636 355-794/? E/Diag_Lib: Thread state: conn_id=0, state=RX_THREAD_WAIT_READ
07-02 19:30:03.636 355-794/? E/Diag_Lib: Thread state: conn_id=0, state=RX_THREAD_CLIENT_TX
07-02 19:30:03.636 355-794/? E/Diag_Lib: qmuxd: TX message on fd=28, to qmux_client_id=2, len=54
07-02 19:30:03.636 355-794/? E/Diag_Lib: Thread state: conn_id=0, state=RX_THREAD_WAIT_POLL
07-02 19:30:03.746 355-794/? E/Diag_Lib: Thread state: conn_id=0, state=RX_THREAD_WAIT_READ
07-02 19:30:03.746 355-794/? E/Diag_Lib: Thread state: conn_id=0, state=RX_THREAD_CLIENT_TX
07-02 19:30:03.746 355-794/? E/Diag_Lib: qmuxd: TX message on fd=28, to qmux_client_id=2, len=57
07-02 19:30:03.746 355-794/? E/Diag_Lib: Thread state: conn_id=0, state=RX_THREAD_WAIT_POLL
07-02 19:30:04.026 355-794/? E/Diag_Lib: Thread state: conn_id=0, state=RX_THREAD_WAIT_READ
07-02 19:30:04.026 355-794/? E/Diag_Lib: Thread state: conn_id=0, state=RX_THREAD_CLIENT_TX
07-02 19:30:04.026 355-794/? E/Diag_Lib: qmuxd: TX message on fd=28, to qmux_client_id=2, len=323
07-02 19:30:04.026 355-794/? E/Diag_Lib: Thread state: conn_id=0, state=RX_THREAD_WAIT_POLL
07-02 19:30:04.026 355-355/? E/Diag_Lib: Thread state: conn_id=50, state=MAIN_THREAD_CLIENT_RECV
07-02 19:30:04.026 355-355/? E/Diag_Lib: qmuxd: RX 55 bytes on fd=28 from qmux_client_id=2
07-02 19:30:04.026 355-355/? E/Diag_Lib: Thread state: conn_id=50, state=MAIN_THREAD_MODEM_TX
07-02 19:30:04.026 355-355/? E/Diag_Lib: Thread state: conn_id=50, state=MAIN_THREAD_WAIT_SELECT
07-02 19:30:04.026 355-794/? E/Diag_Lib: Thread state: conn_id=0, state=RX_THREAD_WAIT_READ
07-02 19:30:04.026 355-794/? E/Diag_Lib: Thread state: conn_id=0, state=RX_THREAD_CLIENT_TX
07-02 19:30:04.026 355-794/? E/Diag_Lib: qmuxd: TX message on fd=28, to qmux_client_id=2, len=54
07-02 19:30:04.026 355-794/? E/Diag_Lib: Thread state: conn_id=0, state=RX_THREAD_WAIT_POLL
07-02 19:30:04.056 355-794/? E/Diag_Lib: Thread state: conn_id=0, state=RX_THREAD_WAIT_READ
07-02 19:30:04.056 355-794/? E/Diag_Lib: Thread state: conn_id=0, state=RX_THREAD_CLIENT_TX
07-02 19:30:04.056 355-794/? E/Diag_Lib: qmuxd: TX message on fd=28, to qmux_client_id=2, len=323
07-02 19:30:04.056 355-794/? E/Diag_Lib: Thread state: conn_id=0, state=RX_THREAD_WAIT_POLL
07-02 19:30:04.056 355-355/? E/Diag_Lib: Thread state: conn_id=50, state=MAIN_THREAD_CLIENT_RECV
07-02 19:30:04.056 355-355/? E/Diag_Lib: qmuxd: RX 55 bytes on fd=28 from qmux_client_id=2
07-02 19:30:04.056 355-355/? E/Diag_Lib: Thread state: conn_id=50, state=MAIN_THREAD_MODEM_TX
07-02 19:30:04.056 355-355/? E/Diag_Lib: Thread state: conn_id=50, state=MAIN_THREAD_WAIT_SELECT
07-02 19:30:04.056 355-794/? E/Diag_Lib: Thread state: conn_id=0, state=RX_THREAD_WAIT_READ
07-02 19:30:04.056 355-794/? E/Diag_Lib: Thread state: conn_id=0, state=RX_THREAD_CLIENT_TX
07-02 19:30:04.056 355-794/? E/Diag_Lib: qmuxd: TX message on fd=28, to qmux_client_id=2, len=54
07-02 19:30:04.056 355-794/? E/Diag_Lib: Thread state: conn_id=0, state=RX_THREAD_WAIT_POLL
07-02 19:30:04.086 355-794/? E/Diag_Lib: Thread state: conn_id=0, state=RX_THREAD_WAIT_READ
07-02 19:30:04.086 355-794/? E/Diag_Lib: Thread state: conn_id=0, state=RX_THREAD_CLIENT_TX
07-02 19:30:04.086 355-794/? E/Diag_Lib: qmuxd: TX message on fd=28, to qmux_client_id=2, len=213
07-02 19:30:04.086 355-794/? E/Diag_Lib: Thread state: conn_id=0, state=RX_THREAD_WAIT_POLL
07-02 19:30:04.086 355-355/? E/Diag_Lib: Thread state: conn_id=50, state=MAIN_THREAD_CLIENT_RECV
07-02 19:30:04.086 355-355/? E/Diag_Lib: qmuxd: RX 55 bytes on fd=28 from qmux_client_id=2
07-02 19:30:04.086 355-355/? E/Diag_Lib: Thread state: conn_id=50, state=MAIN_THREAD_MODEM_TX
07-02 19:30:04.086 355-355/? E/Diag_Lib: Thread state: conn_id=50, state=MAIN_THREAD_WAIT_SELECT
07-02 19:30:04.086 355-794/? E/Diag_Lib: Thread state: conn_id=0, state=RX_THREAD_WAIT_READ
07-02 19:30:04.086 355-794/? E/Diag_Lib: Thread state: conn_id=0, state=RX_THREAD_CLIENT_TX
07-02 19:30:04.086 355-794/? E/Diag_Lib: qmuxd: TX message on fd=28, to qmux_client_id=2, len=54
07-02 19:30:04.086 355-794/? E/Diag_Lib: Thread state: conn_id=0, state=RX_THREAD_WAIT_POLL
07-02 19:30:04.156 355-794/? E/Diag_Lib: Thread state: conn_id=0, state=RX_THREAD_WAIT_READ
07-02 19:30:04.156 355-794/? E/Diag_Lib: Thread state: conn_id=0, state=RX_THREAD_CLIENT_TX
07-02 19:30:04.156 355-794/? E/Diag_Lib: qmuxd: TX message on fd=28, to qmux_client_id=2, len=133
07-02 19:30:04.156 355-794/? E/Diag_Lib: Thread state: conn_id=0, state=RX_THREAD_WAIT_POLL
07-02 19:30:04.156 355-355/? E/Diag_Lib: Thread state: conn_id=50, state=MAIN_THREAD_CLIENT_RECV
07-02 19:30:04.156 355-355/? E/Diag_Lib: qmuxd: RX 55 bytes on fd=28 from qmux_client_id=2
07-02 19:30:04.156 355-355/? E/Diag_Lib: Thread state: conn_id=50, state=MAIN_THREAD_MODEM_TX
07-02 19:30:04.156 355-355/? E/Diag_Lib: Thread state: conn_id=50, state=MAIN_THREAD_WAIT_SELECT
07-02 19:30:04.156 355-794/? E/Diag_Lib: Thread state: conn_id=0, state=RX_THREAD_WAIT_READ
07-02 19:30:04.156 355-794/? E/Diag_Lib: Thread state: conn_id=0, state=RX_THREAD_CLIENT_TX
07-02 19:30:04.156 355-794/? E/Diag_Lib: qmuxd: TX message on fd=28, to qmux_client_id=2, len=54
07-02 19:30:04.156 355-794/? E/Diag_Lib: Thread state: conn_id=0, state=RX_THREAD_WAIT_POLL
07-02 19:30:04.266 355-794/? E/Diag_Lib: Thread state: conn_id=0, state=RX_THREAD_WAIT_READ
07-02 19:30:04.266 355-794/? E/Diag_Lib: Thread state: conn_id=0, state=RX_THREAD_CLIENT_TX
07-02 19:30:04.266 355-794/? E/Diag_Lib: qmuxd: TX message on fd=28, to qmux_client_id=2, len=117
07-02 19:30:04.266 355-794/? E/Diag_Lib: Thread state: conn_id=0, state=RX_THREAD_WAIT_POLL
07-02 19:30:04.266 355-355/? E/Diag_Lib: Thread state: conn_id=50, state=MAIN_THREAD_CLIENT_RECV
07-02 19:30:04.266 355-355/? E/Diag_Lib: qmuxd: RX 55 bytes on fd=28 from qmux_client_id=2
07-02 19:30:04.266 355-355/? E/Diag_Lib: Thread state: conn_id=50, state=MAIN_THREAD_MODEM_TX
07-02 19:30:04.266 355-355/? E/Diag_Lib: Thread state: conn_id=50, state=MAIN_THREAD_WAIT_SELECT
07-02 19:30:04.266 355-794/? E/Diag_Lib: Thread state: conn_id=0, state=RX_THREAD_WAIT_READ
07-02 19:30:04.266 355-794/? E/Diag_Lib: Thread state: conn_id=0, state=RX_THREAD_CLIENT_TX
07-02 19:30:04.266 355-794/? E/Diag_Lib: qmuxd: TX message on fd=28, to qmux_client_id=2, len=54
07-02 19:30:04.266 355-794/? E/Diag_Lib: Thread state: conn_id=0, state=RX_THREAD_WAIT_POLL
07-02 19:30:04.276 355-794/? E/Diag_Lib: Thread state: conn_id=0, state=RX_THREAD_WAIT_READ
07-02 19:30:04.276 355-794/? E/Diag_Lib: Thread state: conn_id=0, state=RX_THREAD_CLIENT_TX
07-02 19:30:04.276 355-794/? E/Diag_Lib: qmuxd: TX message on fd=28, to qmux_client_id=2, len=55
07-02 19:30:04.276 355-794/? E/Diag_Lib: Thread state: conn_id=0, state=RX_THREAD_WAIT_POLL
07-02 19:30:04.826 355-794/? E/Diag_Lib: Thread state: conn_id=0, state=RX_THREAD_WAIT_READ
07-02 19:30:04.826 355-794/? E/Diag_Lib: Thread state: conn_id=0, state=RX_THREAD_CLIENT_TX
07-02 19:30:04.826 355-794/? E/Diag_Lib: qmuxd: TX message on fd=28, to qmux_client_id=2, len=81
07-02 19:30:04.826 355-794/? E/Diag_Lib: Thread state: conn_id=0, state=RX_THREAD_WAIT_POLL
07-02 19:30:04.826 355-355/? E/Diag_Lib: Thread state: conn_id=50, state=MAIN_THREAD_CLIENT_RECV
07-02 19:30:04.826 355-355/? E/Diag_Lib: qmuxd: RX 55 bytes on fd=28 from qmux_client_id=2
07-02 19:30:04.826 355-355/? E/Diag_Lib: Thread state: conn_id=50, state=MAIN_THREAD_MODEM_TX
07-02 19:30:04.826 355-355/? E/Diag_Lib: Thread state: conn_id=50, state=MAIN_THREAD_WAIT_SELECT
07-02 19:30:04.826 355-794/? E/Diag_Lib: Thread state: conn_id=0, state=RX_THREAD_WAIT_READ
07-02 19:30:04.826 355-794/? E/Diag_Lib: Thread state: conn_id=0, state=RX_THREAD_CLIENT_TX
07-02 19:30:04.826 355-794/? E/Diag_Lib: qmuxd: TX message on fd=28, to qmux_client_id=2, len=54
07-02 19:30:04.826 355-794/? E/Diag_Lib: Thread state: conn_id=0, state=RX_THREAD_WAIT_POLL
07-02 19:30:05.066 355-794/? E/Diag_Lib: Thread state: conn_id=0, state=RX_THREAD_WAIT_READ
07-02 19:30:05.066 355-794/? E/Diag_Lib: Thread state: conn_id=0, state=RX_THREAD_CLIENT_TX
07-02 19:30:05.066 355-794/? E/Diag_Lib: qmuxd: TX message on fd=28, to qmux_client_id=2, len=112
07-02 19:30:05.066 355-794/? E/Diag_Lib: Thread state: conn_id=0, state=RX_THREAD_WAIT_POLL
07-02 19:30:05.066 355-355/? E/Diag_Lib: Thread state: conn_id=50, state=MAIN_THREAD_CLIENT_RECV
07-02 19:30:05.066 355-355/? E/Diag_Lib: qmuxd: RX 55 bytes on fd=28 from qmux_client_id=2
07-02 19:30:05.066 355-355/? E/Diag_Lib: Thread state: conn_id=50, state=MAIN_THREAD_MODEM_TX
07-02 19:30:05.066 355-355/? E/Diag_Lib: Thread state: conn_id=50, state=MAIN_THREAD_WAIT_SELECT
07-02 19:30:05.066 355-794/? E/Diag_Lib: Thread state: conn_id=0, state=RX_THREAD_WAIT_READ
07-02 19:30:05.066 355-794/? E/Diag_Lib: Thread state: conn_id=0, state=RX_THREAD_CLIENT_TX
07-02 19:30:05.066 355-794/? E/Diag_Lib: qmuxd: TX message on fd=28, to qmux_client_id=2, len=54
07-02 19:30:05.066 355-794/? E/Diag_Lib: Thread state: conn_id=0, state=RX_THREAD_WAIT_POLL
07-02 19:30:05.226 355-794/? E/Diag_Lib: Thread state: conn_id=0, state=RX_THREAD_WAIT_READ
07-02 19:30:05.226 355-794/? E/Diag_Lib: Thread state: conn_id=0, state=RX_THREAD_CLIENT_TX
07-02 19:30:05.226 355-794/? E/Diag_Lib: qmuxd: TX message on fd=28, to qmux_client_id=2, len=78
07-02 19:30:05.226 355-794/? E/Diag_Lib: Thread state: conn_id=0, state=RX_THREAD_WAIT_POLL
07-02 19:30:05.226 355-355/? E/Diag_Lib: Thread state: conn_id=50, state=MAIN_THREAD_CLIENT_RECV
07-02 19:30:05.226 355-355/? E/Diag_Lib: qmuxd: RX 55 bytes on fd=28 from qmux_client_id=2
07-02 19:30:05.226 355-355/? E/Diag_Lib: Thread state: conn_id=50, state=MAIN_THREAD_MODEM_TX
07-02 19:30:05.226 355-355/? E/Diag_Lib: Thread state: conn_id=50, state=MAIN_THREAD_WAIT_SELECT
07-02 19:30:05.226 355-794/? E/Diag_Lib: Thread state: conn_id=0, state=RX_THREAD_WAIT_READ
07-02 19:30:05.226 355-794/? E/Diag_Lib: Thread state: conn_id=0, state=RX_THREAD_CLIENT_TX
07-02 19:30:05.226 355-794/? E/Diag_Lib: qmuxd: TX message on fd=28, to qmux_client_id=2, len=54
07-02 19:30:05.226 355-794/? E/Diag_Lib: Thread state: conn_id=0, state=RX_THREAD_WAIT_POLL
07-02 19:30:05.376 355-805/? E/Diag_Lib: Thread state: conn_id=1, state=RX_THREAD_WAIT_READ
07-02 19:30:05.376 355-805/? E/Diag_Lib: Thread state: conn_id=1, state=RX_THREAD_CLIENT_TX
07-02 19:30:05.376 355-805/? E/Diag_Lib: qmuxd: TX message on fd=28, to qmux_client_id=2, len=63
07-02 19:30:05.376 355-805/? E/Diag_Lib: Thread state: conn_id=1, state=RX_THREAD_WAIT_POLL
07-02 19:30:05.396 355-794/? E/Diag_Lib: Thread state: conn_id=0, state=RX_THREAD_WAIT_READ
07-02 19:30:05.396 355-794/? E/Diag_Lib: Thread state: conn_id=0, state=RX_THREAD_CLIENT_TX
07-02 19:30:05.396 355-794/? E/Diag_Lib: qmuxd: TX message on fd=28, to qmux_client_id=2, len=55
07-02 19:30:05.396 355-794/? E/Diag_Lib: Thread state: conn_id=0, state=RX_THREAD_WAIT_POLL
07-02 19:30:05.526 355-794/? E/Diag_Lib: Thread state: conn_id=0, state=RX_THREAD_WAIT_READ
07-02 19:30:05.526 355-794/? E/Diag_Lib: Thread state: conn_id=0, state=RX_THREAD_CLIENT_TX
07-02 19:30:05.526 355-794/? E/Diag_Lib: qmuxd: TX message on fd=28, to qmux_client_id=2, len=64
07-02 19:30:05.526 355-794/? E/Diag_Lib: Thread state: conn_id=0, state=RX_THREAD_WAIT_POLL
07-02 19:30:06.226 355-794/? E/Diag_Lib: Thread state: conn_id=0, state=RX_THREAD_WAIT_READ
07-02 19:30:06.226 355-794/? E/Diag_Lib: Thread state: conn_id=0, state=RX_THREAD_CLIENT_TX
07-02 19:30:06.226 355-794/? E/Diag_Lib: qmuxd: TX message on fd=28, to qmux_client_id=2, len=64
07-02 19:30:06.226 355-794/? E/Diag_Lib: Thread state: conn_id=0, state=RX_THREAD_WAIT_POLL
07-02 19:30:06.306 265-336/? I/ThermalEngine: Sensor:pa_therm1:37000 mC
07-02 19:30:07.066 820-933/system_process D/ConnectivityService: Failed to find a new network - expiring NetTransition Wakelock
07-02 19:30:07.756 355-794/? E/Diag_Lib: Thread state: conn_id=0, state=RX_THREAD_WAIT_READ
07-02 19:30:07.756 355-794/? E/Diag_Lib: Thread state: conn_id=0, state=RX_THREAD_CLIENT_TX
07-02 19:30:07.756 355-794/? E/Diag_Lib: qmuxd: TX message on fd=28, to qmux_client_id=2, len=64
07-02 19:30:07.756 355-794/? E/Diag_Lib: Thread state: conn_id=0, state=RX_THREAD_WAIT_POLL
07-02 19:30:09.086 355-794/? E/Diag_Lib: Thread state: conn_id=0, state=RX_THREAD_WAIT_READ
07-02 19:30:09.086 355-794/? E/Diag_Lib: Thread state: conn_id=0, state=RX_THREAD_CLIENT_TX
07-02 19:30:09.086 355-794/? E/Diag_Lib: qmuxd: TX message on fd=28, to qmux_client_id=2, len=64
07-02 19:30:09.086 355-794/? E/Diag_Lib: Thread state: conn_id=0, state=RX_THREAD_WAIT_POLL
07-02 19:30:09.086 355-794/? E/Diag_Lib: Thread state: conn_id=0, state=RX_THREAD_WAIT_READ
07-02 19:30:09.086 355-794/? E/Diag_Lib: Thread state: conn_id=0, state=RX_THREAD_CLIENT_TX
07-02 19:30:09.086 355-794/? E/Diag_Lib: qmuxd: TX message on fd=28, to qmux_client_id=2, len=210
07-02 19:30:09.086 355-794/? E/Diag_Lib: Thread state: conn_id=0, state=RX_THREAD_WAIT_POLL
07-02 19:30:09.086 355-794/? E/Diag_Lib: Thread state: conn_id=0, state=RX_THREAD_WAIT_READ
07-02 19:30:09.086 355-794/? E/Diag_Lib: Thread state: conn_id=0, state=RX_THREAD_CLIENT_TX
07-02 19:30:09.086 355-794/? E/Diag_Lib: qmuxd: TX message on fd=28, to qmux_client_id=2, len=55
07-02 19:30:09.086 355-794/? E/Diag_Lib: Thread state: conn_id=0, state=RX_THREAD_WAIT_POLL
07-02 19:30:09.086 355-355/? E/Diag_Lib: Thread state: conn_id=50, state=MAIN_THREAD_CLIENT_RECV
07-02 19:30:09.086 355-355/? E/Diag_Lib: qmuxd: RX 47 bytes on fd=28 from qmux_client_id=2
07-02 19:30:09.086 355-355/? E/Diag_Lib: Thread state: conn_id=50, state=MAIN_THREAD_MODEM_TX
07-02 19:30:09.086 355-355/? E/Diag_Lib: Thread state: conn_id=50, state=MAIN_THREAD_WAIT_SELECT
07-02 19:30:09.086 355-794/? E/Diag_Lib: Thread state: conn_id=0, state=RX_THREAD_WAIT_READ
07-02 19:30:09.086 355-794/? E/Diag_Lib: Thread state: conn_id=0, state=RX_THREAD_CLIENT_TX
07-02 19:30:09.086 355-794/? E/Diag_Lib: qmuxd: TX message on fd=28, to qmux_client_id=2, len=217
07-02 19:30:09.086 355-794/? E/Diag_Lib: Thread state: conn_id=0, state=RX_THREAD_WAIT_POLL
07-02 19:30:09.096 355-355/? E/Diag_Lib: Thread state: conn_id=50, state=MAIN_THREAD_CLIENT_RECV
07-02 19:30:09.096 355-355/? E/Diag_Lib: qmuxd: RX 58 bytes on fd=28 from qmux_client_id=2
07-02 19:30:09.096 355-355/? E/Diag_Lib: Thread state: conn_id=50, state=MAIN_THREAD_MODEM_TX
07-02 19:30:09.096 355-355/? E/Diag_Lib: Thread state: conn_id=50, state=MAIN_THREAD_WAIT_SELECT
07-02 19:30:09.096 355-794/? E/Diag_Lib: Thread state: conn_id=0, state=RX_THREAD_WAIT_READ
07-02 19:30:09.096 355-794/? E/Diag_Lib: Thread state: conn_id=0, state=RX_THREAD_CLIENT_TX
07-02 19:30:09.096 355-794/? E/Diag_Lib: qmuxd: TX message on fd=28, to qmux_client_id=2, len=64
07-02 19:30:09.096 355-794/? E/Diag_Lib: Thread state: conn_id=0, state=RX_THREAD_WAIT_POLL
07-02 19:30:09.106 996-996/com.android.systemui D/KeyguardUpdateMonitor: ACTION_SERVICE_STATE_CHANGED on sub: 2 mServiceState: 0 0 home Sprint  31000  1xRTT eHRPD CSS not supported 251 4124 RoamInd=1 DefRoamInd=1 EmergOnly=false
07-02 19:30:09.116 3462-3462/com.android.cellbroadcastreceiver D/CellBroadcastReceiver: onReceive Intent { act=android.intent.action.SERVICE_STATE flg=0x10 cmp=com.android.cellbroadcastreceiver/.CellBroadcastReceiver (has extras) }
07-02 19:30:09.116 3462-3462/com.android.cellbroadcastreceiver D/CellBroadcastReceiver: Intent ACTION_SERVICE_STATE_CHANGED
07-02 19:30:09.116 3462-3462/com.android.cellbroadcastreceiver D/CellBroadcastReceiver: Service state changed! 0 Full: 0 0 home Sprint  31000  1xRTT eHRPD CSS not supported 251 4124 RoamInd=1 DefRoamInd=1 EmergOnly=false Current state=-1
07-02 19:30:09.116 3462-5313/com.android.cellbroadcastreceiver D/CellBroadcastConfigService: enabling emergency cell broadcast channels
07-02 19:30:09.116 1296-1417/com.android.phone D/IccSmsInterfaceManager: [IccSmsInterfaceManager] enableCdmaBroadcastRange
07-02 19:30:09.116 1296-1417/com.android.phone D/IccSmsInterfaceManager: [IccSmsInterfaceManager] Added cdma broadcast subscription for MID range 4097 to 4097 from client com.android.cellbroadcastreceiver
07-02 19:30:09.116 1296-1417/com.android.phone D/IccSmsInterfaceManager: [IccSmsInterfaceManager] Calling setCdmaBroadcastActivation(true)
07-02 19:30:09.116 355-355/? E/Diag_Lib: Thread state: conn_id=50, state=MAIN_THREAD_CLIENT_RECV
07-02 19:30:09.116 355-355/? E/Diag_Lib: qmuxd: RX 52 bytes on fd=28 from qmux_client_id=2
07-02 19:30:09.116 355-355/? E/Diag_Lib: Thread state: conn_id=50, state=MAIN_THREAD_MODEM_TX
07-02 19:30:09.116 355-355/? E/Diag_Lib: Thread state: conn_id=50, state=MAIN_THREAD_WAIT_SELECT
07-02 19:30:09.116 355-794/? E/Diag_Lib: Thread state: conn_id=0, state=RX_THREAD_WAIT_READ
07-02 19:30:09.116 355-794/? E/Diag_Lib: Thread state: conn_id=0, state=RX_THREAD_CLIENT_TX
07-02 19:30:09.116 355-794/? E/Diag_Lib: qmuxd: TX message on fd=28, to qmux_client_id=2, len=54
07-02 19:30:09.116 355-794/? E/Diag_Lib: Thread state: conn_id=0, state=RX_THREAD_WAIT_POLL
07-02 19:30:09.126 1296-5245/com.android.phone D/IccSmsInterfaceManager: [IccSmsInterfaceManager] enableCdmaBroadcastRange
07-02 19:30:09.126 1296-5245/com.android.phone D/IccSmsInterfaceManager: [IccSmsInterfaceManager] Added cdma broadcast subscription for MID range 4098 to 4098 from client com.android.cellbroadcastreceiver
07-02 19:30:09.126 1296-5245/com.android.phone D/IccSmsInterfaceManager: [IccSmsInterfaceManager] Calling setCdmaBroadcastActivation(true)
07-02 19:30:09.126 355-355/? E/Diag_Lib: Thread state: conn_id=50, state=MAIN_THREAD_CLIENT_RECV
07-02 19:30:09.126 355-355/? E/Diag_Lib: qmuxd: RX 52 bytes on fd=28 from qmux_client_id=2
07-02 19:30:09.126 355-355/? E/Diag_Lib: Thread state: conn_id=50, state=MAIN_THREAD_MODEM_TX
07-02 19:30:09.126 355-355/? E/Diag_Lib: Thread state: conn_id=50, state=MAIN_THREAD_WAIT_SELECT
07-02 19:30:09.126 355-794/? E/Diag_Lib: Thread state: conn_id=0, state=RX_THREAD_WAIT_READ
07-02 19:30:09.126 355-794/? E/Diag_Lib: Thread state: conn_id=0, state=RX_THREAD_CLIENT_TX
07-02 19:30:09.126 355-794/? E/Diag_Lib: qmuxd: TX message on fd=28, to qmux_client_id=2, len=54
07-02 19:30:09.126 355-794/? E/Diag_Lib: Thread state: conn_id=0, state=RX_THREAD_WAIT_POLL
07-02 19:30:09.126 1296-1323/com.android.phone D/IccSmsInterfaceManager: [IccSmsInterfaceManager] enableCdmaBroadcastRange
07-02 19:30:09.126 1296-1323/com.android.phone D/IccSmsInterfaceManager: [IccSmsInterfaceManager] Added cdma broadcast subscription for MID range 4099 to 4099 from client com.android.cellbroadcastreceiver
07-02 19:30:09.126 1296-1323/com.android.phone D/IccSmsInterfaceManager: [IccSmsInterfaceManager] Calling setCdmaBroadcastActivation(true)
07-02 19:30:09.126 355-355/? E/Diag_Lib: Thread state: conn_id=50, state=MAIN_THREAD_CLIENT_RECV
07-02 19:30:09.126 355-355/? E/Diag_Lib: qmuxd: RX 52 bytes on fd=28 from qmux_client_id=2
07-02 19:30:09.126 355-355/? E/Diag_Lib: Thread state: conn_id=50, state=MAIN_THREAD_MODEM_TX
07-02 19:30:09.126 355-355/? E/Diag_Lib: Thread state: conn_id=50, state=MAIN_THREAD_WAIT_SELECT
07-02 19:30:09.126 355-794/? E/Diag_Lib: Thread state: conn_id=0, state=RX_THREAD_WAIT_READ
07-02 19:30:09.126 355-794/? E/Diag_Lib: Thread state: conn_id=0, state=RX_THREAD_CLIENT_TX
07-02 19:30:09.126 355-794/? E/Diag_Lib: qmuxd: TX message on fd=28, to qmux_client_id=2, len=54
07-02 19:30:09.126 355-794/? E/Diag_Lib: Thread state: conn_id=0, state=RX_THREAD_WAIT_POLL
07-02 19:30:09.126 1296-3622/com.android.phone D/IccSmsInterfaceManager: [IccSmsInterfaceManager] enableCdmaBroadcastRange
07-02 19:30:09.126 1296-3622/com.android.phone D/IccSmsInterfaceManager: [IccSmsInterfaceManager] Added cdma broadcast subscription for MID range 4096 to 4096 from client com.android.cellbroadcastreceiver
07-02 19:30:09.126 1296-3622/com.android.phone D/IccSmsInterfaceManager: [IccSmsInterfaceManager] Calling setCdmaBroadcastActivation(true)
07-02 19:30:09.126 355-355/? E/Diag_Lib: Thread state: conn_id=50, state=MAIN_THREAD_CLIENT_RECV
07-02 19:30:09.126 355-355/? E/Diag_Lib: qmuxd: RX 52 bytes on fd=28 from qmux_client_id=2
07-02 19:30:09.126 355-355/? E/Diag_Lib: Thread state: conn_id=50, state=MAIN_THREAD_MODEM_TX
07-02 19:30:09.126 355-355/? E/Diag_Lib: Thread state: conn_id=50, state=MAIN_THREAD_WAIT_SELECT
07-02 19:30:09.136 355-794/? E/Diag_Lib: Thread state: conn_id=0, state=RX_THREAD_WAIT_READ
07-02 19:30:09.136 355-794/? E/Diag_Lib: Thread state: conn_id=0, state=RX_THREAD_CLIENT_TX
07-02 19:30:09.136 355-794/? E/Diag_Lib: qmuxd: TX message on fd=28, to qmux_client_id=2, len=54
07-02 19:30:09.136 355-794/? E/Diag_Lib: Thread state: conn_id=0, state=RX_THREAD_WAIT_POLL
07-02 19:30:09.136 3462-5313/com.android.cellbroadcastreceiver D/CellBroadcastConfigService: enabled emergency cell broadcast channels
07-02 19:30:09.136 3462-5313/com.android.cellbroadcastreceiver D/CellBroadcastConfigService: channel 50 is not applicable for cdma
07-02 19:30:09.136 3462-5313/com.android.cellbroadcastreceiver D/CellBroadcastConfigService: disabling channels 919-928
07-02 19:30:09.136 1296-3622/com.android.phone D/IccSmsInterfaceManager: [IccSmsInterfaceManager] disableCdmaBroadcastRange
07-02 19:30:09.136 1296-3622/com.android.phone D/IccSmsInterfaceManager: [IccSmsInterfaceManager] Failed to remove cdma broadcast subscription for MID range 919 to 928 from client com.android.cellbroadcastreceiver
07-02 19:30:09.136 3462-5313/com.android.cellbroadcastreceiver D/CellBroadcastConfigService: disabling cell broadcast CMAS test messages
07-02 19:30:09.136 1296-1328/com.android.phone D/IccSmsInterfaceManager: [IccSmsInterfaceManager] disableCdmaBroadcastRange
07-02 19:30:09.136 1296-1328/com.android.phone D/IccSmsInterfaceManager: [IccSmsInterfaceManager] Failed to remove cdma broadcast subscription for MID range 4100 to 4100 from client com.android.cellbroadcastreceiver
07-02 19:30:09.226 355-794/? E/Diag_Lib: Thread state: conn_id=0, state=RX_THREAD_WAIT_READ
07-02 19:30:09.236 355-794/? E/Diag_Lib: Thread state: conn_id=0, state=RX_THREAD_CLIENT_TX
07-02 19:30:09.236 355-794/? E/Diag_Lib: qmuxd: TX message on fd=28, to qmux_client_id=2, len=64
07-02 19:30:09.236 355-794/? E/Diag_Lib: Thread state: conn_id=0, state=RX_THREAD_WAIT_POLL
07-02 19:30:09.436 355-794/? E/Diag_Lib: Thread state: conn_id=0, state=RX_THREAD_WAIT_READ
07-02 19:30:09.436 355-794/? E/Diag_Lib: Thread state: conn_id=0, state=RX_THREAD_CLIENT_TX
07-02 19:30:09.436 355-794/? E/Diag_Lib: qmuxd: TX message on fd=28, to qmux_client_id=2, len=57
07-02 19:30:09.436 355-794/? E/Diag_Lib: Thread state: conn_id=0, state=RX_THREAD_WAIT_POLL
07-02 19:30:10.176 355-794/? E/Diag_Lib: Thread state: conn_id=0, state=RX_THREAD_WAIT_READ
07-02 19:30:10.176 355-794/? E/Diag_Lib: Thread state: conn_id=0, state=RX_THREAD_CLIENT_TX
07-02 19:30:10.176 355-794/? E/Diag_Lib: qmuxd: TX message on fd=28, to qmux_client_id=2, len=64
07-02 19:30:10.176 355-794/? E/Diag_Lib: Thread state: conn_id=0, state=RX_THREAD_WAIT_POLL
07-02 19:30:11.146 355-794/? E/Diag_Lib: Thread state: conn_id=0, state=RX_THREAD_WAIT_READ
07-02 19:30:11.146 355-794/? E/Diag_Lib: Thread state: conn_id=0, state=RX_THREAD_CLIENT_TX
07-02 19:30:11.146 355-794/? E/Diag_Lib: qmuxd: TX message on fd=28, to qmux_client_id=2, len=64
07-02 19:30:11.146 355-794/? E/Diag_Lib: Thread state: conn_id=0, state=RX_THREAD_WAIT_POLL
07-02 19:30:11.146 355-794/? E/Diag_Lib: Thread state: conn_id=0, state=RX_THREAD_WAIT_READ
07-02 19:30:11.146 355-794/? E/Diag_Lib: Thread state: conn_id=0, state=RX_THREAD_CLIENT_TX
07-02 19:30:11.146 355-794/? E/Diag_Lib: qmuxd: TX message on fd=28, to qmux_client_id=2, len=210
07-02 19:30:11.146 355-794/? E/Diag_Lib: Thread state: conn_id=0, state=RX_THREAD_WAIT_POLL
07-02 19:30:11.146 355-794/? E/Diag_Lib: Thread state: conn_id=0, state=RX_THREAD_WAIT_READ
07-02 19:30:11.146 355-794/? E/Diag_Lib: Thread state: conn_id=0, state=RX_THREAD_CLIENT_TX
07-02 19:30:11.146 355-794/? E/Diag_Lib: qmuxd: TX message on fd=28, to qmux_client_id=2, len=55
07-02 19:30:11.146 355-794/? E/Diag_Lib: Thread state: conn_id=0, state=RX_THREAD_WAIT_POLL
07-02 19:30:11.156 355-355/? E/Diag_Lib: Thread state: conn_id=50, state=MAIN_THREAD_CLIENT_RECV
07-02 19:30:11.156 355-355/? E/Diag_Lib: qmuxd: RX 47 bytes on fd=28 from qmux_client_id=2
07-02 19:30:11.156 355-355/? E/Diag_Lib: Thread state: conn_id=50, state=MAIN_THREAD_MODEM_TX
07-02 19:30:11.156 355-355/? E/Diag_Lib: Thread state: conn_id=50, state=MAIN_THREAD_WAIT_SELECT
07-02 19:30:11.156 355-794/? E/Diag_Lib: Thread state: conn_id=0, state=RX_THREAD_WAIT_READ
07-02 19:30:11.156 355-794/? E/Diag_Lib: Thread state: conn_id=0, state=RX_THREAD_CLIENT_TX
07-02 19:30:11.156 355-794/? E/Diag_Lib: qmuxd: TX message on fd=28, to qmux_client_id=2, len=217
07-02 19:30:11.156 355-794/? E/Diag_Lib: Thread state: conn_id=0, state=RX_THREAD_WAIT_POLL
07-02 19:30:11.166 355-355/? E/Diag_Lib: Thread state: conn_id=50, state=MAIN_THREAD_CLIENT_RECV
07-02 19:30:11.166 355-355/? E/Diag_Lib: qmuxd: RX 58 bytes on fd=28 from qmux_client_id=2
07-02 19:30:11.166 355-355/? E/Diag_Lib: Thread state: conn_id=50, state=MAIN_THREAD_MODEM_TX
07-02 19:30:11.166 355-355/? E/Diag_Lib: Thread state: conn_id=50, state=MAIN_THREAD_WAIT_SELECT
07-02 19:30:11.166 355-794/? E/Diag_Lib: Thread state: conn_id=0, state=RX_THREAD_WAIT_READ
07-02 19:30:11.166 355-794/? E/Diag_Lib: Thread state: conn_id=0, state=RX_THREAD_CLIENT_TX
07-02 19:30:11.166 355-794/? E/Diag_Lib: qmuxd: TX message on fd=28, to qmux_client_id=2, len=64
07-02 19:30:11.166 355-794/? E/Diag_Lib: Thread state: conn_id=0, state=RX_THREAD_WAIT_POLL
07-02 19:30:11.176 996-996/com.android.systemui D/KeyguardUpdateMonitor: ACTION_SERVICE_STATE_CHANGED on sub: 2 mServiceState: 0 0 home Sprint  31000  1xRTT eHRPD CSS not supported 251 4124 RoamInd=1 DefRoamInd=1 EmergOnly=false
07-02 19:30:11.176 3462-3462/com.android.cellbroadcastreceiver D/CellBroadcastReceiver: onReceive Intent { act=android.intent.action.SERVICE_STATE flg=0x10 cmp=com.android.cellbroadcastreceiver/.CellBroadcastReceiver (has extras) }
07-02 19:30:11.176 3462-3462/com.android.cellbroadcastreceiver D/CellBroadcastReceiver: Intent ACTION_SERVICE_STATE_CHANGED
07-02 19:30:11.176 3462-3462/com.android.cellbroadcastreceiver D/CellBroadcastReceiver: Service state changed! 0 Full: 0 0 home Sprint  31000  1xRTT eHRPD CSS not supported 251 4124 RoamInd=1 DefRoamInd=1 EmergOnly=false Current state=-1
07-02 19:30:11.186 3462-5317/com.android.cellbroadcastreceiver D/CellBroadcastConfigService: enabling emergency cell broadcast channels
07-02 19:30:11.186 1296-1323/com.android.phone D/IccSmsInterfaceManager: [IccSmsInterfaceManager] enableCdmaBroadcastRange
07-02 19:30:11.186 1296-1323/com.android.phone D/IccSmsInterfaceManager: [IccSmsInterfaceManager] Added cdma broadcast subscription for MID range 4097 to 4097 from client com.android.cellbroadcastreceiver
07-02 19:30:11.186 1296-1323/com.android.phone D/IccSmsInterfaceManager: [IccSmsInterfaceManager] Calling setCdmaBroadcastActivation(true)
07-02 19:30:11.186 355-355/? E/Diag_Lib: Thread state: conn_id=50, state=MAIN_THREAD_CLIENT_RECV
07-02 19:30:11.186 355-355/? E/Diag_Lib: qmuxd: RX 52 bytes on fd=28 from qmux_client_id=2
07-02 19:30:11.186 355-355/? E/Diag_Lib: Thread state: conn_id=50, state=MAIN_THREAD_MODEM_TX
07-02 19:30:11.186 355-355/? E/Diag_Lib: Thread state: conn_id=50, state=MAIN_THREAD_WAIT_SELECT
07-02 19:30:11.186 355-794/? E/Diag_Lib: Thread state: conn_id=0, state=RX_THREAD_WAIT_READ
07-02 19:30:11.186 355-794/? E/Diag_Lib: Thread state: conn_id=0, state=RX_THREAD_CLIENT_TX
07-02 19:30:11.186 355-794/? E/Diag_Lib: qmuxd: TX message on fd=28, to qmux_client_id=2, len=54
07-02 19:30:11.186 355-794/? E/Diag_Lib: Thread state: conn_id=0, state=RX_THREAD_WAIT_POLL
07-02 19:30:11.196 1296-3622/com.android.phone D/IccSmsInterfaceManager: [IccSmsInterfaceManager] enableCdmaBroadcastRange
07-02 19:30:11.196 1296-3622/com.android.phone D/IccSmsInterfaceManager: [IccSmsInterfaceManager] Added cdma broadcast subscription for MID range 4098 to 4098 from client com.android.cellbroadcastreceiver
07-02 19:30:11.196 1296-3622/com.android.phone D/IccSmsInterfaceManager: [IccSmsInterfaceManager] Calling setCdmaBroadcastActivation(true)
07-02 19:30:11.196 355-355/? E/Diag_Lib: Thread state: conn_id=50, state=MAIN_THREAD_CLIENT_RECV
07-02 19:30:11.196 355-355/? E/Diag_Lib: qmuxd: RX 52 bytes on fd=28 from qmux_client_id=2
07-02 19:30:11.196 355-355/? E/Diag_Lib: Thread state: conn_id=50, state=MAIN_THREAD_MODEM_TX
07-02 19:30:11.196 355-355/? E/Diag_Lib: Thread state: conn_id=50, state=MAIN_THREAD_WAIT_SELECT
07-02 19:30:11.196 355-794/? E/Diag_Lib: Thread state: conn_id=0, state=RX_THREAD_WAIT_READ
07-02 19:30:11.196 355-794/? E/Diag_Lib: Thread state: conn_id=0, state=RX_THREAD_CLIENT_TX
07-02 19:30:11.196 355-794/? E/Diag_Lib: qmuxd: TX message on fd=28, to qmux_client_id=2, len=54
07-02 19:30:11.196 355-794/? E/Diag_Lib: Thread state: conn_id=0, state=RX_THREAD_WAIT_POLL
07-02 19:30:11.196 1296-1328/com.android.phone D/IccSmsInterfaceManager: [IccSmsInterfaceManager] enableCdmaBroadcastRange
07-02 19:30:11.196 1296-1328/com.android.phone D/IccSmsInterfaceManager: [IccSmsInterfaceManager] Added cdma broadcast subscription for MID range 4099 to 4099 from client com.android.cellbroadcastreceiver
07-02 19:30:11.196 1296-1328/com.android.phone D/IccSmsInterfaceManager: [IccSmsInterfaceManager] Calling setCdmaBroadcastActivation(true)
07-02 19:30:11.296 820-1080/system_process I/art: Explicit concurrent mark sweep GC freed 33204(2041KB) AllocSpace objects, 17(403KB) LOS objects, 33% free, 14MB/21MB, paused 1.287ms total 92.390ms
07-02 19:30:11.296 355-355/? E/Diag_Lib: Thread state: conn_id=50, state=MAIN_THREAD_CLIENT_RECV
07-02 19:30:11.296 355-355/? E/Diag_Lib: qmuxd: RX 52 bytes on fd=28 from qmux_client_id=2
07-02 19:30:11.296 355-355/? E/Diag_Lib: Thread state: conn_id=50, state=MAIN_THREAD_MODEM_TX
07-02 19:30:11.296 355-355/? E/Diag_Lib: Thread state: conn_id=50, state=MAIN_THREAD_WAIT_SELECT
07-02 19:30:11.306 355-794/? E/Diag_Lib: Thread state: conn_id=0, state=RX_THREAD_WAIT_READ
07-02 19:30:11.306 355-794/? E/Diag_Lib: Thread state: conn_id=0, state=RX_THREAD_CLIENT_TX
07-02 19:30:11.306 355-794/? E/Diag_Lib: qmuxd: TX message on fd=28, to qmux_client_id=2, len=54
07-02 19:30:11.306 355-794/? E/Diag_Lib: Thread state: conn_id=0, state=RX_THREAD_WAIT_POLL
07-02 19:30:11.306 1296-1417/com.android.phone D/IccSmsInterfaceManager: [IccSmsInterfaceManager] enableCdmaBroadcastRange
07-02 19:30:11.306 1296-1417/com.android.phone D/IccSmsInterfaceManager: [IccSmsInterfaceManager] Added cdma broadcast subscription for MID range 4096 to 4096 from client com.android.cellbroadcastreceiver
07-02 19:30:11.306 1296-1417/com.android.phone D/IccSmsInterfaceManager: [IccSmsInterfaceManager] Calling setCdmaBroadcastActivation(true)
07-02 19:30:11.306 355-355/? E/Diag_Lib: Thread state: conn_id=50, state=MAIN_THREAD_CLIENT_RECV
07-02 19:30:11.306 355-355/? E/Diag_Lib: qmuxd: RX 52 bytes on fd=28 from qmux_client_id=2
07-02 19:30:11.306 355-355/? E/Diag_Lib: Thread state: conn_id=50, state=MAIN_THREAD_MODEM_TX
07-02 19:30:11.306 355-355/? E/Diag_Lib: Thread state: conn_id=50, state=MAIN_THREAD_WAIT_SELECT
07-02 19:30:11.306 265-336/? I/ThermalEngine: Sensor:pa_therm1:36000 mC
07-02 19:30:11.306 355-794/? E/Diag_Lib: Thread state: conn_id=0, state=RX_THREAD_WAIT_READ
07-02 19:30:11.306 355-794/? E/Diag_Lib: Thread state: conn_id=0, state=RX_THREAD_CLIENT_TX
07-02 19:30:11.306 355-794/? E/Diag_Lib: qmuxd: TX message on fd=28, to qmux_client_id=2, len=54
07-02 19:30:11.306 355-794/? E/Diag_Lib: Thread state: conn_id=0, state=RX_THREAD_WAIT_POLL
07-02 19:30:11.306 3462-5317/com.android.cellbroadcastreceiver D/CellBroadcastConfigService: enabled emergency cell broadcast channels
07-02 19:30:11.306 3462-5317/com.android.cellbroadcastreceiver D/CellBroadcastConfigService: channel 50 is not applicable for cdma
07-02 19:30:11.306 3462-5317/com.android.cellbroadcastreceiver D/CellBroadcastConfigService: disabling channels 919-928
07-02 19:30:11.316 1296-1417/com.android.phone D/IccSmsInterfaceManager: [IccSmsInterfaceManager] disableCdmaBroadcastRange
07-02 19:30:11.316 1296-1417/com.android.phone D/IccSmsInterfaceManager: [IccSmsInterfaceManager] Failed to remove cdma broadcast subscription for MID range 919 to 928 from client com.android.cellbroadcastreceiver
07-02 19:30:11.316 3462-5317/com.android.cellbroadcastreceiver D/CellBroadcastConfigService: disabling cell broadcast CMAS test messages
07-02 19:30:11.316 1296-3622/com.android.phone D/IccSmsInterfaceManager: [IccSmsInterfaceManager] disableCdmaBroadcastRange
07-02 19:30:11.316 1296-3622/com.android.phone D/IccSmsInterfaceManager: [IccSmsInterfaceManager] Failed to remove cdma broadcast subscription for MID range 4100 to 4100 from client com.android.cellbroadcastreceiver
07-02 19:30:12.306 355-794/? E/Diag_Lib: Thread state: conn_id=0, state=RX_THREAD_WAIT_READ
07-02 19:30:12.306 355-794/? E/Diag_Lib: Thread state: conn_id=0, state=RX_THREAD_CLIENT_TX
07-02 19:30:12.306 355-794/? E/Diag_Lib: qmuxd: TX message on fd=28, to qmux_client_id=2, len=64
07-02 19:30:12.306 355-794/? E/Diag_Lib: Thread state: conn_id=0, state=RX_THREAD_WAIT_POLL
07-02 19:30:13.826 355-794/? E/Diag_Lib: Thread state: conn_id=0, state=RX_THREAD_WAIT_READ
07-02 19:30:13.826 355-794/? E/Diag_Lib: Thread state: conn_id=0, state=RX_THREAD_CLIENT_TX
07-02 19:30:13.826 355-794/? E/Diag_Lib: qmuxd: TX message on fd=28, to qmux_client_id=2, len=64
07-02 19:30:13.826 355-794/? E/Diag_Lib: Thread state: conn_id=0, state=RX_THREAD_WAIT_POLL
07-02 19:30:13.826 355-794/? E/Diag_Lib: Thread state: conn_id=0, state=RX_THREAD_WAIT_READ
07-02 19:30:13.826 355-794/? E/Diag_Lib: Thread state: conn_id=0, state=RX_THREAD_CLIENT_TX
07-02 19:30:13.826 355-794/? E/Diag_Lib: qmuxd: TX message on fd=28, to qmux_client_id=2, len=210
07-02 19:30:13.826 355-794/? E/Diag_Lib: Thread state: conn_id=0, state=RX_THREAD_WAIT_POLL
07-02 19:30:13.826 355-794/? E/Diag_Lib: Thread state: conn_id=0, state=RX_THREAD_WAIT_READ
07-02 19:30:13.826 355-794/? E/Diag_Lib: Thread state: conn_id=0, state=RX_THREAD_CLIENT_TX
07-02 19:30:13.826 355-794/? E/Diag_Lib: qmuxd: TX message on fd=28, to qmux_client_id=2, len=55
07-02 19:30:13.826 355-794/? E/Diag_Lib: Thread state: conn_id=0, state=RX_THREAD_WAIT_POLL
07-02 19:30:13.836 355-355/? E/Diag_Lib: Thread state: conn_id=50, state=MAIN_THREAD_CLIENT_RECV
07-02 19:30:13.836 355-355/? E/Diag_Lib: qmuxd: RX 47 bytes on fd=28 from qmux_client_id=2
07-02 19:30:13.836 355-355/? E/Diag_Lib: Thread state: conn_id=50, state=MAIN_THREAD_MODEM_TX
07-02 19:30:13.836 355-355/? E/Diag_Lib: Thread state: conn_id=50, state=MAIN_THREAD_WAIT_SELECT
07-02 19:30:13.836 355-794/? E/Diag_Lib: Thread state: conn_id=0, state=RX_THREAD_WAIT_READ
07-02 19:30:13.836 355-794/? E/Diag_Lib: Thread state: conn_id=0, state=RX_THREAD_CLIENT_TX
07-02 19:30:13.836 355-794/? E/Diag_Lib: qmuxd: TX message on fd=28, to qmux_client_id=2, len=217
07-02 19:30:13.836 355-794/? E/Diag_Lib: Thread state: conn_id=0, state=RX_THREAD_WAIT_POLL
07-02 19:30:13.846 355-355/? E/Diag_Lib: Thread state: conn_id=50, state=MAIN_THREAD_CLIENT_RECV
07-02 19:30:13.846 355-355/? E/Diag_Lib: qmuxd: RX 58 bytes on fd=28 from qmux_client_id=2
07-02 19:30:13.846 355-355/? E/Diag_Lib: Thread state: conn_id=50, state=MAIN_THREAD_MODEM_TX
07-02 19:30:13.846 355-355/? E/Diag_Lib: Thread state: conn_id=50, state=MAIN_THREAD_WAIT_SELECT
07-02 19:30:13.846 355-794/? E/Diag_Lib: Thread state: conn_id=0, state=RX_THREAD_WAIT_READ
07-02 19:30:13.846 355-794/? E/Diag_Lib: Thread state: conn_id=0, state=RX_THREAD_CLIENT_TX
07-02 19:30:13.846 355-794/? E/Diag_Lib: qmuxd: TX message on fd=28, to qmux_client_id=2, len=64
07-02 19:30:13.846 355-794/? E/Diag_Lib: Thread state: conn_id=0, state=RX_THREAD_WAIT_POLL
07-02 19:30:13.856 996-996/com.android.systemui D/KeyguardUpdateMonitor: ACTION_SERVICE_STATE_CHANGED on sub: 2 mServiceState: 0 0 home Sprint  31000  1xRTT eHRPD CSS not supported 251 4124 RoamInd=1 DefRoamInd=1 EmergOnly=false
07-02 19:30:13.856 3462-3462/com.android.cellbroadcastreceiver D/CellBroadcastReceiver: onReceive Intent { act=android.intent.action.SERVICE_STATE flg=0x10 cmp=com.android.cellbroadcastreceiver/.CellBroadcastReceiver (has extras) }
07-02 19:30:13.856 3462-3462/com.android.cellbroadcastreceiver D/CellBroadcastReceiver: Intent ACTION_SERVICE_STATE_CHANGED
07-02 19:30:13.856 3462-3462/com.android.cellbroadcastreceiver D/CellBroadcastReceiver: Service state changed! 0 Full: 0 0 home Sprint  31000  1xRTT eHRPD CSS not supported 251 4124 RoamInd=1 DefRoamInd=1 EmergOnly=false Current state=-1
07-02 19:30:13.866 3462-5321/com.android.cellbroadcastreceiver D/CellBroadcastConfigService: enabling emergency cell broadcast channels
07-02 19:30:13.866 1296-3622/com.android.phone D/IccSmsInterfaceManager: [IccSmsInterfaceManager] enableCdmaBroadcastRange
07-02 19:30:13.866 1296-3622/com.android.phone D/IccSmsInterfaceManager: [IccSmsInterfaceManager] Added cdma broadcast subscription for MID range 4097 to 4097 from client com.android.cellbroadcastreceiver
07-02 19:30:13.866 1296-3622/com.android.phone D/IccSmsInterfaceManager: [IccSmsInterfaceManager] Calling setCdmaBroadcastActivation(true)
07-02 19:30:13.866 355-355/? E/Diag_Lib: Thread state: conn_id=50, state=MAIN_THREAD_CLIENT_RECV
07-02 19:30:13.866 355-355/? E/Diag_Lib: qmuxd: RX 52 bytes on fd=28 from qmux_client_id=2
07-02 19:30:13.866 355-355/? E/Diag_Lib: Thread state: conn_id=50, state=MAIN_THREAD_MODEM_TX
07-02 19:30:13.866 355-355/? E/Diag_Lib: Thread state: conn_id=50, state=MAIN_THREAD_WAIT_SELECT
07-02 19:30:13.866 355-794/? E/Diag_Lib: Thread state: conn_id=0, state=RX_THREAD_WAIT_READ
07-02 19:30:13.866 355-794/? E/Diag_Lib: Thread state: conn_id=0, state=RX_THREAD_CLIENT_TX
07-02 19:30:13.866 355-794/? E/Diag_Lib: qmuxd: TX message on fd=28, to qmux_client_id=2, len=54
07-02 19:30:13.866 355-794/? E/Diag_Lib: Thread state: conn_id=0, state=RX_THREAD_WAIT_POLL
07-02 19:30:13.866 1296-1323/com.android.phone D/IccSmsInterfaceManager: [IccSmsInterfaceManager] enableCdmaBroadcastRange
07-02 19:30:13.876 1296-1323/com.android.phone D/IccSmsInterfaceManager: [IccSmsInterfaceManager] Added cdma broadcast subscription for MID range 4098 to 4098 from client com.android.cellbroadcastreceiver
07-02 19:30:13.876 1296-1323/com.android.phone D/IccSmsInterfaceManager: [IccSmsInterfaceManager] Calling setCdmaBroadcastActivation(true)
07-02 19:30:13.876 355-355/? E/Diag_Lib: Thread state: conn_id=50, state=MAIN_THREAD_CLIENT_RECV
07-02 19:30:13.876 355-355/? E/Diag_Lib: qmuxd: RX 52 bytes on fd=28 from qmux_client_id=2
07-02 19:30:13.876 355-355/? E/Diag_Lib: Thread state: conn_id=50, state=MAIN_THREAD_MODEM_TX
07-02 19:30:13.876 355-355/? E/Diag_Lib: Thread state: conn_id=50, state=MAIN_THREAD_WAIT_SELECT
07-02 19:30:13.876 355-794/? E/Diag_Lib: Thread state: conn_id=0, state=RX_THREAD_WAIT_READ
07-02 19:30:13.876 355-794/? E/Diag_Lib: Thread state: conn_id=0, state=RX_THREAD_CLIENT_TX
07-02 19:30:13.876 355-794/? E/Diag_Lib: qmuxd: TX message on fd=28, to qmux_client_id=2, len=54
07-02 19:30:13.876 355-794/? E/Diag_Lib: Thread state: conn_id=0, state=RX_THREAD_WAIT_POLL
07-02 19:30:13.876 1296-1417/com.android.phone D/IccSmsInterfaceManager: [IccSmsInterfaceManager] enableCdmaBroadcastRange
07-02 19:30:13.876 1296-1417/com.android.phone D/IccSmsInterfaceManager: [IccSmsInterfaceManager] Added cdma broadcast subscription for MID range 4099 to 4099 from client com.android.cellbroadcastreceiver
07-02 19:30:13.876 1296-1417/com.android.phone D/IccSmsInterfaceManager: [IccSmsInterfaceManager] Calling setCdmaBroadcastActivation(true)
07-02 19:30:13.876 355-355/? E/Diag_Lib: Thread state: conn_id=50, state=MAIN_THREAD_CLIENT_RECV
07-02 19:30:13.876 355-355/? E/Diag_Lib: qmuxd: RX 52 bytes on fd=28 from qmux_client_id=2
07-02 19:30:13.876 355-355/? E/Diag_Lib: Thread state: conn_id=50, state=MAIN_THREAD_MODEM_TX
07-02 19:30:13.876 355-355/? E/Diag_Lib: Thread state: conn_id=50, state=MAIN_THREAD_WAIT_SELECT
07-02 19:30:13.876 355-794/? E/Diag_Lib: Thread state: conn_id=0, state=RX_THREAD_WAIT_READ
07-02 19:30:13.876 355-794/? E/Diag_Lib: Thread state: conn_id=0, state=RX_THREAD_CLIENT_TX
07-02 19:30:13.876 355-794/? E/Diag_Lib: qmuxd: TX message on fd=28, to qmux_client_id=2, len=54
07-02 19:30:13.876 355-794/? E/Diag_Lib: Thread state: conn_id=0, state=RX_THREAD_WAIT_POLL
07-02 19:30:13.876 1296-1328/com.android.phone D/IccSmsInterfaceManager: [IccSmsInterfaceManager] enableCdmaBroadcastRange
07-02 19:30:13.876 1296-1328/com.android.phone D/IccSmsInterfaceManager: [IccSmsInterfaceManager] Added cdma broadcast subscription for MID range 4096 to 4096 from client com.android.cellbroadcastreceiver
07-02 19:30:13.876 1296-1328/com.android.phone D/IccSmsInterfaceManager: [IccSmsInterfaceManager] Calling setCdmaBroadcastActivation(true)
07-02 19:30:13.876 355-355/? E/Diag_Lib: Thread state: conn_id=50, state=MAIN_THREAD_CLIENT_RECV
07-02 19:30:13.876 355-355/? E/Diag_Lib: qmuxd: RX 52 bytes on fd=28 from qmux_client_id=2
07-02 19:30:13.876 355-355/? E/Diag_Lib: Thread state: conn_id=50, state=MAIN_THREAD_MODEM_TX
07-02 19:30:13.876 355-355/? E/Diag_Lib: Thread state: conn_id=50, state=MAIN_THREAD_WAIT_SELECT
07-02 19:30:13.886 355-794/? E/Diag_Lib: Thread state: conn_id=0, state=RX_THREAD_WAIT_READ
07-02 19:30:13.886 355-794/? E/Diag_Lib: Thread state: conn_id=0, state=RX_THREAD_CLIENT_TX
07-02 19:30:13.886 355-794/? E/Diag_Lib: qmuxd: TX message on fd=28, to qmux_client_id=2, len=54
07-02 19:30:13.886 355-794/? E/Diag_Lib: Thread state: conn_id=0, state=RX_THREAD_WAIT_POLL
07-02 19:30:13.886 3462-5321/com.android.cellbroadcastreceiver D/CellBroadcastConfigService: enabled emergency cell broadcast channels
07-02 19:30:13.886 3462-5321/com.android.cellbroadcastreceiver D/CellBroadcastConfigService: channel 50 is not applicable for cdma
07-02 19:30:13.886 3462-5321/com.android.cellbroadcastreceiver D/CellBroadcastConfigService: disabling channels 919-928
07-02 19:30:13.886 1296-1328/com.android.phone D/IccSmsInterfaceManager: [IccSmsInterfaceManager] disableCdmaBroadcastRange
07-02 19:30:13.886 1296-1328/com.android.phone D/IccSmsInterfaceManager: [IccSmsInterfaceManager] Failed to remove cdma broadcast subscription for MID range 919 to 928 from client com.android.cellbroadcastreceiver
07-02 19:30:13.886 3462-5321/com.android.cellbroadcastreceiver D/CellBroadcastConfigService: disabling cell broadcast CMAS test messages
07-02 19:30:13.886 1296-5245/com.android.phone D/IccSmsInterfaceManager: [IccSmsInterfaceManager] disableCdmaBroadcastRange
07-02 19:30:13.886 1296-5245/com.android.phone D/IccSmsInterfaceManager: [IccSmsInterfaceManager] Failed to remove cdma broadcast subscription for MID range 4100 to 4100 from client com.android.cellbroadcastreceiver
07-02 19:30:15.606 820-1734/system_process D/qcom_sensors_hal: hal_sensor1_data_cb: msg_type 2, Sn 0, msg Id 34, txn Id 0
07-02 19:30:15.606 820-1734/system_process D/qcom_sensors_hal: hal_process_smgr_ind: 34
07-02 19:30:15.606 820-1734/system_process D/qcom_sensors_hal: hal_process_report_ind: St: 0 ReportId: 0 Rate: 0, Len: 1
07-02 19:30:15.606 820-1734/system_process D/qcom_sensors_hal: hal_process_report_ind: Id: ACCEL_DATA: Ty: 0 Q: 0
07-02 19:30:15.606 820-1734/system_process D/qcom_sensors_hal: hal_process_report_ind: X: -0.206833 Y: -0.345154 Z: 9.709503 
07-02 19:30:15.606 820-848/system_process D/qcom_sensors_hal: _hal_sensors_data_poll: poll data:1;data[0].sensor:0 .type:1 .x:-0.206833 .y:-0.345154 .z:9.709503
07-02 19:30:15.606 820-848/system_process D/qcom_sensors_hal: _hal_sensors_data_poll: cnt: 256
07-02 19:30:15.606 820-848/system_process D/qcom_sensors_hal: hal_wait_for_response: timeout=0
07-02 19:30:15.676 820-1734/system_process D/qcom_sensors_hal: hal_sensor1_data_cb: msg_type 2, Sn 0, msg Id 34, txn Id 0
07-02 19:30:15.676 820-1734/system_process D/qcom_sensors_hal: hal_process_smgr_ind: 34
07-02 19:30:15.676 820-1734/system_process D/qcom_sensors_hal: hal_process_report_ind: St: 0 ReportId: 0 Rate: 0, Len: 1
07-02 19:30:15.676 820-1734/system_process D/qcom_sensors_hal: hal_process_report_ind: Id: ACCEL_DATA: Ty: 0 Q: 0
07-02 19:30:15.676 820-1734/system_process D/qcom_sensors_hal: hal_process_report_ind: X: -0.197250 Y: -0.335571 Z: 9.699936 
07-02 19:30:15.676 820-848/system_process D/qcom_sensors_hal: _hal_sensors_data_poll: poll data:1;data[0].sensor:0 .type:1 .x:-0.197250 .y:-0.335571 .z:9.699936
07-02 19:30:15.676 820-848/system_process D/qcom_sensors_hal: _hal_sensors_data_poll: cnt: 256
07-02 19:30:15.676 820-848/system_process D/qcom_sensors_hal: hal_wait_for_response: timeout=0
07-02 19:30:15.746 820-1734/system_process D/qcom_sensors_hal: hal_sensor1_data_cb: msg_type 2, Sn 0, msg Id 34, txn Id 0
07-02 19:30:15.746 820-1734/system_process D/qcom_sensors_hal: hal_process_smgr_ind: 34
07-02 19:30:15.746 820-1734/system_process D/qcom_sensors_hal: hal_process_report_ind: St: 0 ReportId: 0 Rate: 0, Len: 1
07-02 19:30:15.746 820-1734/system_process D/qcom_sensors_hal: hal_process_report_ind: Id: ACCEL_DATA: Ty: 0 Q: 0
