07-02 19:32:09.616 355-794/? E/Diag_Lib: Thread state: conn_id=0, state=RX_THREAD_WAIT_POLL
07-02 19:32:09.616 1296-1323/com.android.phone D/IccSmsInterfaceManager: [IccSmsInterfaceManager] enableCdmaBroadcastRange
07-02 19:32:09.616 1296-1323/com.android.phone D/IccSmsInterfaceManager: [IccSmsInterfaceManager] Added cdma broadcast subscription for MID range 4099 to 4099 from client com.android.cellbroadcastreceiver
07-02 19:32:09.616 1296-1323/com.android.phone D/IccSmsInterfaceManager: [IccSmsInterfaceManager] Calling setCdmaBroadcastActivation(true)
07-02 19:32:09.626 355-355/? E/Diag_Lib: Thread state: conn_id=50, state=MAIN_THREAD_CLIENT_RECV
07-02 19:32:09.626 355-355/? E/Diag_Lib: qmuxd: RX 52 bytes on fd=28 from qmux_client_id=2
07-02 19:32:09.626 355-355/? E/Diag_Lib: Thread state: conn_id=50, state=MAIN_THREAD_MODEM_TX
07-02 19:32:09.626 355-355/? E/Diag_Lib: Thread state: conn_id=50, state=MAIN_THREAD_WAIT_SELECT
07-02 19:32:09.626 355-794/? E/Diag_Lib: Thread state: conn_id=0, state=RX_THREAD_WAIT_READ
07-02 19:32:09.626 355-794/? E/Diag_Lib: Thread state: conn_id=0, state=RX_THREAD_CLIENT_TX
07-02 19:32:09.626 355-794/? E/Diag_Lib: qmuxd: TX message on fd=28, to qmux_client_id=2, len=54
07-02 19:32:09.626 355-794/? E/Diag_Lib: Thread state: conn_id=0, state=RX_THREAD_WAIT_POLL
07-02 19:32:09.626 1296-3622/com.android.phone D/IccSmsInterfaceManager: [IccSmsInterfaceManager] enableCdmaBroadcastRange
07-02 19:32:09.626 1296-3622/com.android.phone D/IccSmsInterfaceManager: [IccSmsInterfaceManager] Added cdma broadcast subscription for MID range 4096 to 4096 from client com.android.cellbroadcastreceiver
07-02 19:32:09.626 1296-3622/com.android.phone D/IccSmsInterfaceManager: [IccSmsInterfaceManager] Calling setCdmaBroadcastActivation(true)
07-02 19:32:09.626 355-355/? E/Diag_Lib: Thread state: conn_id=50, state=MAIN_THREAD_CLIENT_RECV
07-02 19:32:09.626 355-355/? E/Diag_Lib: qmuxd: RX 52 bytes on fd=28 from qmux_client_id=2
07-02 19:32:09.626 355-355/? E/Diag_Lib: Thread state: conn_id=50, state=MAIN_THREAD_MODEM_TX
07-02 19:32:09.626 355-355/? E/Diag_Lib: Thread state: conn_id=50, state=MAIN_THREAD_WAIT_SELECT
07-02 19:32:09.626 355-794/? E/Diag_Lib: Thread state: conn_id=0, state=RX_THREAD_WAIT_READ
07-02 19:32:09.626 355-794/? E/Diag_Lib: Thread state: conn_id=0, state=RX_THREAD_CLIENT_TX
07-02 19:32:09.626 355-794/? E/Diag_Lib: qmuxd: TX message on fd=28, to qmux_client_id=2, len=54
07-02 19:32:09.626 355-794/? E/Diag_Lib: Thread state: conn_id=0, state=RX_THREAD_WAIT_POLL
07-02 19:32:09.626 3462-5398/com.android.cellbroadcastreceiver D/CellBroadcastConfigService: enabled emergency cell broadcast channels
07-02 19:32:09.626 3462-5398/com.android.cellbroadcastreceiver D/CellBroadcastConfigService: channel 50 is not applicable for cdma
07-02 19:32:09.626 3462-5398/com.android.cellbroadcastreceiver D/CellBroadcastConfigService: disabling channels 919-928
07-02 19:32:09.626 1296-3622/com.android.phone D/IccSmsInterfaceManager: [IccSmsInterfaceManager] disableCdmaBroadcastRange
07-02 19:32:09.626 1296-3622/com.android.phone D/IccSmsInterfaceManager: [IccSmsInterfaceManager] Failed to remove cdma broadcast subscription for MID range 919 to 928 from client com.android.cellbroadcastreceiver
07-02 19:32:09.636 3462-5398/com.android.cellbroadcastreceiver D/CellBroadcastConfigService: disabling cell broadcast CMAS test messages
07-02 19:32:09.636 1296-5245/com.android.phone D/IccSmsInterfaceManager: [IccSmsInterfaceManager] disableCdmaBroadcastRange
07-02 19:32:09.636 1296-5245/com.android.phone D/IccSmsInterfaceManager: [IccSmsInterfaceManager] Failed to remove cdma broadcast subscription for MID range 4100 to 4100 from client com.android.cellbroadcastreceiver
07-02 19:32:11.416 265-336/? I/ThermalEngine: Sensor:pa_therm1:35000 mC
07-02 19:32:12.836 820-1734/system_process D/qcom_sensors_hal: hal_sensor1_data_cb: msg_type 2, Sn 0, msg Id 34, txn Id 0
07-02 19:32:12.836 820-1734/system_process D/qcom_sensors_hal: hal_process_smgr_ind: 34
07-02 19:32:12.836 820-1734/system_process D/qcom_sensors_hal: hal_process_report_ind: St: 0 ReportId: 0 Rate: 0, Len: 1
07-02 19:32:12.836 820-1734/system_process D/qcom_sensors_hal: hal_process_report_ind: Id: ACCEL_DATA: Ty: 0 Q: 0
07-02 19:32:12.836 820-1734/system_process D/qcom_sensors_hal: hal_process_report_ind: X: -0.216415 Y: -0.354721 Z: 9.699936 
07-02 19:32:12.836 820-848/system_process D/qcom_sensors_hal: _hal_sensors_data_poll: poll data:1;data[0].sensor:0 .type:1 .x:-0.216415 .y:-0.354721 .z:9.699936
07-02 19:32:12.836 820-848/system_process D/qcom_sensors_hal: _hal_sensors_data_poll: cnt: 256
07-02 19:32:12.836 820-848/system_process D/qcom_sensors_hal: hal_wait_for_response: timeout=0
07-02 19:32:12.896 820-1734/system_process D/qcom_sensors_hal: hal_sensor1_data_cb: msg_type 2, Sn 0, msg Id 34, txn Id 0
07-02 19:32:12.896 820-1734/system_process D/qcom_sensors_hal: hal_process_smgr_ind: 34
07-02 19:32:12.896 820-1734/system_process D/qcom_sensors_hal: hal_process_report_ind: St: 0 ReportId: 0 Rate: 0, Len: 1
07-02 19:32:12.896 820-1734/system_process D/qcom_sensors_hal: hal_process_report_ind: Id: ACCEL_DATA: Ty: 0 Q: 0
07-02 19:32:12.896 820-1734/system_process D/qcom_sensors_hal: hal_process_report_ind: X: -0.187683 Y: -0.335571 Z: 9.699936 
07-02 19:32:12.896 820-848/system_process D/qcom_sensors_hal: _hal_sensors_data_poll: poll data:1;data[0].sensor:0 .type:1 .x:-0.187683 .y:-0.335571 .z:9.699936
07-02 19:32:12.896 820-848/system_process D/qcom_sensors_hal: _hal_sensors_data_poll: cnt: 256
07-02 19:32:12.896 820-848/system_process D/qcom_sensors_hal: hal_wait_for_response: timeout=0
07-02 19:32:12.966 820-1734/system_process D/qcom_sensors_hal: hal_sensor1_data_cb: msg_type 2, Sn 0, msg Id 34, txn Id 0
07-02 19:32:12.966 820-1734/system_process D/qcom_sensors_hal: hal_process_smgr_ind: 34
07-02 19:32:12.966 820-1734/system_process D/qcom_sensors_hal: hal_process_report_ind: St: 0 ReportId: 0 Rate: 0, Len: 1
07-02 19:32:12.966 820-1734/system_process D/qcom_sensors_hal: hal_process_report_ind: Id: ACCEL_DATA: Ty: 0 Q: 0
07-02 19:32:12.966 820-1734/system_process D/qcom_sensors_hal: hal_process_report_ind: X: -0.187683 Y: -0.325989 Z: 9.699936 
07-02 19:32:12.966 820-848/system_process D/qcom_sensors_hal: _hal_sensors_data_poll: poll data:1;data[0].sensor:0 .type:1 .x:-0.187683 .y:-0.325989 .z:9.699936
07-02 19:32:12.966 820-848/system_process D/qcom_sensors_hal: _hal_sensors_data_poll: cnt: 256
07-02 19:32:12.966 820-848/system_process D/qcom_sensors_hal: hal_wait_for_response: timeout=0
07-02 19:32:14.586 355-794/? E/Diag_Lib: Thread state: conn_id=0, state=RX_THREAD_WAIT_READ
07-02 19:32:14.586 355-794/? E/Diag_Lib: Thread state: conn_id=0, state=RX_THREAD_CLIENT_TX
07-02 19:32:14.586 355-794/? E/Diag_Lib: qmuxd: TX message on fd=28, to qmux_client_id=2, len=153
07-02 19:32:14.586 355-794/? E/Diag_Lib: Thread state: conn_id=0, state=RX_THREAD_WAIT_POLL
07-02 19:32:14.596 355-355/? E/Diag_Lib: Thread state: conn_id=50, state=MAIN_THREAD_CLIENT_RECV
07-02 19:32:14.596 355-355/? E/Diag_Lib: qmuxd: RX 47 bytes on fd=28 from qmux_client_id=2
07-02 19:32:14.596 355-355/? E/Diag_Lib: Thread state: conn_id=50, state=MAIN_THREAD_MODEM_TX
07-02 19:32:14.596 355-355/? E/Diag_Lib: Thread state: conn_id=50, state=MAIN_THREAD_WAIT_SELECT
07-02 19:32:14.596 355-794/? E/Diag_Lib: Thread state: conn_id=0, state=RX_THREAD_WAIT_READ
07-02 19:32:14.596 355-794/? E/Diag_Lib: Thread state: conn_id=0, state=RX_THREAD_CLIENT_TX
07-02 19:32:14.596 355-794/? E/Diag_Lib: qmuxd: TX message on fd=28, to qmux_client_id=2, len=160
07-02 19:32:14.596 355-794/? E/Diag_Lib: Thread state: conn_id=0, state=RX_THREAD_WAIT_POLL
07-02 19:32:14.606 355-355/? E/Diag_Lib: Thread state: conn_id=50, state=MAIN_THREAD_CLIENT_RECV
07-02 19:32:14.606 355-355/? E/Diag_Lib: qmuxd: RX 58 bytes on fd=28 from qmux_client_id=2
07-02 19:32:14.606 355-355/? E/Diag_Lib: Thread state: conn_id=50, state=MAIN_THREAD_MODEM_TX
07-02 19:32:14.606 355-355/? E/Diag_Lib: Thread state: conn_id=50, state=MAIN_THREAD_WAIT_SELECT
07-02 19:32:14.606 355-794/? E/Diag_Lib: Thread state: conn_id=0, state=RX_THREAD_WAIT_READ
07-02 19:32:14.606 355-794/? E/Diag_Lib: Thread state: conn_id=0, state=RX_THREAD_CLIENT_TX
07-02 19:32:14.606 355-794/? E/Diag_Lib: qmuxd: TX message on fd=28, to qmux_client_id=2, len=64
07-02 19:32:14.606 355-794/? E/Diag_Lib: Thread state: conn_id=0, state=RX_THREAD_WAIT_POLL
07-02 19:32:14.616 996-996/com.android.systemui D/KeyguardUpdateMonitor: ACTION_SERVICE_STATE_CHANGED on sub: 2 mServiceState: 0 0 home Sprint  31000  1xRTT eHRPD CSS not supported 251 4124 RoamInd=1 DefRoamInd=1 EmergOnly=false
07-02 19:32:14.616 3462-3462/com.android.cellbroadcastreceiver D/CellBroadcastReceiver: onReceive Intent { act=android.intent.action.SERVICE_STATE flg=0x10 cmp=com.android.cellbroadcastreceiver/.CellBroadcastReceiver (has extras) }
07-02 19:32:14.616 3462-3462/com.android.cellbroadcastreceiver D/CellBroadcastReceiver: Intent ACTION_SERVICE_STATE_CHANGED
07-02 19:32:14.616 3462-3462/com.android.cellbroadcastreceiver D/CellBroadcastReceiver: Service state changed! 0 Full: 0 0 home Sprint  31000  1xRTT eHRPD CSS not supported 251 4124 RoamInd=1 DefRoamInd=1 EmergOnly=false Current state=-1
07-02 19:32:14.626 3462-5402/com.android.cellbroadcastreceiver D/CellBroadcastConfigService: enabling emergency cell broadcast channels
07-02 19:32:14.626 1296-1417/com.android.phone D/IccSmsInterfaceManager: [IccSmsInterfaceManager] enableCdmaBroadcastRange
07-02 19:32:14.626 1296-1417/com.android.phone D/IccSmsInterfaceManager: [IccSmsInterfaceManager] Added cdma broadcast subscription for MID range 4097 to 4097 from client com.android.cellbroadcastreceiver
07-02 19:32:14.626 1296-1417/com.android.phone D/IccSmsInterfaceManager: [IccSmsInterfaceManager] Calling setCdmaBroadcastActivation(true)
07-02 19:32:14.626 355-355/? E/Diag_Lib: Thread state: conn_id=50, state=MAIN_THREAD_CLIENT_RECV
07-02 19:32:14.626 355-355/? E/Diag_Lib: qmuxd: RX 52 bytes on fd=28 from qmux_client_id=2
07-02 19:32:14.626 355-355/? E/Diag_Lib: Thread state: conn_id=50, state=MAIN_THREAD_MODEM_TX
07-02 19:32:14.626 355-355/? E/Diag_Lib: Thread state: conn_id=50, state=MAIN_THREAD_WAIT_SELECT
07-02 19:32:14.626 355-794/? E/Diag_Lib: Thread state: conn_id=0, state=RX_THREAD_WAIT_READ
07-02 19:32:14.626 355-794/? E/Diag_Lib: Thread state: conn_id=0, state=RX_THREAD_CLIENT_TX
07-02 19:32:14.626 355-794/? E/Diag_Lib: qmuxd: TX message on fd=28, to qmux_client_id=2, len=54
07-02 19:32:14.626 355-794/? E/Diag_Lib: Thread state: conn_id=0, state=RX_THREAD_WAIT_POLL
07-02 19:32:14.636 1296-5245/com.android.phone D/IccSmsInterfaceManager: [IccSmsInterfaceManager] enableCdmaBroadcastRange
07-02 19:32:14.636 1296-5245/com.android.phone D/IccSmsInterfaceManager: [IccSmsInterfaceManager] Added cdma broadcast subscription for MID range 4098 to 4098 from client com.android.cellbroadcastreceiver
07-02 19:32:14.636 1296-5245/com.android.phone D/IccSmsInterfaceManager: [IccSmsInterfaceManager] Calling setCdmaBroadcastActivation(true)
07-02 19:32:14.636 355-355/? E/Diag_Lib: Thread state: conn_id=50, state=MAIN_THREAD_CLIENT_RECV
07-02 19:32:14.636 355-355/? E/Diag_Lib: qmuxd: RX 52 bytes on fd=28 from qmux_client_id=2
07-02 19:32:14.636 355-355/? E/Diag_Lib: Thread state: conn_id=50, state=MAIN_THREAD_MODEM_TX
07-02 19:32:14.636 355-355/? E/Diag_Lib: Thread state: conn_id=50, state=MAIN_THREAD_WAIT_SELECT
07-02 19:32:14.636 355-794/? E/Diag_Lib: Thread state: conn_id=0, state=RX_THREAD_WAIT_READ
07-02 19:32:14.636 355-794/? E/Diag_Lib: Thread state: conn_id=0, state=RX_THREAD_CLIENT_TX
07-02 19:32:14.636 355-794/? E/Diag_Lib: qmuxd: TX message on fd=28, to qmux_client_id=2, len=54
07-02 19:32:14.636 355-794/? E/Diag_Lib: Thread state: conn_id=0, state=RX_THREAD_WAIT_POLL
07-02 19:32:14.636 1296-1328/com.android.phone D/IccSmsInterfaceManager: [IccSmsInterfaceManager] enableCdmaBroadcastRange
07-02 19:32:14.636 1296-1328/com.android.phone D/IccSmsInterfaceManager: [IccSmsInterfaceManager] Added cdma broadcast subscription for MID range 4099 to 4099 from client com.android.cellbroadcastreceiver
07-02 19:32:14.636 1296-1328/com.android.phone D/IccSmsInterfaceManager: [IccSmsInterfaceManager] Calling setCdmaBroadcastActivation(true)
07-02 19:32:14.636 355-355/? E/Diag_Lib: Thread state: conn_id=50, state=MAIN_THREAD_CLIENT_RECV
07-02 19:32:14.636 355-355/? E/Diag_Lib: qmuxd: RX 52 bytes on fd=28 from qmux_client_id=2
07-02 19:32:14.636 355-355/? E/Diag_Lib: Thread state: conn_id=50, state=MAIN_THREAD_MODEM_TX
07-02 19:32:14.636 355-355/? E/Diag_Lib: Thread state: conn_id=50, state=MAIN_THREAD_WAIT_SELECT
07-02 19:32:14.636 355-794/? E/Diag_Lib: Thread state: conn_id=0, state=RX_THREAD_WAIT_READ
07-02 19:32:14.636 355-794/? E/Diag_Lib: Thread state: conn_id=0, state=RX_THREAD_CLIENT_TX
07-02 19:32:14.636 355-794/? E/Diag_Lib: qmuxd: TX message on fd=28, to qmux_client_id=2, len=54
07-02 19:32:14.636 355-794/? E/Diag_Lib: Thread state: conn_id=0, state=RX_THREAD_WAIT_POLL
07-02 19:32:14.636 1296-1323/com.android.phone D/IccSmsInterfaceManager: [IccSmsInterfaceManager] enableCdmaBroadcastRange
07-02 19:32:14.636 1296-1323/com.android.phone D/IccSmsInterfaceManager: [IccSmsInterfaceManager] Added cdma broadcast subscription for MID range 4096 to 4096 from client com.android.cellbroadcastreceiver
07-02 19:32:14.636 1296-1323/com.android.phone D/IccSmsInterfaceManager: [IccSmsInterfaceManager] Calling setCdmaBroadcastActivation(true)
07-02 19:32:14.646 355-355/? E/Diag_Lib: Thread state: conn_id=50, state=MAIN_THREAD_CLIENT_RECV
07-02 19:32:14.646 355-355/? E/Diag_Lib: qmuxd: RX 52 bytes on fd=28 from qmux_client_id=2
07-02 19:32:14.646 355-355/? E/Diag_Lib: Thread state: conn_id=50, state=MAIN_THREAD_MODEM_TX
07-02 19:32:14.646 355-355/? E/Diag_Lib: Thread state: conn_id=50, state=MAIN_THREAD_WAIT_SELECT
07-02 19:32:14.646 355-794/? E/Diag_Lib: Thread state: conn_id=0, state=RX_THREAD_WAIT_READ
07-02 19:32:14.646 355-794/? E/Diag_Lib: Thread state: conn_id=0, state=RX_THREAD_CLIENT_TX
07-02 19:32:14.646 355-794/? E/Diag_Lib: qmuxd: TX message on fd=28, to qmux_client_id=2, len=54
07-02 19:32:14.646 355-794/? E/Diag_Lib: Thread state: conn_id=0, state=RX_THREAD_WAIT_POLL
07-02 19:32:14.646 3462-5402/com.android.cellbroadcastreceiver D/CellBroadcastConfigService: enabled emergency cell broadcast channels
07-02 19:32:14.646 3462-5402/com.android.cellbroadcastreceiver D/CellBroadcastConfigService: channel 50 is not applicable for cdma
07-02 19:32:14.646 3462-5402/com.android.cellbroadcastreceiver D/CellBroadcastConfigService: disabling channels 919-928
07-02 19:32:14.646 1296-1323/com.android.phone D/IccSmsInterfaceManager: [IccSmsInterfaceManager] disableCdmaBroadcastRange
07-02 19:32:14.646 1296-1323/com.android.phone D/IccSmsInterfaceManager: [IccSmsInterfaceManager] Failed to remove cdma broadcast subscription for MID range 919 to 928 from client com.android.cellbroadcastreceiver
07-02 19:32:14.646 3462-5402/com.android.cellbroadcastreceiver D/CellBroadcastConfigService: disabling cell broadcast CMAS test messages
07-02 19:32:14.646 1296-3622/com.android.phone D/IccSmsInterfaceManager: [IccSmsInterfaceManager] disableCdmaBroadcastRange
07-02 19:32:14.646 1296-3622/com.android.phone D/IccSmsInterfaceManager: [IccSmsInterfaceManager] Failed to remove cdma broadcast subscription for MID range 4100 to 4100 from client com.android.cellbroadcastreceiver
07-02 19:32:15.566 355-794/? E/Diag_Lib: Thread state: conn_id=0, state=RX_THREAD_WAIT_READ
07-02 19:32:15.566 355-794/? E/Diag_Lib: Thread state: conn_id=0, state=RX_THREAD_CLIENT_TX
07-02 19:32:15.566 355-794/? E/Diag_Lib: qmuxd: TX message on fd=28, to qmux_client_id=2, len=53
07-02 19:32:15.566 355-794/? E/Diag_Lib: Thread state: conn_id=0, state=RX_THREAD_WAIT_POLL
07-02 19:32:16.426 265-336/? I/ThermalEngine: Sensor:pa_therm1:35000 mC
07-02 19:32:16.536 355-794/? E/Diag_Lib: Thread state: conn_id=0, state=RX_THREAD_WAIT_READ
07-02 19:32:16.536 355-794/? E/Diag_Lib: Thread state: conn_id=0, state=RX_THREAD_CLIENT_TX
07-02 19:32:16.536 355-794/? E/Diag_Lib: qmuxd: TX message on fd=28, to qmux_client_id=2, len=53
07-02 19:32:16.536 355-794/? E/Diag_Lib: Thread state: conn_id=0, state=RX_THREAD_WAIT_POLL
07-02 19:32:17.386 355-794/? E/Diag_Lib: Thread state: conn_id=0, state=RX_THREAD_WAIT_READ
07-02 19:32:17.386 355-794/? E/Diag_Lib: Thread state: conn_id=0, state=RX_THREAD_CLIENT_TX
07-02 19:32:17.386 355-794/? E/Diag_Lib: qmuxd: TX message on fd=28, to qmux_client_id=2, len=53
07-02 19:32:17.386 355-794/? E/Diag_Lib: Thread state: conn_id=0, state=RX_THREAD_WAIT_POLL
07-02 19:32:18.256 355-794/? E/Diag_Lib: Thread state: conn_id=0, state=RX_THREAD_WAIT_READ
07-02 19:32:18.256 355-794/? E/Diag_Lib: Thread state: conn_id=0, state=RX_THREAD_CLIENT_TX
07-02 19:32:18.256 355-794/? E/Diag_Lib: qmuxd: TX message on fd=28, to qmux_client_id=2, len=57
07-02 19:32:18.256 355-794/? E/Diag_Lib: Thread state: conn_id=0, state=RX_THREAD_WAIT_POLL
07-02 19:32:18.256 355-794/? E/Diag_Lib: Thread state: conn_id=0, state=RX_THREAD_WAIT_READ
07-02 19:32:18.256 355-794/? E/Diag_Lib: Thread state: conn_id=0, state=RX_THREAD_CLIENT_TX
07-02 19:32:18.256 355-794/? E/Diag_Lib: qmuxd: TX message on fd=28, to qmux_client_id=2, len=210
07-02 19:32:18.256 355-794/? E/Diag_Lib: Thread state: conn_id=0, state=RX_THREAD_WAIT_POLL
07-02 19:32:18.256 355-794/? E/Diag_Lib: Thread state: conn_id=0, state=RX_THREAD_WAIT_READ
07-02 19:32:18.256 355-794/? E/Diag_Lib: Thread state: conn_id=0, state=RX_THREAD_CLIENT_TX
07-02 19:32:18.256 355-794/? E/Diag_Lib: qmuxd: TX message on fd=28, to qmux_client_id=2, len=64
07-02 19:32:18.256 355-794/? E/Diag_Lib: Thread state: conn_id=0, state=RX_THREAD_WAIT_POLL
07-02 19:32:18.256 355-794/? E/Diag_Lib: Thread state: conn_id=0, state=RX_THREAD_WAIT_READ
07-02 19:32:18.256 355-794/? E/Diag_Lib: Thread state: conn_id=0, state=RX_THREAD_CLIENT_TX
07-02 19:32:18.256 355-794/? E/Diag_Lib: qmuxd: TX message on fd=28, to qmux_client_id=2, len=57
07-02 19:32:18.256 355-794/? E/Diag_Lib: Thread state: conn_id=0, state=RX_THREAD_WAIT_POLL
07-02 19:32:18.256 355-805/? E/Diag_Lib: Thread state: conn_id=1, state=RX_THREAD_WAIT_READ
07-02 19:32:18.256 355-805/? E/Diag_Lib: Thread state: conn_id=1, state=RX_THREAD_CLIENT_TX
07-02 19:32:18.256 355-805/? E/Diag_Lib: qmuxd: TX message on fd=28, to qmux_client_id=2, len=160
07-02 19:32:18.256 355-805/? E/Diag_Lib: Thread state: conn_id=1, state=RX_THREAD_WAIT_POLL
07-02 19:32:18.266 355-355/? E/Diag_Lib: Thread state: conn_id=50, state=MAIN_THREAD_CLIENT_RECV
07-02 19:32:18.266 355-355/? E/Diag_Lib: qmuxd: RX 47 bytes on fd=28 from qmux_client_id=2
07-02 19:32:18.266 355-355/? E/Diag_Lib: Thread state: conn_id=50, state=MAIN_THREAD_MODEM_TX
07-02 19:32:18.266 355-355/? E/Diag_Lib: Thread state: conn_id=50, state=MAIN_THREAD_WAIT_SELECT
07-02 19:32:18.276 355-794/? E/Diag_Lib: Thread state: conn_id=0, state=RX_THREAD_WAIT_READ
07-02 19:32:18.276 355-794/? E/Diag_Lib: Thread state: conn_id=0, state=RX_THREAD_CLIENT_TX
07-02 19:32:18.276 355-794/? E/Diag_Lib: qmuxd: TX message on fd=28, to qmux_client_id=2, len=217
07-02 19:32:18.276 355-794/? E/Diag_Lib: Thread state: conn_id=0, state=RX_THREAD_WAIT_POLL
07-02 19:32:18.276 355-355/? E/Diag_Lib: Thread state: conn_id=50, state=MAIN_THREAD_CLIENT_RECV
07-02 19:32:18.276 355-355/? E/Diag_Lib: qmuxd: RX 58 bytes on fd=28 from qmux_client_id=2
07-02 19:32:18.276 355-355/? E/Diag_Lib: Thread state: conn_id=50, state=MAIN_THREAD_MODEM_TX
07-02 19:32:18.276 355-355/? E/Diag_Lib: Thread state: conn_id=50, state=MAIN_THREAD_WAIT_SELECT
07-02 19:32:18.286 355-794/? E/Diag_Lib: Thread state: conn_id=0, state=RX_THREAD_WAIT_READ
07-02 19:32:18.286 355-794/? E/Diag_Lib: Thread state: conn_id=0, state=RX_THREAD_CLIENT_TX
07-02 19:32:18.286 355-794/? E/Diag_Lib: qmuxd: TX message on fd=28, to qmux_client_id=2, len=64
07-02 19:32:18.286 355-794/? E/Diag_Lib: Thread state: conn_id=0, state=RX_THREAD_WAIT_POLL
07-02 19:32:18.296 996-996/com.android.systemui D/KeyguardUpdateMonitor: ACTION_SERVICE_STATE_CHANGED on sub: 2 mServiceState: 0 0 home Sprint  31000  1xRTT eHRPD CSS not supported 251 4124 RoamInd=1 DefRoamInd=1 EmergOnly=false
07-02 19:32:18.296 3462-3462/com.android.cellbroadcastreceiver D/CellBroadcastReceiver: onReceive Intent { act=android.intent.action.SERVICE_STATE flg=0x10 cmp=com.android.cellbroadcastreceiver/.CellBroadcastReceiver (has extras) }
07-02 19:32:18.296 3462-3462/com.android.cellbroadcastreceiver D/CellBroadcastReceiver: Intent ACTION_SERVICE_STATE_CHANGED
07-02 19:32:18.296 3462-3462/com.android.cellbroadcastreceiver D/CellBroadcastReceiver: Service state changed! 0 Full: 0 0 home Sprint  31000  1xRTT eHRPD CSS not supported 251 4124 RoamInd=1 DefRoamInd=1 EmergOnly=false Current state=-1
07-02 19:32:18.306 3462-5409/com.android.cellbroadcastreceiver D/CellBroadcastConfigService: enabling emergency cell broadcast channels
07-02 19:32:18.306 1296-1417/com.android.phone D/IccSmsInterfaceManager: [IccSmsInterfaceManager] enableCdmaBroadcastRange
07-02 19:32:18.306 1296-1417/com.android.phone D/IccSmsInterfaceManager: [IccSmsInterfaceManager] Added cdma broadcast subscription for MID range 4097 to 4097 from client com.android.cellbroadcastreceiver
07-02 19:32:18.306 1296-1417/com.android.phone D/IccSmsInterfaceManager: [IccSmsInterfaceManager] Calling setCdmaBroadcastActivation(true)
07-02 19:32:18.306 355-355/? E/Diag_Lib: Thread state: conn_id=50, state=MAIN_THREAD_CLIENT_RECV
07-02 19:32:18.306 355-355/? E/Diag_Lib: qmuxd: RX 52 bytes on fd=28 from qmux_client_id=2
07-02 19:32:18.306 355-355/? E/Diag_Lib: Thread state: conn_id=50, state=MAIN_THREAD_MODEM_TX
07-02 19:32:18.306 355-355/? E/Diag_Lib: Thread state: conn_id=50, state=MAIN_THREAD_WAIT_SELECT
07-02 19:32:18.316 355-794/? E/Diag_Lib: Thread state: conn_id=0, state=RX_THREAD_WAIT_READ
07-02 19:32:18.316 355-794/? E/Diag_Lib: Thread state: conn_id=0, state=RX_THREAD_CLIENT_TX
07-02 19:32:18.316 355-794/? E/Diag_Lib: qmuxd: TX message on fd=28, to qmux_client_id=2, len=54
07-02 19:32:18.316 355-794/? E/Diag_Lib: Thread state: conn_id=0, state=RX_THREAD_WAIT_POLL
07-02 19:32:18.316 1296-3622/com.android.phone D/IccSmsInterfaceManager: [IccSmsInterfaceManager] enableCdmaBroadcastRange
07-02 19:32:18.316 1296-3622/com.android.phone D/IccSmsInterfaceManager: [IccSmsInterfaceManager] Added cdma broadcast subscription for MID range 4098 to 4098 from client com.android.cellbroadcastreceiver
07-02 19:32:18.316 1296-3622/com.android.phone D/IccSmsInterfaceManager: [IccSmsInterfaceManager] Calling setCdmaBroadcastActivation(true)
07-02 19:32:18.316 355-355/? E/Diag_Lib: Thread state: conn_id=50, state=MAIN_THREAD_CLIENT_RECV
07-02 19:32:18.316 355-355/? E/Diag_Lib: qmuxd: RX 52 bytes on fd=28 from qmux_client_id=2
07-02 19:32:18.316 355-355/? E/Diag_Lib: Thread state: conn_id=50, state=MAIN_THREAD_MODEM_TX
07-02 19:32:18.316 355-355/? E/Diag_Lib: Thread state: conn_id=50, state=MAIN_THREAD_WAIT_SELECT
07-02 19:32:18.316 355-794/? E/Diag_Lib: Thread state: conn_id=0, state=RX_THREAD_WAIT_READ
07-02 19:32:18.316 355-794/? E/Diag_Lib: Thread state: conn_id=0, state=RX_THREAD_CLIENT_TX
07-02 19:32:18.316 355-794/? E/Diag_Lib: qmuxd: TX message on fd=28, to qmux_client_id=2, len=54
07-02 19:32:18.316 355-794/? E/Diag_Lib: Thread state: conn_id=0, state=RX_THREAD_WAIT_POLL
07-02 19:32:18.316 1296-1323/com.android.phone D/IccSmsInterfaceManager: [IccSmsInterfaceManager] enableCdmaBroadcastRange
07-02 19:32:18.316 1296-1323/com.android.phone D/IccSmsInterfaceManager: [IccSmsInterfaceManager] Added cdma broadcast subscription for MID range 4099 to 4099 from client com.android.cellbroadcastreceiver
07-02 19:32:18.316 1296-1323/com.android.phone D/IccSmsInterfaceManager: [IccSmsInterfaceManager] Calling setCdmaBroadcastActivation(true)
07-02 19:32:18.326 355-355/? E/Diag_Lib: Thread state: conn_id=50, state=MAIN_THREAD_CLIENT_RECV
07-02 19:32:18.326 355-355/? E/Diag_Lib: qmuxd: RX 52 bytes on fd=28 from qmux_client_id=2
07-02 19:32:18.326 355-355/? E/Diag_Lib: Thread state: conn_id=50, state=MAIN_THREAD_MODEM_TX
07-02 19:32:18.326 355-355/? E/Diag_Lib: Thread state: conn_id=50, state=MAIN_THREAD_WAIT_SELECT
07-02 19:32:18.326 355-794/? E/Diag_Lib: Thread state: conn_id=0, state=RX_THREAD_WAIT_READ
07-02 19:32:18.326 355-794/? E/Diag_Lib: Thread state: conn_id=0, state=RX_THREAD_CLIENT_TX
07-02 19:32:18.326 355-794/? E/Diag_Lib: qmuxd: TX message on fd=28, to qmux_client_id=2, len=54
07-02 19:32:18.326 355-794/? E/Diag_Lib: Thread state: conn_id=0, state=RX_THREAD_WAIT_POLL
07-02 19:32:18.326 1296-1328/com.android.phone D/IccSmsInterfaceManager: [IccSmsInterfaceManager] enableCdmaBroadcastRange
07-02 19:32:18.326 1296-1328/com.android.phone D/IccSmsInterfaceManager: [IccSmsInterfaceManager] Added cdma broadcast subscription for MID range 4096 to 4096 from client com.android.cellbroadcastreceiver
07-02 19:32:18.326 1296-1328/com.android.phone D/IccSmsInterfaceManager: [IccSmsInterfaceManager] Calling setCdmaBroadcastActivation(true)
07-02 19:32:18.326 355-355/? E/Diag_Lib: Thread state: conn_id=50, state=MAIN_THREAD_CLIENT_RECV
07-02 19:32:18.326 355-355/? E/Diag_Lib: qmuxd: RX 52 bytes on fd=28 from qmux_client_id=2
07-02 19:32:18.326 355-355/? E/Diag_Lib: Thread state: conn_id=50, state=MAIN_THREAD_MODEM_TX
07-02 19:32:18.326 355-355/? E/Diag_Lib: Thread state: conn_id=50, state=MAIN_THREAD_WAIT_SELECT
07-02 19:32:18.336 355-794/? E/Diag_Lib: Thread state: conn_id=0, state=RX_THREAD_WAIT_READ
07-02 19:32:18.336 355-794/? E/Diag_Lib: Thread state: conn_id=0, state=RX_THREAD_CLIENT_TX
07-02 19:32:18.336 355-794/? E/Diag_Lib: qmuxd: TX message on fd=28, to qmux_client_id=2, len=54
07-02 19:32:18.336 355-794/? E/Diag_Lib: Thread state: conn_id=0, state=RX_THREAD_WAIT_POLL
07-02 19:32:18.336 3462-5409/com.android.cellbroadcastreceiver D/CellBroadcastConfigService: enabled emergency cell broadcast channels
07-02 19:32:18.336 3462-5409/com.android.cellbroadcastreceiver D/CellBroadcastConfigService: channel 50 is not applicable for cdma
07-02 19:32:18.336 3462-5409/com.android.cellbroadcastreceiver D/CellBroadcastConfigService: disabling channels 919-928
07-02 19:32:18.336 1296-1328/com.android.phone D/IccSmsInterfaceManager: [IccSmsInterfaceManager] disableCdmaBroadcastRange
07-02 19:32:18.336 1296-1328/com.android.phone D/IccSmsInterfaceManager: [IccSmsInterfaceManager] Failed to remove cdma broadcast subscription for MID range 919 to 928 from client com.android.cellbroadcastreceiver
07-02 19:32:18.336 3462-5409/com.android.cellbroadcastreceiver D/CellBroadcastConfigService: disabling cell broadcast CMAS test messages
07-02 19:32:18.336 1296-5245/com.android.phone D/IccSmsInterfaceManager: [IccSmsInterfaceManager] disableCdmaBroadcastRange
07-02 19:32:18.336 1296-5245/com.android.phone D/IccSmsInterfaceManager: [IccSmsInterfaceManager] Failed to remove cdma broadcast subscription for MID range 4100 to 4100 from client com.android.cellbroadcastreceiver
07-02 19:32:19.026 355-794/? E/Diag_Lib: Thread state: conn_id=0, state=RX_THREAD_WAIT_READ
07-02 19:32:19.026 355-794/? E/Diag_Lib: Thread state: conn_id=0, state=RX_THREAD_CLIENT_TX
07-02 19:32:19.026 355-794/? E/Diag_Lib: qmuxd: TX message on fd=28, to qmux_client_id=2, len=64
07-02 19:32:19.026 355-794/? E/Diag_Lib: Thread state: conn_id=0, state=RX_THREAD_WAIT_POLL
07-02 19:32:21.426 265-336/? I/ThermalEngine: Sensor:pa_therm1:35000 mC
07-02 19:32:21.586 355-794/? E/Diag_Lib: Thread state: conn_id=0, state=RX_THREAD_WAIT_READ
07-02 19:32:21.586 355-794/? E/Diag_Lib: Thread state: conn_id=0, state=RX_THREAD_CLIENT_TX
07-02 19:32:21.586 355-794/? E/Diag_Lib: qmuxd: TX message on fd=28, to qmux_client_id=2, len=64
07-02 19:32:21.586 355-794/? E/Diag_Lib: Thread state: conn_id=0, state=RX_THREAD_WAIT_POLL
07-02 19:32:22.496 355-794/? E/Diag_Lib: Thread state: conn_id=0, state=RX_THREAD_WAIT_READ
07-02 19:32:22.496 355-794/? E/Diag_Lib: Thread state: conn_id=0, state=RX_THREAD_CLIENT_TX
07-02 19:32:22.496 355-794/? E/Diag_Lib: qmuxd: TX message on fd=28, to qmux_client_id=2, len=64
07-02 19:32:22.496 355-794/? E/Diag_Lib: Thread state: conn_id=0, state=RX_THREAD_WAIT_POLL
07-02 19:32:25.076 355-794/? E/Diag_Lib: Thread state: conn_id=0, state=RX_THREAD_WAIT_READ
07-02 19:32:25.076 355-794/? E/Diag_Lib: Thread state: conn_id=0, state=RX_THREAD_CLIENT_TX
07-02 19:32:25.076 355-794/? E/Diag_Lib: qmuxd: TX message on fd=28, to qmux_client_id=2, len=64
07-02 19:32:25.076 355-794/? E/Diag_Lib: Thread state: conn_id=0, state=RX_THREAD_WAIT_POLL
07-02 19:32:25.856 820-1734/system_process D/qcom_sensors_hal: hal_sensor1_data_cb: msg_type 2, Sn 0, msg Id 34, txn Id 0
07-02 19:32:25.856 820-1734/system_process D/qcom_sensors_hal: hal_process_smgr_ind: 34
07-02 19:32:25.856 820-1734/system_process D/qcom_sensors_hal: hal_process_report_ind: St: 0 ReportId: 0 Rate: 0, Len: 1
07-02 19:32:25.856 820-1734/system_process D/qcom_sensors_hal: hal_process_report_ind: Id: ACCEL_DATA: Ty: 0 Q: 0
07-02 19:32:25.856 820-1734/system_process D/qcom_sensors_hal: hal_process_report_ind: X: -0.197250 Y: -0.345154 Z: 9.680771 
07-02 19:32:25.856 820-848/system_process D/qcom_sensors_hal: _hal_sensors_data_poll: poll data:1;data[0].sensor:0 .type:1 .x:-0.197250 .y:-0.345154 .z:9.680771
07-02 19:32:25.856 820-848/system_process D/qcom_sensors_hal: _hal_sensors_data_poll: cnt: 256
07-02 19:32:25.856 820-848/system_process D/qcom_sensors_hal: hal_wait_for_response: timeout=0
07-02 19:32:25.926 820-1734/system_process D/qcom_sensors_hal: hal_sensor1_data_cb: msg_type 2, Sn 0, msg Id 34, txn Id 0
07-02 19:32:25.926 820-1734/system_process D/qcom_sensors_hal: hal_process_smgr_ind: 34
07-02 19:32:25.926 820-1734/system_process D/qcom_sensors_hal: hal_process_report_ind: St: 0 ReportId: 0 Rate: 0, Len: 1
07-02 19:32:25.926 820-1734/system_process D/qcom_sensors_hal: hal_process_report_ind: Id: ACCEL_DATA: Ty: 0 Q: 0
07-02 19:32:25.926 820-1734/system_process D/qcom_sensors_hal: hal_process_report_ind: X: -0.197250 Y: -0.325989 Z: 9.690353 
07-02 19:32:25.926 820-848/system_process D/qcom_sensors_hal: _hal_sensors_data_poll: poll data:1;data[0].sensor:0 .type:1 .x:-0.197250 .y:-0.325989 .z:9.690353
07-02 19:32:25.926 820-848/system_process D/qcom_sensors_hal: _hal_sensors_data_poll: cnt: 256
07-02 19:32:25.926 820-848/system_process D/qcom_sensors_hal: hal_wait_for_response: timeout=0
07-02 19:32:25.996 820-1734/system_process D/qcom_sensors_hal: hal_sensor1_data_cb: msg_type 2, Sn 0, msg Id 34, txn Id 0
07-02 19:32:25.996 820-1734/system_process D/qcom_sensors_hal: hal_process_smgr_ind: 34
07-02 19:32:25.996 820-1734/system_process D/qcom_sensors_hal: hal_process_report_ind: St: 0 ReportId: 0 Rate: 0, Len: 1
07-02 19:32:25.996 820-1734/system_process D/qcom_sensors_hal: hal_process_report_ind: Id: ACCEL_DATA: Ty: 0 Q: 0
07-02 19:32:25.996 820-1734/system_process D/qcom_sensors_hal: hal_process_report_ind: X: -0.197250 Y: -0.325989 Z: 9.690353 
07-02 19:32:25.996 820-848/system_process D/qcom_sensors_hal: _hal_sensors_data_poll: poll data:1;data[0].sensor:0 .type:1 .x:-0.197250 .y:-0.325989 .z:9.690353
07-02 19:32:25.996 820-848/system_process D/qcom_sensors_hal: _hal_sensors_data_poll: cnt: 256
07-02 19:32:25.996 820-848/system_process D/qcom_sensors_hal: hal_wait_for_response: timeout=0
07-02 19:32:26.436 265-336/? I/ThermalEngine: Sensor:pa_therm1:35000 mC
07-02 19:32:27.626 355-794/? E/Diag_Lib: Thread state: conn_id=0, state=RX_THREAD_WAIT_READ
07-02 19:32:27.626 355-794/? E/Diag_Lib: Thread state: conn_id=0, state=RX_THREAD_CLIENT_TX
07-02 19:32:27.626 355-794/? E/Diag_Lib: qmuxd: TX message on fd=28, to qmux_client_id=2, len=64
07-02 19:32:27.626 355-794/? E/Diag_Lib: Thread state: conn_id=0, state=RX_THREAD_WAIT_POLL
07-02 19:32:30.196 355-794/? E/Diag_Lib: Thread state: conn_id=0, state=RX_THREAD_WAIT_READ
07-02 19:32:30.196 355-794/? E/Diag_Lib: Thread state: conn_id=0, state=RX_THREAD_CLIENT_TX
07-02 19:32:30.196 355-794/? E/Diag_Lib: qmuxd: TX message on fd=28, to qmux_client_id=2, len=64
07-02 19:32:30.196 355-794/? E/Diag_Lib: Thread state: conn_id=0, state=RX_THREAD_WAIT_POLL
07-02 19:32:30.196 355-794/? E/Diag_Lib: Thread state: conn_id=0, state=RX_THREAD_WAIT_READ
07-02 19:32:30.196 355-794/? E/Diag_Lib: Thread state: conn_id=0, state=RX_THREAD_CLIENT_TX
07-02 19:32:30.196 355-794/? E/Diag_Lib: qmuxd: TX message on fd=28, to qmux_client_id=2, len=64
07-02 19:32:30.196 355-794/? E/Diag_Lib: Thread state: conn_id=0, state=RX_THREAD_WAIT_POLL
07-02 19:32:31.436 265-336/? I/ThermalEngine: Sensor:pa_therm1:35000 mC
07-02 19:32:35.286 355-794/? E/Diag_Lib: Thread state: conn_id=0, state=RX_THREAD_WAIT_READ
07-02 19:32:35.286 355-794/? E/Diag_Lib: Thread state: conn_id=0, state=RX_THREAD_CLIENT_TX
07-02 19:32:35.286 355-794/? E/Diag_Lib: qmuxd: TX message on fd=28, to qmux_client_id=2, len=64
07-02 19:32:35.286 355-794/? E/Diag_Lib: Thread state: conn_id=0, state=RX_THREAD_WAIT_POLL
07-02 19:32:36.446 265-336/? I/ThermalEngine: Sensor:pa_therm1:35000 mC
07-02 19:32:38.886 820-1734/system_process D/qcom_sensors_hal: hal_sensor1_data_cb: msg_type 2, Sn 0, msg Id 34, txn Id 0
07-02 19:32:38.886 820-1734/system_process D/qcom_sensors_hal: hal_process_smgr_ind: 34
07-02 19:32:38.886 820-1734/system_process D/qcom_sensors_hal: hal_process_report_ind: St: 0 ReportId: 0 Rate: 0, Len: 1
07-02 19:32:38.886 820-1734/system_process D/qcom_sensors_hal: hal_process_report_ind: Id: ACCEL_DATA: Ty: 0 Q: 0
07-02 19:32:38.886 820-1734/system_process D/qcom_sensors_hal: hal_process_report_ind: X: -0.187683 Y: -0.345154 Z: 9.680771 
07-02 19:32:38.886 820-848/system_process D/qcom_sensors_hal: _hal_sensors_data_poll: poll data:1;data[0].sensor:0 .type:1 .x:-0.187683 .y:-0.345154 .z:9.680771
07-02 19:32:38.886 820-848/system_process D/qcom_sensors_hal: _hal_sensors_data_poll: cnt: 256
07-02 19:32:38.886 820-848/system_process D/qcom_sensors_hal: hal_wait_for_response: timeout=0
07-02 19:32:38.946 820-1734/system_process D/qcom_sensors_hal: hal_sensor1_data_cb: msg_type 2, Sn 0, msg Id 34, txn Id 0
07-02 19:32:38.946 820-1734/system_process D/qcom_sensors_hal: hal_process_smgr_ind: 34
07-02 19:32:38.946 820-1734/system_process D/qcom_sensors_hal: hal_process_report_ind: St: 0 ReportId: 0 Rate: 0, Len: 1
07-02 19:32:38.946 820-1734/system_process D/qcom_sensors_hal: hal_process_report_ind: Id: ACCEL_DATA: Ty: 0 Q: 0
07-02 19:32:38.946 820-1734/system_process D/qcom_sensors_hal: hal_process_report_ind: X: -0.197250 Y: -0.297256 Z: 9.690353 
07-02 19:32:38.946 820-848/system_process D/qcom_sensors_hal: _hal_sensors_data_poll: poll data:1;data[0].sensor:0 .type:1 .x:-0.197250 .y:-0.297256 .z:9.690353
07-02 19:32:38.946 820-848/system_process D/qcom_sensors_hal: _hal_sensors_data_poll: cnt: 256
07-02 19:32:38.946 820-848/system_process D/qcom_sensors_hal: hal_wait_for_response: timeout=0
07-02 19:32:39.016 820-1734/system_process D/qcom_sensors_hal: hal_sensor1_data_cb: msg_type 2, Sn 0, msg Id 34, txn Id 0
07-02 19:32:39.016 820-1734/system_process D/qcom_sensors_hal: hal_process_smgr_ind: 34
07-02 19:32:39.016 820-1734/system_process D/qcom_sensors_hal: hal_process_report_ind: St: 0 ReportId: 0 Rate: 0, Len: 1
07-02 19:32:39.016 820-1734/system_process D/qcom_sensors_hal: hal_process_report_ind: Id: ACCEL_DATA: Ty: 0 Q: 0
07-02 19:32:39.016 820-1734/system_process D/qcom_sensors_hal: hal_process_report_ind: X: -0.187683 Y: -0.354721 Z: 9.690353 
07-02 19:32:39.016 820-848/system_process D/qcom_sensors_hal: _hal_sensors_data_poll: poll data:1;data[0].sensor:0 .type:1 .x:-0.187683 .y:-0.354721 .z:9.690353
07-02 19:32:39.016 820-848/system_process D/qcom_sensors_hal: _hal_sensors_data_poll: cnt: 256
07-02 19:32:39.016 820-848/system_process D/qcom_sensors_hal: hal_wait_for_response: timeout=0
07-02 19:32:40.436 355-794/? E/Diag_Lib: Thread state: conn_id=0, state=RX_THREAD_WAIT_READ
07-02 19:32:40.436 355-794/? E/Diag_Lib: Thread state: conn_id=0, state=RX_THREAD_CLIENT_TX
07-02 19:32:40.436 355-794/? E/Diag_Lib: qmuxd: TX message on fd=28, to qmux_client_id=2, len=64
07-02 19:32:40.436 355-794/? E/Diag_Lib: Thread state: conn_id=0, state=RX_THREAD_WAIT_POLL
07-02 19:32:40.436 355-794/? E/Diag_Lib: Thread state: conn_id=0, state=RX_THREAD_WAIT_READ
07-02 19:32:40.436 355-794/? E/Diag_Lib: Thread state: conn_id=0, state=RX_THREAD_CLIENT_TX
07-02 19:32:40.436 355-794/? E/Diag_Lib: qmuxd: TX message on fd=28, to qmux_client_id=2, len=64
07-02 19:32:40.436 355-794/? E/Diag_Lib: Thread state: conn_id=0, state=RX_THREAD_WAIT_POLL
07-02 19:32:41.446 265-336/? I/ThermalEngine: Sensor:pa_therm1:35000 mC
07-02 19:32:45.536 355-794/? E/Diag_Lib: Thread state: conn_id=0, state=RX_THREAD_WAIT_READ
07-02 19:32:45.536 355-794/? E/Diag_Lib: Thread state: conn_id=0, state=RX_THREAD_CLIENT_TX
07-02 19:32:45.536 355-794/? E/Diag_Lib: qmuxd: TX message on fd=28, to qmux_client_id=2, len=64
07-02 19:32:45.536 355-794/? E/Diag_Lib: Thread state: conn_id=0, state=RX_THREAD_WAIT_POLL
07-02 19:32:45.536 355-794/? E/Diag_Lib: Thread state: conn_id=0, state=RX_THREAD_WAIT_READ
07-02 19:32:45.536 355-794/? E/Diag_Lib: Thread state: conn_id=0, state=RX_THREAD_CLIENT_TX
07-02 19:32:45.536 355-794/? E/Diag_Lib: qmuxd: TX message on fd=28, to qmux_client_id=2, len=64
07-02 19:32:45.536 355-794/? E/Diag_Lib: Thread state: conn_id=0, state=RX_THREAD_WAIT_POLL
07-02 19:32:46.456 265-336/? I/ThermalEngine: Sensor:pa_therm1:35000 mC
07-02 19:32:46.536 355-794/? E/Diag_Lib: Thread state: conn_id=0, state=RX_THREAD_WAIT_READ
07-02 19:32:46.536 355-794/? E/Diag_Lib: Thread state: conn_id=0, state=RX_THREAD_CLIENT_TX
07-02 19:32:46.536 355-794/? E/Diag_Lib: qmuxd: TX message on fd=28, to qmux_client_id=2, len=64
07-02 19:32:46.536 355-794/? E/Diag_Lib: Thread state: conn_id=0, state=RX_THREAD_WAIT_POLL
07-02 19:32:47.486 355-794/? E/Diag_Lib: Thread state: conn_id=0, state=RX_THREAD_WAIT_READ
07-02 19:32:47.486 355-794/? E/Diag_Lib: Thread state: conn_id=0, state=RX_THREAD_CLIENT_TX
07-02 19:32:47.486 355-794/? E/Diag_Lib: qmuxd: TX message on fd=28, to qmux_client_id=2, len=210
07-02 19:32:47.486 355-794/? E/Diag_Lib: Thread state: conn_id=0, state=RX_THREAD_WAIT_POLL
07-02 19:32:47.486 355-794/? E/Diag_Lib: Thread state: conn_id=0, state=RX_THREAD_WAIT_READ
07-02 19:32:47.486 355-794/? E/Diag_Lib: Thread state: conn_id=0, state=RX_THREAD_CLIENT_TX
07-02 19:32:47.486 355-794/? E/Diag_Lib: qmuxd: TX message on fd=28, to qmux_client_id=2, len=55
07-02 19:32:47.486 355-794/? E/Diag_Lib: Thread state: conn_id=0, state=RX_THREAD_WAIT_POLL
07-02 19:32:47.496 355-355/? E/Diag_Lib: Thread state: conn_id=50, state=MAIN_THREAD_CLIENT_RECV
07-02 19:32:47.496 355-355/? E/Diag_Lib: qmuxd: RX 47 bytes on fd=28 from qmux_client_id=2
07-02 19:32:47.496 355-355/? E/Diag_Lib: Thread state: conn_id=50, state=MAIN_THREAD_MODEM_TX
07-02 19:32:47.496 355-355/? E/Diag_Lib: Thread state: conn_id=50, state=MAIN_THREAD_WAIT_SELECT
07-02 19:32:47.496 355-794/? E/Diag_Lib: Thread state: conn_id=0, state=RX_THREAD_WAIT_READ
07-02 19:32:47.496 355-794/? E/Diag_Lib: Thread state: conn_id=0, state=RX_THREAD_CLIENT_TX
07-02 19:32:47.496 355-794/? E/Diag_Lib: qmuxd: TX message on fd=28, to qmux_client_id=2, len=217
07-02 19:32:47.496 355-794/? E/Diag_Lib: Thread state: conn_id=0, state=RX_THREAD_WAIT_POLL
07-02 19:32:47.496 355-355/? E/Diag_Lib: Thread state: conn_id=50, state=MAIN_THREAD_CLIENT_RECV
07-02 19:32:47.496 355-355/? E/Diag_Lib: qmuxd: RX 58 bytes on fd=28 from qmux_client_id=2
07-02 19:32:47.496 355-355/? E/Diag_Lib: Thread state: conn_id=50, state=MAIN_THREAD_MODEM_TX
07-02 19:32:47.496 355-355/? E/Diag_Lib: Thread state: conn_id=50, state=MAIN_THREAD_WAIT_SELECT
07-02 19:32:47.496 355-794/? E/Diag_Lib: Thread state: conn_id=0, state=RX_THREAD_WAIT_READ
07-02 19:32:47.496 355-794/? E/Diag_Lib: Thread state: conn_id=0, state=RX_THREAD_CLIENT_TX
07-02 19:32:47.496 355-794/? E/Diag_Lib: qmuxd: TX message on fd=28, to qmux_client_id=2, len=64
07-02 19:32:47.496 355-794/? E/Diag_Lib: Thread state: conn_id=0, state=RX_THREAD_WAIT_POLL
07-02 19:32:47.516 996-996/com.android.systemui D/KeyguardUpdateMonitor: ACTION_SERVICE_STATE_CHANGED on sub: 2 mServiceState: 0 0 home Sprint  31000  1xRTT eHRPD CSS not supported 251 4124 RoamInd=1 DefRoamInd=1 EmergOnly=false
07-02 19:32:47.516 3462-3462/com.android.cellbroadcastreceiver D/CellBroadcastReceiver: onReceive Intent { act=android.intent.action.SERVICE_STATE flg=0x10 cmp=com.android.cellbroadcastreceiver/.CellBroadcastReceiver (has extras) }
07-02 19:32:47.516 3462-3462/com.android.cellbroadcastreceiver D/CellBroadcastReceiver: Intent ACTION_SERVICE_STATE_CHANGED
07-02 19:32:47.516 3462-3462/com.android.cellbroadcastreceiver D/CellBroadcastReceiver: Service state changed! 0 Full: 0 0 home Sprint  31000  1xRTT eHRPD CSS not supported 251 4124 RoamInd=1 DefRoamInd=1 EmergOnly=false Current state=-1
07-02 19:32:47.516 3462-5419/com.android.cellbroadcastreceiver D/CellBroadcastConfigService: enabling emergency cell broadcast channels
07-02 19:32:47.516 1296-5245/com.android.phone D/IccSmsInterfaceManager: [IccSmsInterfaceManager] enableCdmaBroadcastRange
07-02 19:32:47.516 1296-5245/com.android.phone D/IccSmsInterfaceManager: [IccSmsInterfaceManager] Added cdma broadcast subscription for MID range 4097 to 4097 from client com.android.cellbroadcastreceiver
07-02 19:32:47.516 1296-5245/com.android.phone D/IccSmsInterfaceManager: [IccSmsInterfaceManager] Calling setCdmaBroadcastActivation(true)
07-02 19:32:47.526 355-355/? E/Diag_Lib: Thread state: conn_id=50, state=MAIN_THREAD_CLIENT_RECV
07-02 19:32:47.526 355-355/? E/Diag_Lib: qmuxd: RX 52 bytes on fd=28 from qmux_client_id=2
07-02 19:32:47.526 355-355/? E/Diag_Lib: Thread state: conn_id=50, state=MAIN_THREAD_MODEM_TX
07-02 19:32:47.526 355-355/? E/Diag_Lib: Thread state: conn_id=50, state=MAIN_THREAD_WAIT_SELECT
07-02 19:32:47.526 355-794/? E/Diag_Lib: Thread state: conn_id=0, state=RX_THREAD_WAIT_READ
07-02 19:32:47.526 355-794/? E/Diag_Lib: Thread state: conn_id=0, state=RX_THREAD_CLIENT_TX
07-02 19:32:47.526 355-794/? E/Diag_Lib: qmuxd: TX message on fd=28, to qmux_client_id=2, len=54
07-02 19:32:47.526 355-794/? E/Diag_Lib: Thread state: conn_id=0, state=RX_THREAD_WAIT_POLL
07-02 19:32:47.526 1296-1417/com.android.phone D/IccSmsInterfaceManager: [IccSmsInterfaceManager] enableCdmaBroadcastRange
07-02 19:32:47.526 1296-1417/com.android.phone D/IccSmsInterfaceManager: [IccSmsInterfaceManager] Added cdma broadcast subscription for MID range 4098 to 4098 from client com.android.cellbroadcastreceiver
07-02 19:32:47.526 1296-1417/com.android.phone D/IccSmsInterfaceManager: [IccSmsInterfaceManager] Calling setCdmaBroadcastActivation(true)
07-02 19:32:47.526 355-355/? E/Diag_Lib: Thread state: conn_id=50, state=MAIN_THREAD_CLIENT_RECV
07-02 19:32:47.526 355-355/? E/Diag_Lib: qmuxd: RX 52 bytes on fd=28 from qmux_client_id=2
07-02 19:32:47.526 355-355/? E/Diag_Lib: Thread state: conn_id=50, state=MAIN_THREAD_MODEM_TX
07-02 19:32:47.526 355-355/? E/Diag_Lib: Thread state: conn_id=50, state=MAIN_THREAD_WAIT_SELECT
07-02 19:32:47.526 355-794/? E/Diag_Lib: Thread state: conn_id=0, state=RX_THREAD_WAIT_READ
07-02 19:32:47.526 355-794/? E/Diag_Lib: Thread state: conn_id=0, state=RX_THREAD_CLIENT_TX
07-02 19:32:47.526 355-794/? E/Diag_Lib: qmuxd: TX message on fd=28, to qmux_client_id=2, len=54
07-02 19:32:47.526 355-794/? E/Diag_Lib: Thread state: conn_id=0, state=RX_THREAD_WAIT_POLL
07-02 19:32:47.526 1296-1328/com.android.phone D/IccSmsInterfaceManager: [IccSmsInterfaceManager] enableCdmaBroadcastRange
07-02 19:32:47.526 1296-1328/com.android.phone D/IccSmsInterfaceManager: [IccSmsInterfaceManager] Added cdma broadcast subscription for MID range 4099 to 4099 from client com.android.cellbroadcastreceiver
07-02 19:32:47.526 1296-1328/com.android.phone D/IccSmsInterfaceManager: [IccSmsInterfaceManager] Calling setCdmaBroadcastActivation(true)
07-02 19:32:47.526 355-355/? E/Diag_Lib: Thread state: conn_id=50, state=MAIN_THREAD_CLIENT_RECV
07-02 19:32:47.526 355-355/? E/Diag_Lib: qmuxd: RX 52 bytes on fd=28 from qmux_client_id=2
07-02 19:32:47.526 355-355/? E/Diag_Lib: Thread state: conn_id=50, state=MAIN_THREAD_MODEM_TX
07-02 19:32:47.526 355-355/? E/Diag_Lib: Thread state: conn_id=50, state=MAIN_THREAD_WAIT_SELECT
07-02 19:32:47.526 355-794/? E/Diag_Lib: Thread state: conn_id=0, state=RX_THREAD_WAIT_READ
07-02 19:32:47.526 355-794/? E/Diag_Lib: Thread state: conn_id=0, state=RX_THREAD_CLIENT_TX
07-02 19:32:47.526 355-794/? E/Diag_Lib: qmuxd: TX message on fd=28, to qmux_client_id=2, len=54
07-02 19:32:47.526 355-794/? E/Diag_Lib: Thread state: conn_id=0, state=RX_THREAD_WAIT_POLL
07-02 19:32:47.536 1296-3622/com.android.phone D/IccSmsInterfaceManager: [IccSmsInterfaceManager] enableCdmaBroadcastRange
07-02 19:32:47.536 1296-3622/com.android.phone D/IccSmsInterfaceManager: [IccSmsInterfaceManager] Added cdma broadcast subscription for MID range 4096 to 4096 from client com.android.cellbroadcastreceiver
07-02 19:32:47.536 1296-3622/com.android.phone D/IccSmsInterfaceManager: [IccSmsInterfaceManager] Calling setCdmaBroadcastActivation(true)
07-02 19:32:47.536 355-355/? E/Diag_Lib: Thread state: conn_id=50, state=MAIN_THREAD_CLIENT_RECV
07-02 19:32:47.536 355-355/? E/Diag_Lib: qmuxd: RX 52 bytes on fd=28 from qmux_client_id=2
07-02 19:32:47.536 355-355/? E/Diag_Lib: Thread state: conn_id=50, state=MAIN_THREAD_MODEM_TX
07-02 19:32:47.536 355-355/? E/Diag_Lib: Thread state: conn_id=50, state=MAIN_THREAD_WAIT_SELECT
07-02 19:32:47.536 355-794/? E/Diag_Lib: Thread state: conn_id=0, state=RX_THREAD_WAIT_READ
07-02 19:32:47.536 355-794/? E/Diag_Lib: Thread state: conn_id=0, state=RX_THREAD_CLIENT_TX
07-02 19:32:47.536 355-794/? E/Diag_Lib: qmuxd: TX message on fd=28, to qmux_client_id=2, len=54
07-02 19:32:47.536 355-794/? E/Diag_Lib: Thread state: conn_id=0, state=RX_THREAD_WAIT_POLL
07-02 19:32:47.536 3462-5419/com.android.cellbroadcastreceiver D/CellBroadcastConfigService: enabled emergency cell broadcast channels
07-02 19:32:47.536 3462-5419/com.android.cellbroadcastreceiver D/CellBroadcastConfigService: channel 50 is not applicable for cdma
07-02 19:32:47.536 3462-5419/com.android.cellbroadcastreceiver D/CellBroadcastConfigService: disabling channels 919-928
07-02 19:32:47.536 1296-3622/com.android.phone D/IccSmsInterfaceManager: [IccSmsInterfaceManager] disableCdmaBroadcastRange
07-02 19:32:47.536 1296-3622/com.android.phone D/IccSmsInterfaceManager: [IccSmsInterfaceManager] Failed to remove cdma broadcast subscription for MID range 919 to 928 from client com.android.cellbroadcastreceiver
07-02 19:32:47.536 3462-5419/com.android.cellbroadcastreceiver D/CellBroadcastConfigService: disabling cell broadcast CMAS test messages
07-02 19:32:47.536 1296-1323/com.android.phone D/IccSmsInterfaceManager: [IccSmsInterfaceManager] disableCdmaBroadcastRange
07-02 19:32:47.536 1296-1323/com.android.phone D/IccSmsInterfaceManager: [IccSmsInterfaceManager] Failed to remove cdma broadcast subscription for MID range 4100 to 4100 from client com.android.cellbroadcastreceiver
07-02 19:32:50.666 355-794/? E/Diag_Lib: Thread state: conn_id=0, state=RX_THREAD_WAIT_READ
07-02 19:32:50.666 355-794/? E/Diag_Lib: Thread state: conn_id=0, state=RX_THREAD_CLIENT_TX
07-02 19:32:50.666 355-794/? E/Diag_Lib: qmuxd: TX message on fd=28, to qmux_client_id=2, len=64
07-02 19:32:50.666 355-794/? E/Diag_Lib: Thread state: conn_id=0, state=RX_THREAD_WAIT_POLL
07-02 19:32:51.456 265-336/? I/ThermalEngine: Sensor:pa_therm1:35000 mC
07-02 19:32:51.906 820-1734/system_process D/qcom_sensors_hal: hal_sensor1_data_cb: msg_type 2, Sn 0, msg Id 34, txn Id 0
07-02 19:32:51.906 820-1734/system_process D/qcom_sensors_hal: hal_process_smgr_ind: 34
07-02 19:32:51.906 820-1734/system_process D/qcom_sensors_hal: hal_process_report_ind: St: 0 ReportId: 0 Rate: 0, Len: 1
07-02 19:32:51.906 820-1734/system_process D/qcom_sensors_hal: hal_process_report_ind: Id: ACCEL_DATA: Ty: 0 Q: 0
07-02 19:32:51.906 820-1734/system_process D/qcom_sensors_hal: hal_process_report_ind: X: -0.168518 Y: -0.287674 Z: 9.680771 
07-02 19:32:51.906 820-848/system_process D/qcom_sensors_hal: _hal_sensors_data_poll: poll data:1;data[0].sensor:0 .type:1 .x:-0.168518 .y:-0.287674 .z:9.680771
07-02 19:32:51.906 820-848/system_process D/qcom_sensors_hal: _hal_sensors_data_poll: cnt: 256
07-02 19:32:51.906 820-848/system_process D/qcom_sensors_hal: hal_wait_for_response: timeout=0
07-02 19:32:51.976 820-1734/system_process D/qcom_sensors_hal: hal_sensor1_data_cb: msg_type 2, Sn 0, msg Id 34, txn Id 0
07-02 19:32:51.976 820-1734/system_process D/qcom_sensors_hal: hal_process_smgr_ind: 34
07-02 19:32:51.976 820-1734/system_process D/qcom_sensors_hal: hal_process_report_ind: St: 0 ReportId: 0 Rate: 0, Len: 1
07-02 19:32:51.976 820-1734/system_process D/qcom_sensors_hal: hal_process_report_ind: Id: ACCEL_DATA: Ty: 0 Q: 0
07-02 19:32:51.976 820-1734/system_process D/qcom_sensors_hal: hal_process_report_ind: X: -0.187683 Y: -0.316406 Z: 9.690353 
07-02 19:32:51.976 820-848/system_process D/qcom_sensors_hal: _hal_sensors_data_poll: poll data:1;data[0].sensor:0 .type:1 .x:-0.187683 .y:-0.316406 .z:9.690353
07-02 19:32:51.976 820-848/system_process D/qcom_sensors_hal: _hal_sensors_data_poll: cnt: 256
07-02 19:32:51.976 820-848/system_process D/qcom_sensors_hal: hal_wait_for_response: timeout=0
07-02 19:32:52.046 820-1734/system_process D/qcom_sensors_hal: hal_sensor1_data_cb: msg_type 2, Sn 0, msg Id 34, txn Id 0
07-02 19:32:52.046 820-1734/system_process D/qcom_sensors_hal: hal_process_smgr_ind: 34
07-02 19:32:52.046 820-1734/system_process D/qcom_sensors_hal: hal_process_report_ind: St: 0 ReportId: 0 Rate: 0, Len: 1
07-02 19:32:52.046 820-1734/system_process D/qcom_sensors_hal: hal_process_report_ind: Id: ACCEL_DATA: Ty: 0 Q: 0
