07-02 19:26:34.256 820-848/system_process D/qcom_sensors_hal: _hal_sensors_data_poll: poll data:1;data[0].sensor:0 .type:1 .x:-0.187683 .y:-0.335571 .z:9.690353
07-02 19:26:34.266 820-848/system_process D/qcom_sensors_hal: _hal_sensors_data_poll: cnt: 256
07-02 19:26:34.266 820-848/system_process D/qcom_sensors_hal: hal_wait_for_response: timeout=0
07-02 19:26:34.316 820-1734/system_process D/qcom_sensors_hal: hal_sensor1_data_cb: msg_type 2, Sn 0, msg Id 34, txn Id 0
07-02 19:26:34.316 820-1734/system_process D/qcom_sensors_hal: hal_process_smgr_ind: 34
07-02 19:26:34.326 820-1734/system_process D/qcom_sensors_hal: hal_process_report_ind: St: 0 ReportId: 0 Rate: 0, Len: 1
07-02 19:26:34.326 820-1734/system_process D/qcom_sensors_hal: hal_process_report_ind: Id: ACCEL_DATA: Ty: 0 Q: 0
07-02 19:26:34.326 820-1734/system_process D/qcom_sensors_hal: hal_process_report_ind: X: -0.197250 Y: -0.354721 Z: 9.690353 
07-02 19:26:34.336 355-794/? E/Diag_Lib: Thread state: conn_id=0, state=RX_THREAD_WAIT_READ
07-02 19:26:34.336 355-794/? E/Diag_Lib: Thread state: conn_id=0, state=RX_THREAD_CLIENT_TX
07-02 19:26:34.336 355-794/? E/Diag_Lib: qmuxd: TX message on fd=28, to qmux_client_id=2, len=64
07-02 19:26:34.336 355-794/? E/Diag_Lib: Thread state: conn_id=0, state=RX_THREAD_WAIT_POLL
07-02 19:26:35.706 3735-3735/com.android.vending I/Finsky: [1] com.google.android.finsky.services.DailyHygiene.a(17227): Beginning daily hygiene, foreground = false
07-02 19:26:35.746 355-355/? E/Diag_Lib: Thread state: conn_id=50, state=MAIN_THREAD_CLIENT_RECV
07-02 19:26:35.746 355-355/? E/Diag_Lib: qmuxd: RX 63 bytes on fd=28 from qmux_client_id=2
07-02 19:26:35.746 355-355/? E/Diag_Lib: Thread state: conn_id=50, state=MAIN_THREAD_MODEM_TX
07-02 19:26:35.746 355-355/? E/Diag_Lib: Thread state: conn_id=50, state=MAIN_THREAD_WAIT_SELECT
07-02 19:26:35.766 355-794/? E/Diag_Lib: Thread state: conn_id=0, state=RX_THREAD_WAIT_READ
07-02 19:26:35.766 355-794/? E/Diag_Lib: Thread state: conn_id=0, state=RX_THREAD_CLIENT_TX
07-02 19:26:35.766 355-794/? E/Diag_Lib: qmuxd: TX message on fd=28, to qmux_client_id=2, len=75
07-02 19:26:35.766 355-794/? E/Diag_Lib: Thread state: conn_id=0, state=RX_THREAD_WAIT_POLL
07-02 19:26:35.766 355-355/? E/Diag_Lib: Thread state: conn_id=50, state=MAIN_THREAD_CLIENT_RECV
07-02 19:26:35.766 355-355/? E/Diag_Lib: qmuxd: RX 51 bytes on fd=28 from qmux_client_id=2
07-02 19:26:35.766 355-355/? E/Diag_Lib: Thread state: conn_id=50, state=MAIN_THREAD_MODEM_TX
07-02 19:26:35.766 355-355/? E/Diag_Lib: Thread state: conn_id=50, state=MAIN_THREAD_WAIT_SELECT
07-02 19:26:35.766 355-794/? E/Diag_Lib: Thread state: conn_id=0, state=RX_THREAD_WAIT_READ
07-02 19:26:35.766 355-794/? E/Diag_Lib: Thread state: conn_id=0, state=RX_THREAD_CLIENT_TX
07-02 19:26:35.766 355-794/? E/Diag_Lib: qmuxd: TX message on fd=28, to qmux_client_id=2, len=54
07-02 19:26:35.766 355-794/? E/Diag_Lib: Thread state: conn_id=0, state=RX_THREAD_WAIT_POLL
07-02 19:26:35.766 355-355/? E/Diag_Lib: Thread state: conn_id=50, state=MAIN_THREAD_CLIENT_RECV
07-02 19:26:35.766 355-355/? E/Diag_Lib: qmuxd: RX 47 bytes on fd=28 from qmux_client_id=2
07-02 19:26:35.766 355-355/? E/Diag_Lib: Thread state: conn_id=50, state=MAIN_THREAD_MODEM_TX
07-02 19:26:35.766 355-355/? E/Diag_Lib: Thread state: conn_id=50, state=MAIN_THREAD_WAIT_SELECT
07-02 19:26:35.766 355-794/? E/Diag_Lib: Thread state: conn_id=0, state=RX_THREAD_WAIT_READ
07-02 19:26:35.766 355-794/? E/Diag_Lib: Thread state: conn_id=0, state=RX_THREAD_CLIENT_TX
07-02 19:26:35.766 355-794/? E/Diag_Lib: qmuxd: TX message on fd=28, to qmux_client_id=2, len=58
07-02 19:26:35.766 355-794/? E/Diag_Lib: Thread state: conn_id=0, state=RX_THREAD_WAIT_POLL
07-02 19:26:35.766 355-355/? E/Diag_Lib: Thread state: conn_id=50, state=MAIN_THREAD_CLIENT_RECV
07-02 19:26:35.766 355-355/? E/Diag_Lib: qmuxd: RX 51 bytes on fd=28 from qmux_client_id=2
07-02 19:26:35.766 355-355/? E/Diag_Lib: Thread state: conn_id=50, state=MAIN_THREAD_MODEM_TX
07-02 19:26:35.766 355-355/? E/Diag_Lib: Thread state: conn_id=50, state=MAIN_THREAD_WAIT_SELECT
07-02 19:26:35.776 355-794/? E/Diag_Lib: Thread state: conn_id=0, state=RX_THREAD_WAIT_READ
07-02 19:26:35.776 355-794/? E/Diag_Lib: Thread state: conn_id=0, state=RX_THREAD_CLIENT_TX
07-02 19:26:35.776 355-794/? E/Diag_Lib: qmuxd: TX message on fd=28, to qmux_client_id=2, len=54
07-02 19:26:35.776 355-794/? E/Diag_Lib: Thread state: conn_id=0, state=RX_THREAD_WAIT_POLL
07-02 19:26:35.776 355-355/? E/Diag_Lib: Thread state: conn_id=50, state=MAIN_THREAD_CLIENT_RECV
07-02 19:26:35.776 355-355/? E/Diag_Lib: qmuxd: RX 47 bytes on fd=28 from qmux_client_id=2
07-02 19:26:35.776 355-355/? E/Diag_Lib: Thread state: conn_id=50, state=MAIN_THREAD_MODEM_TX
07-02 19:26:35.776 355-355/? E/Diag_Lib: Thread state: conn_id=50, state=MAIN_THREAD_WAIT_SELECT
07-02 19:26:35.776 355-794/? E/Diag_Lib: Thread state: conn_id=0, state=RX_THREAD_WAIT_READ
07-02 19:26:35.776 355-794/? E/Diag_Lib: Thread state: conn_id=0, state=RX_THREAD_CLIENT_TX
07-02 19:26:35.776 355-794/? E/Diag_Lib: qmuxd: TX message on fd=28, to qmux_client_id=2, len=58
07-02 19:26:35.776 355-794/? E/Diag_Lib: Thread state: conn_id=0, state=RX_THREAD_WAIT_POLL
07-02 19:26:35.776 355-355/? E/Diag_Lib: Thread state: conn_id=50, state=MAIN_THREAD_CLIENT_RECV
07-02 19:26:35.776 355-355/? E/Diag_Lib: qmuxd: RX 51 bytes on fd=28 from qmux_client_id=2
07-02 19:26:35.776 355-355/? E/Diag_Lib: Thread state: conn_id=50, state=MAIN_THREAD_MODEM_TX
07-02 19:26:35.776 355-355/? E/Diag_Lib: Thread state: conn_id=50, state=MAIN_THREAD_WAIT_SELECT
07-02 19:26:35.776 355-794/? E/Diag_Lib: Thread state: conn_id=0, state=RX_THREAD_WAIT_READ
07-02 19:26:35.776 355-794/? E/Diag_Lib: Thread state: conn_id=0, state=RX_THREAD_CLIENT_TX
07-02 19:26:35.776 355-794/? E/Diag_Lib: qmuxd: TX message on fd=28, to qmux_client_id=2, len=54
07-02 19:26:35.776 355-794/? E/Diag_Lib: Thread state: conn_id=0, state=RX_THREAD_WAIT_POLL
07-02 19:26:35.776 355-355/? E/Diag_Lib: Thread state: conn_id=50, state=MAIN_THREAD_CLIENT_RECV
07-02 19:26:35.776 355-355/? E/Diag_Lib: qmuxd: RX 51 bytes on fd=28 from qmux_client_id=2
07-02 19:26:35.776 355-355/? E/Diag_Lib: Thread state: conn_id=50, state=MAIN_THREAD_MODEM_TX
07-02 19:26:35.776 355-355/? E/Diag_Lib: Thread state: conn_id=50, state=MAIN_THREAD_WAIT_SELECT
07-02 19:26:35.786 355-794/? E/Diag_Lib: Thread state: conn_id=0, state=RX_THREAD_WAIT_READ
07-02 19:26:35.786 355-794/? E/Diag_Lib: Thread state: conn_id=0, state=RX_THREAD_CLIENT_TX
07-02 19:26:35.786 355-794/? E/Diag_Lib: qmuxd: TX message on fd=28, to qmux_client_id=2, len=54
07-02 19:26:35.786 355-794/? E/Diag_Lib: Thread state: conn_id=0, state=RX_THREAD_WAIT_POLL
07-02 19:26:35.786 355-355/? E/Diag_Lib: Thread state: conn_id=50, state=MAIN_THREAD_CLIENT_RECV
07-02 19:26:35.786 355-355/? E/Diag_Lib: qmuxd: RX 59 bytes on fd=28 from qmux_client_id=2
07-02 19:26:35.786 355-355/? E/Diag_Lib: Thread state: conn_id=50, state=MAIN_THREAD_MODEM_TX
07-02 19:26:35.786 355-355/? E/Diag_Lib: Thread state: conn_id=50, state=MAIN_THREAD_WAIT_SELECT
07-02 19:26:35.806 1711-1711/com.google.android.gms.persistent I/Auth: [AuthDelegateWrapper] Service intent: Intent { cmp=com.google.android.gms/.auth.account.authenticator.DefaultAuthDelegateService }.
07-02 19:26:35.826 1711-1711/com.google.android.gms.persistent I/Auth: [AuthDelegateWrapper] Service intent: Intent { cmp=com.google.android.gms/.auth.account.authenticator.DefaultAuthDelegateService }.
07-02 19:26:35.826 1711-1711/com.google.android.gms.persistent I/Auth: [AuthDelegateWrapper] Service intent: Intent { cmp=com.google.android.gms/.auth.account.authenticator.DefaultAuthDelegateService }.
07-02 19:26:35.896 3735-3735/com.android.vending W/Finsky: [1] com.google.android.finsky.services.n.a(313): Unable to preload experiments: com.android.volley.NoConnectionError: java.net.UnknownHostException: Unable to resolve host "android.clients.google.com": No address associated with hostname
07-02 19:26:35.996 820-1760/system_process I/art: Explicit concurrent mark sweep GC freed 22569(1366KB) AllocSpace objects, 9(280KB) LOS objects, 33% free, 14MB/21MB, paused 1.176ms total 92.969ms
07-02 19:26:36.006 1711-1711/com.google.android.gms.persistent I/Auth: [AuthDelegateWrapper] Service intent: Intent { cmp=com.google.android.gms/.auth.account.authenticator.DefaultAuthDelegateService }.
07-02 19:26:36.016 3735-3735/com.android.vending W/Finsky: [1] com.google.android.finsky.services.q.a(413): Self-update check failed with error: com.android.volley.NoConnectionError: java.net.UnknownHostException: Unable to resolve host "android.clients.google.com": No address associated with hostname
07-02 19:26:36.086 820-1755/system_process I/ActivityManager: Start proc com.google.android.gms:car for service com.google.android.gms/.car.CarService: pid=3950 uid=10021 gids={50021, 9997, 2001, 3003, 1007, 3006, 1028, 1015, 3002, 3001, 1005, 3007} abi=armeabi-v7a
07-02 19:26:36.096 1711-1711/com.google.android.gms.persistent I/Auth: [AuthDelegateWrapper] Service intent: Intent { cmp=com.google.android.gms/.auth.account.authenticator.DefaultAuthDelegateService }.
07-02 19:26:36.096 265-336/? I/ThermalEngine: Sensor:pa_therm1:35000 mC
07-02 19:26:36.136 3735-3735/com.android.vending W/Finsky: [1] com.google.android.finsky.j.ac.a(562): Library replication failed: com.android.volley.NoConnectionError: java.net.UnknownHostException: Unable to resolve host "android.clients.google.com": No address associated with hostname
07-02 19:26:36.146 3950-3950/com.google.android.gms:car W/ResourcesManager: Asset path '/system/framework/com.android.media.remotedisplay.jar' does not exist or contains no resources.
07-02 19:26:36.146 3950-3950/com.google.android.gms:car W/ResourcesManager: Asset path '/system/framework/com.android.location.provider.jar' does not exist or contains no resources.
07-02 19:26:36.176 3950-3950/com.google.android.gms:car I/MultiDex: VM with version 2.1.0 has multidex support
07-02 19:26:36.176 3950-3950/com.google.android.gms:car I/MultiDex: install
07-02 19:26:36.176 3950-3950/com.google.android.gms:car I/MultiDex: VM has multidex support, MultiDex support library is disabled.
07-02 19:26:36.216 3950-3950/com.google.android.gms:car V/JNIHelp: Registering com/google/android/gms/org/conscrypt/NativeCrypto's 255 native methods...
07-02 19:26:36.266 3950-3950/com.google.android.gms:car W/ActivityThread: ClassLoader.loadClass: The class loader returned by Thread.getContextClassLoader() may fail for processes that host multiple applications. You should explicitly specify a context class loader. For example: Thread.setContextClassLoader(getClass().getClassLoader());
07-02 19:26:36.266 3950-3950/com.google.android.gms:car W/System: Could not create com.google.android.gms.org.conscrypt.OpenSSLSocketFactoryImpl with ClassLoader android.app.LoadedApk$WarningContextClassLoader@370b28d6: com.google.android.gms.org.conscrypt.OpenSSLSocketFactoryImpl
07-02 19:26:36.266 3950-3950/com.google.android.gms:car I/ProviderInstaller: Installed default security provider GmsCore_OpenSSL
07-02 19:26:36.276 3950-3950/com.google.android.gms:car D/ChimeraCfgMgr: Reading stored module config
07-02 19:26:36.316 3950-3970/com.google.android.gms:car D/NativeLibraryUtils: Install completed successfully. count=0 extracted=0
07-02 19:26:36.386 3950-3965/com.google.android.gms:car W/art: Suspending all threads took: 7.682ms
07-02 19:26:36.436 3950-3950/com.google.android.gms:car I/art: Rejecting re-init on previously-failed class java.lang.Class<inz>
07-02 19:26:36.436 3950-3950/com.google.android.gms:car I/art: Rejecting re-init on previously-failed class java.lang.Class<inz>
07-02 19:26:36.476 3950-3950/com.google.android.gms:car D/CAR.SERVICE: com.google.android.projection.gearhead isn't installed.
07-02 19:26:36.476 3950-3950/com.google.android.gms:car D/CAR.SERVICE: onBind
07-02 19:26:36.476 3950-3950/com.google.android.gms:car D/CAR.SERVICE: CSB onClientsConnected
07-02 19:26:36.486 3950-3950/com.google.android.gms:car D/CAR.TEL.Service: Binding to InCallService
07-02 19:26:36.496 820-1757/system_process W/ActivityManager: Unable to start service Intent { act=local_action cmp=com.google.android.gms/.car.InCallService2 } U=0: not found
07-02 19:26:36.496 3950-3950/com.google.android.gms:car E/CAR.TEL.Service: Failed to bind to InCallService
07-02 19:26:36.566 3950-3967/com.google.android.gms:car I/DynamiteModule: Considering local module com.google.android.gms.googlecertificates:1 and remote module com.google.android.gms.googlecertificates:1
07-02 19:26:36.566 3950-3967/com.google.android.gms:car I/DynamiteModule: Selected remote version of com.google.android.gms.googlecertificates, version >= 1
07-02 19:26:36.576 3950-3967/com.google.android.gms:car D/ChimeraFileApk: Primary ABI of requesting process is armeabi-v7a
07-02 19:26:36.576 3950-3967/com.google.android.gms:car I/art: DexFile_isDexOptNeeded failed to open oat file '/data/dalvik-cache/arm/data@data@com.google.android.gms@app_chimera@m@00000000@DynamiteModulesA_GmsCore_prodlmp_xhdpi_release.apk@classes.dex' for file location '/data/data/com.google.android.gms/app_chimera/m/00000000/DynamiteModulesA_GmsCore_prodlmp_xhdpi_release.apk': Failed to open oat filename for reading: No such file or directory
07-02 19:26:36.576 3950-3967/com.google.android.gms:car D/ChimeraFileApk: Classloading successful. Optimized code found.
07-02 19:26:36.586 3950-3967/com.google.android.gms:car D/GoogleCertificates: com.google.android.gms.googlecertificates module is loaded
07-02 19:26:36.666 3950-3967/com.google.android.gms:car D/GoogleCertificatesImpl: Fetched 318 Google certificates
07-02 19:26:36.666 3950-3967/com.google.android.gms:car D/CAR.SERVICE: Package validated; name: com.android.vending
07-02 19:26:36.666 3950-3967/com.google.android.gms:car D/CAR.SERVICE: Android Auto doesn't have car home but we  have at least on alias in default or enabled state. Nothing to do.
07-02 19:26:36.816 1711-1711/com.google.android.gms.persistent I/Auth: [AuthDelegateWrapper] Service intent: Intent { cmp=com.google.android.gms/.auth.account.authenticator.DefaultAuthDelegateService }.
07-02 19:26:36.836 3735-3735/com.android.vending W/Finsky: [1] com.google.android.finsky.autoupdate.t.a(243): Update check failed: com.android.volley.NoConnectionError: java.net.UnknownHostException: Unable to resolve host "android.clients.google.com": No address associated with hostname
07-02 19:26:36.846 3735-3735/com.android.vending I/Finsky: [1] com.google.android.finsky.services.DailyHygiene.d(590): Logging device features
07-02 19:26:36.856 3735-3735/com.android.vending I/Finsky: [1] com.google.android.finsky.selfupdate.SelfUpdateCheckerScheduler.a(57): Cancelling accelerated self-Update check
07-02 19:26:36.866 3735-3735/com.android.vending W/InstanceID/Rpc: Found 10021
07-02 19:26:36.876 3735-3735/com.android.vending I/Finsky: [1] com.google.android.finsky.services.DailyHygiene.a(783): Scheduling new run in 751 minutes (failures=5)
07-02 19:26:36.916 1711-1711/com.google.android.gms.persistent D/WearableService: callingUid 10021, callindPid: 1711
07-02 19:26:36.916 1711-1728/com.google.android.gms.persistent D/DeviceConnectionService: client connected with version: 8486000
07-02 19:26:36.946 3735-3985/com.android.vending I/Finsky: [341] com.google.android.finsky.receivers.FlushLogsReceiver$FlushLogsService.onHandleIntent(163): Flushing event logs for [hJSqXmsY2k3a2LgvXs0YCdi9F0w]
07-02 19:26:36.946 3735-3788/com.android.vending I/PlayCommon: [329] com.google.android.play.a.ak.a(33603): Starting to flush logs
07-02 19:26:36.956 3735-3735/com.android.vending E/Finsky: [1] com.google.android.finsky.wear.bk.a(752): onConnectionFailed: ConnectionResult{statusCode=API_UNAVAILABLE, resolution=null, message=null}
07-02 19:26:36.956 3735-3735/com.android.vending I/Finsky: [1] com.google.android.finsky.wear.WearSupportService.a(6355): Dropping command=hygiene due to Gms not connected
07-02 19:26:36.976 1711-1711/com.google.android.gms.persistent I/Auth: [AuthDelegateWrapper] Service intent: Intent { cmp=com.google.android.gms/.auth.account.authenticator.DefaultAuthDelegateService }.
07-02 19:26:36.986 3735-3788/com.android.vending I/PlayCommon: [329] com.google.android.play.a.ak.a(33613): Log flushed by 0 successful uploads
07-02 19:26:37.006 820-1354/system_process I/ActivityManager: Killing 3270:com.google.android.apps.maps/u0a77 (adj 15): empty #17
07-02 19:26:37.086 820-1394/system_process W/libprocessgroup: failed to open /acct/uid_10077/pid_3270/cgroup.procs: No such file or directory
07-02 19:26:37.086 1711-3388/com.google.android.gms.persistent D/PlaceInferenceEngine: Stop called when not running
07-02 19:26:38.756 355-794/? E/Diag_Lib: Thread state: conn_id=0, state=RX_THREAD_WAIT_READ
07-02 19:26:38.756 355-794/? E/Diag_Lib: Thread state: conn_id=0, state=RX_THREAD_CLIENT_TX
07-02 19:26:38.756 355-794/? E/Diag_Lib: qmuxd: TX message on fd=28, to qmux_client_id=2, len=64
07-02 19:26:38.756 355-794/? E/Diag_Lib: Thread state: conn_id=0, state=RX_THREAD_WAIT_POLL
07-02 19:26:38.996 355-794/? E/Diag_Lib: Thread state: conn_id=0, state=RX_THREAD_WAIT_READ
07-02 19:26:38.996 355-794/? E/Diag_Lib: Thread state: conn_id=0, state=RX_THREAD_CLIENT_TX
07-02 19:26:38.996 355-794/? E/Diag_Lib: qmuxd: TX message on fd=28, to qmux_client_id=2, len=61
07-02 19:26:38.996 355-794/? E/Diag_Lib: Thread state: conn_id=0, state=RX_THREAD_WAIT_POLL
07-02 19:26:38.996 355-794/? E/Diag_Lib: Thread state: conn_id=0, state=RX_THREAD_WAIT_READ
07-02 19:26:38.996 355-794/? E/Diag_Lib: Thread state: conn_id=0, state=RX_THREAD_CLIENT_TX
07-02 19:26:38.996 355-794/? E/Diag_Lib: qmuxd: TX message on fd=29, to qmux_client_id=3, len=65
07-02 19:26:38.996 355-794/? E/Diag_Lib: Thread state: conn_id=0, state=RX_THREAD_WAIT_POLL
07-02 19:26:38.996 355-794/? E/Diag_Lib: Thread state: conn_id=0, state=RX_THREAD_WAIT_READ
07-02 19:26:38.996 355-794/? E/Diag_Lib: Thread state: conn_id=0, state=RX_THREAD_CLIENT_TX
07-02 19:26:38.996 355-794/? E/Diag_Lib: qmuxd: TX message on fd=28, to qmux_client_id=2, len=65
07-02 19:26:38.996 355-794/? E/Diag_Lib: Thread state: conn_id=0, state=RX_THREAD_WAIT_POLL
07-02 19:26:38.996 355-794/? E/Diag_Lib: Thread state: conn_id=0, state=RX_THREAD_WAIT_READ
07-02 19:26:38.996 355-794/? E/Diag_Lib: Thread state: conn_id=0, state=RX_THREAD_CLIENT_TX
07-02 19:26:38.996 355-794/? E/Diag_Lib: qmuxd: TX message on fd=29, to qmux_client_id=3, len=66
07-02 19:26:38.996 355-794/? E/Diag_Lib: Thread state: conn_id=0, state=RX_THREAD_WAIT_POLL
07-02 19:26:38.996 355-805/? E/Diag_Lib: Thread state: conn_id=1, state=RX_THREAD_WAIT_READ
07-02 19:26:38.996 355-805/? E/Diag_Lib: Thread state: conn_id=1, state=RX_THREAD_CLIENT_TX
07-02 19:26:38.996 355-805/? E/Diag_Lib: qmuxd: TX message on fd=28, to qmux_client_id=2, len=63
07-02 19:26:38.996 355-805/? E/Diag_Lib: Thread state: conn_id=1, state=RX_THREAD_WAIT_POLL
07-02 19:26:39.026 355-355/? E/Diag_Lib: Thread state: conn_id=50, state=MAIN_THREAD_CLIENT_RECV
07-02 19:26:39.026 355-355/? E/Diag_Lib: qmuxd: RX 54 bytes on fd=29 from qmux_client_id=3
07-02 19:26:39.026 355-355/? E/Diag_Lib: Thread state: conn_id=50, state=MAIN_THREAD_MODEM_TX
07-02 19:26:39.026 355-355/? E/Diag_Lib: Thread state: conn_id=50, state=MAIN_THREAD_WAIT_SELECT
07-02 19:26:39.026 355-794/? E/Diag_Lib: Thread state: conn_id=0, state=RX_THREAD_WAIT_READ
07-02 19:26:39.026 355-794/? E/Diag_Lib: Thread state: conn_id=0, state=RX_THREAD_CLIENT_TX
07-02 19:26:39.026 355-794/? E/Diag_Lib: qmuxd: TX message on fd=29, to qmux_client_id=3, len=100
07-02 19:26:39.026 355-794/? E/Diag_Lib: Thread state: conn_id=0, state=RX_THREAD_WAIT_POLL
07-02 19:26:39.096 355-355/? E/Diag_Lib: Thread state: conn_id=50, state=MAIN_THREAD_CLIENT_RECV
07-02 19:26:39.096 355-355/? E/Diag_Lib: qmuxd: RX 54 bytes on fd=28 from qmux_client_id=2
07-02 19:26:39.096 355-355/? E/Diag_Lib: Thread state: conn_id=50, state=MAIN_THREAD_MODEM_TX
07-02 19:26:39.096 355-355/? E/Diag_Lib: Thread state: conn_id=50, state=MAIN_THREAD_WAIT_SELECT
07-02 19:26:39.096 355-794/? E/Diag_Lib: Thread state: conn_id=0, state=RX_THREAD_WAIT_READ
07-02 19:26:39.096 355-794/? E/Diag_Lib: Thread state: conn_id=0, state=RX_THREAD_CLIENT_TX
07-02 19:26:39.096 355-794/? E/Diag_Lib: qmuxd: TX message on fd=28, to qmux_client_id=2, len=86
07-02 19:26:39.096 355-794/? E/Diag_Lib: Thread state: conn_id=0, state=RX_THREAD_WAIT_POLL
07-02 19:26:39.116 355-355/? E/Diag_Lib: Thread state: conn_id=50, state=MAIN_THREAD_CLIENT_RECV
07-02 19:26:39.116 355-355/? E/Diag_Lib: qmuxd: RX 54 bytes on fd=28 from qmux_client_id=2
07-02 19:26:39.116 355-355/? E/Diag_Lib: Thread state: conn_id=50, state=MAIN_THREAD_MODEM_TX
07-02 19:26:39.116 355-355/? E/Diag_Lib: Thread state: conn_id=50, state=MAIN_THREAD_WAIT_SELECT
07-02 19:26:39.116 355-794/? E/Diag_Lib: Thread state: conn_id=0, state=RX_THREAD_WAIT_READ
07-02 19:26:39.116 355-794/? E/Diag_Lib: Thread state: conn_id=0, state=RX_THREAD_CLIENT_TX
07-02 19:26:39.116 355-794/? E/Diag_Lib: qmuxd: TX message on fd=28, to qmux_client_id=2, len=86
07-02 19:26:39.116 355-794/? E/Diag_Lib: Thread state: conn_id=0, state=RX_THREAD_WAIT_POLL
07-02 19:26:39.116 355-355/? E/Diag_Lib: Thread state: conn_id=50, state=MAIN_THREAD_CLIENT_RECV
07-02 19:26:39.116 355-355/? E/Diag_Lib: qmuxd: RX 47 bytes on fd=28 from qmux_client_id=2
07-02 19:26:39.116 355-355/? E/Diag_Lib: Thread state: conn_id=50, state=MAIN_THREAD_MODEM_TX
07-02 19:26:39.116 355-355/? E/Diag_Lib: Thread state: conn_id=50, state=MAIN_THREAD_WAIT_SELECT
07-02 19:26:39.116 355-794/? E/Diag_Lib: Thread state: conn_id=0, state=RX_THREAD_WAIT_READ
07-02 19:26:39.116 355-794/? E/Diag_Lib: Thread state: conn_id=0, state=RX_THREAD_CLIENT_TX
07-02 19:26:39.116 355-794/? E/Diag_Lib: qmuxd: TX message on fd=28, to qmux_client_id=2, len=73
07-02 19:26:39.116 355-794/? E/Diag_Lib: Thread state: conn_id=0, state=RX_THREAD_WAIT_POLL
07-02 19:26:39.116 355-355/? E/Diag_Lib: Thread state: conn_id=50, state=MAIN_THREAD_CLIENT_RECV
07-02 19:26:39.116 355-355/? E/Diag_Lib: qmuxd: RX 880 bytes on fd=28 from qmux_client_id=2
07-02 19:26:39.116 355-355/? E/Diag_Lib: Thread state: conn_id=50, state=MAIN_THREAD_MODEM_TX
07-02 19:26:39.116 355-355/? E/Diag_Lib: Sending control message with message id:22
07-02 19:26:39.116 355-355/? E/Diag_Lib: Thread state: conn_id=50, state=MAIN_THREAD_WAIT_SELECT
07-02 19:26:39.116 355-794/? E/Diag_Lib: Thread state: conn_id=0, state=RX_THREAD_WAIT_READ
07-02 19:26:39.116 355-794/? E/Diag_Lib: Thread state: conn_id=0, state=RX_THREAD_CLIENT_TX
07-02 19:26:39.116 355-794/? E/Diag_Lib:  Striping of the standard result code ...
07-02 19:26:39.116 355-794/? E/Diag_Lib: Adding client 35, service 1, conn_id=0...
07-02 19:26:39.116 355-794/? E/Diag_Lib: .... for qmux_client_id = 2, in slot 2, for clnt_srv_info=b8616bb0
07-02 19:26:39.116 355-794/? E/Diag_Lib: qmuxd: TX message on fd=28, to qmux_client_id=2, len=880
07-02 19:26:39.116 355-794/? E/Diag_Lib: Thread state: conn_id=0, state=RX_THREAD_WAIT_POLL
07-02 19:26:39.116 355-355/? E/Diag_Lib: Thread state: conn_id=50, state=MAIN_THREAD_CLIENT_RECV
07-02 19:26:39.116 355-355/? E/Diag_Lib: qmuxd: RX 47 bytes on fd=28 from qmux_client_id=2
07-02 19:26:39.116 355-355/? E/Diag_Lib: Thread state: conn_id=50, state=MAIN_THREAD_MODEM_TX
07-02 19:26:39.116 355-355/? E/Diag_Lib: Thread state: conn_id=50, state=MAIN_THREAD_WAIT_SELECT
07-02 19:26:39.116 355-794/? E/Diag_Lib: Thread state: conn_id=0, state=RX_THREAD_WAIT_READ
07-02 19:26:39.116 355-794/? E/Diag_Lib: Thread state: conn_id=0, state=RX_THREAD_CLIENT_TX
07-02 19:26:39.116 355-794/? E/Diag_Lib: qmuxd: TX message on fd=28, to qmux_client_id=2, len=73
07-02 19:26:39.116 355-794/? E/Diag_Lib: Thread state: conn_id=0, state=RX_THREAD_WAIT_POLL
07-02 19:26:39.126 355-355/? E/Diag_Lib: Thread state: conn_id=50, state=MAIN_THREAD_CLIENT_RECV
07-02 19:26:39.126 355-355/? E/Diag_Lib: qmuxd: RX 51 bytes on fd=28 from qmux_client_id=2
07-02 19:26:39.126 355-355/? E/Diag_Lib: Thread state: conn_id=50, state=MAIN_THREAD_MODEM_TX
07-02 19:26:39.126 355-355/? E/Diag_Lib: Thread state: conn_id=50, state=MAIN_THREAD_WAIT_SELECT
07-02 19:26:39.126 355-794/? E/Diag_Lib: Thread state: conn_id=0, state=RX_THREAD_WAIT_READ
07-02 19:26:39.126 355-794/? E/Diag_Lib: Thread state: conn_id=0, state=RX_THREAD_CLIENT_TX
07-02 19:26:39.126 355-794/? E/Diag_Lib: qmuxd: TX message on fd=28, to qmux_client_id=2, len=54
07-02 19:26:39.126 355-794/? E/Diag_Lib: Thread state: conn_id=0, state=RX_THREAD_WAIT_POLL
07-02 19:26:39.126 355-355/? E/Diag_Lib: Thread state: conn_id=50, state=MAIN_THREAD_CLIENT_RECV
07-02 19:26:39.126 355-355/? E/Diag_Lib: qmuxd: RX 51 bytes on fd=28 from qmux_client_id=2
07-02 19:26:39.126 355-355/? E/Diag_Lib: Thread state: conn_id=50, state=MAIN_THREAD_MODEM_TX
07-02 19:26:39.126 355-355/? E/Diag_Lib: Thread state: conn_id=50, state=MAIN_THREAD_WAIT_SELECT
07-02 19:26:39.126 355-794/? E/Diag_Lib: Thread state: conn_id=0, state=RX_THREAD_WAIT_READ
07-02 19:26:39.126 355-794/? E/Diag_Lib: Thread state: conn_id=0, state=RX_THREAD_CLIENT_TX
07-02 19:26:39.126 355-794/? E/Diag_Lib: qmuxd: TX message on fd=28, to qmux_client_id=2, len=54
07-02 19:26:39.126 355-794/? E/Diag_Lib: Thread state: conn_id=0, state=RX_THREAD_WAIT_POLL
07-02 19:26:39.126 355-355/? E/Diag_Lib: Thread state: conn_id=50, state=MAIN_THREAD_CLIENT_RECV
07-02 19:26:39.126 355-355/? E/Diag_Lib: qmuxd: RX 47 bytes on fd=28 from qmux_client_id=2
07-02 19:26:39.126 355-355/? E/Diag_Lib: Thread state: conn_id=50, state=MAIN_THREAD_MODEM_TX
07-02 19:26:39.126 355-355/? E/Diag_Lib: Thread state: conn_id=50, state=MAIN_THREAD_WAIT_SELECT
07-02 19:26:39.126 355-794/? E/Diag_Lib: Thread state: conn_id=0, state=RX_THREAD_WAIT_READ
07-02 19:26:39.126 355-794/? E/Diag_Lib: Thread state: conn_id=0, state=RX_THREAD_CLIENT_TX
07-02 19:26:39.126 355-794/? E/Diag_Lib: qmuxd: TX message on fd=28, to qmux_client_id=2, len=58
07-02 19:26:39.126 355-794/? E/Diag_Lib: Thread state: conn_id=0, state=RX_THREAD_WAIT_POLL
07-02 19:26:39.146 1296-1296/com.android.phone D/TelephonyProvider: subIdString = 2 subId = 2
07-02 19:26:39.146 1296-1296/com.android.phone D/TelephonyProvider: subIdString = 2 subId = 2
07-02 19:26:39.156 820-1755/system_process D/ConnectivityService: setProvNotificationVisible: E visible=false networkType=0 action=com.android.internal.telephony.PROVISION0
07-02 19:26:39.156 820-1755/system_process D/ConnectivityService: setProvNotificationVisibleIntent: E visible=false networkType=0 extraInfo=null
07-02 19:26:39.176 820-1671/system_process D/ConnectivityService: registerNetworkAgent NetworkAgentInfo{ ni{[type: MOBILE[CDMA - eHRPD], state: CONNECTED/CONNECTED, reason: connected, extra: (none), roaming: false, failover: false, isAvailable: true, isConnectedToProvisioningNetwork: false]}  network{null}  lp{{InterfaceName: rmnet0 LinkAddresses: [26.253.7.28/29,]  Routes: [0.0.0.0/0 -> 26.253.7.29 rmnet0,] DnsAddresses: [68.28.208.220,68.28.195.155,] Domains: null MTU: 1422 TcpBufferSizes: 131072,262144,1048576,4096,16384,524288}}  nc{[ Transports: CELLULAR Capabilities: MMS&SUPL&FOTA&IMS&CBS&INTERNET&NOT_RESTRICTED&TRUSTED&NOT_VPN LinkUpBandwidth>=153Kbps LinkDnBandwidth>=2516Kbps Specifier: <2>]}  Score{10} validated{false} created{false} explicitlySelected{false} }
07-02 19:26:39.196 820-933/system_process D/ConnectivityService: NetworkAgentInfo [MOBILE (CDMA - eHRPD) - 100] EVENT_NETWORK_INFO_CHANGED, going from null to CONNECTED
07-02 19:26:39.206 820-933/system_process D/ConnectivityService: Adding iface rmnet0 to network 100
07-02 19:26:39.216 355-355/? E/Diag_Lib: Thread state: conn_id=50, state=MAIN_THREAD_CLIENT_RECV
07-02 19:26:39.216 355-355/? E/Diag_Lib: qmuxd: RX 47 bytes on fd=28 from qmux_client_id=2
07-02 19:26:39.216 355-355/? E/Diag_Lib: Thread state: conn_id=50, state=MAIN_THREAD_MODEM_TX
07-02 19:26:39.216 355-355/? E/Diag_Lib: Thread state: conn_id=50, state=MAIN_THREAD_WAIT_SELECT
07-02 19:26:39.216 355-794/? E/Diag_Lib: Thread state: conn_id=0, state=RX_THREAD_WAIT_READ
07-02 19:26:39.216 355-794/? E/Diag_Lib: Thread state: conn_id=0, state=RX_THREAD_CLIENT_TX
07-02 19:26:39.216 355-794/? E/Diag_Lib: qmuxd: TX message on fd=28, to qmux_client_id=2, len=73
07-02 19:26:39.216 355-794/? E/Diag_Lib: Thread state: conn_id=0, state=RX_THREAD_WAIT_POLL
07-02 19:26:39.226 2095-4006/com.google.android.gms I/art: Explicit concurrent mark sweep GC freed 48503(3MB) AllocSpace objects, 10(153KB) LOS objects, 39% free, 10MB/18MB, paused 1.180ms total 108.393ms
07-02 19:26:39.246 2095-4006/com.google.android.gms W/IcingInternalCorpora: getNumBytesRead when not calculated.
07-02 19:26:39.256 820-933/system_process D/ConnectivityService: Setting MTU size: rmnet0, 1422
07-02 19:26:39.256 820-933/system_process D/ConnectivityService: Adding Route [0.0.0.0/0 -> 26.253.7.29 rmnet0] to network 100
07-02 19:26:39.266 820-933/system_process D/ConnectivityService: Setting Dns servers for network 100 to [/68.28.208.220, /68.28.195.155]
07-02 19:26:39.266 820-933/system_process D/Nat464Xlat: requiresClat: netType=0, connected=true, hasIPv4Address=true
07-02 19:26:39.266 820-933/system_process D/ConnectivityService: notifyType IP_CHANGED for NetworkAgentInfo [MOBILE (CDMA - eHRPD) - 100]
07-02 19:26:39.266 820-933/system_process D/ConnectivityService: notifyType PRECHECK for NetworkAgentInfo [MOBILE (CDMA - eHRPD) - 100]
07-02 19:26:39.266 820-933/system_process D/ConnectivityService: rematching NetworkAgentInfo [MOBILE (CDMA - eHRPD) - 100]
07-02 19:26:39.266 820-4012/system_process D/NetworkMonitorNetworkAgentInfo[MOBILE(CDMA-eHRPD)-null]: DefaultState{ when=0 what=532481 target=com.android.internal.util.StateMachine$SmHandler }
07-02 19:26:39.266 820-4012/system_process D/NetworkMonitorNetworkAgentInfo[MOBILE(CDMA-eHRPD)-null]: Connected
07-02 19:26:39.266 820-933/system_process D/ConnectivityService:    accepting network in place of null
07-02 19:26:39.266 820-4012/system_process D/NetworkMonitorNetworkAgentInfo[MOBILE(CDMA-eHRPD)-null]: EvaluatingState{ when=0 what=532486 arg1=1 target=com.android.internal.util.StateMachine$SmHandler }
07-02 19:26:39.266 820-933/system_process D/ConnectivityService: Setting tx/rx TCP buffers to 131072,262144,1048576,4096,16384,524288
07-02 19:26:39.276 820-4012/system_process D/NetworkMonitorNetworkAgentInfo[MOBILE(CDMA-eHRPD)-null]: Checking http://clients3.google.com/generate_204 on null
07-02 19:26:39.276 820-933/system_process D/CSLegacyTypeTracker: Sending connected broadcast for type 0 NetworkAgentInfo [MOBILE (CDMA - eHRPD) - 100] isDefaultNetwork=true
07-02 19:26:39.276 820-933/system_process D/ConnectivityService: sendStickyBroadcast: action=android.net.conn.CONNECTIVITY_CHANGE_IMMEDIATE
07-02 19:26:39.276 820-863/system_process D/Tethering: MasterInitialState.processMessage what=3
07-02 19:26:39.276 820-933/system_process D/ConnectivityService: Switching to new default network: NetworkAgentInfo{ ni{[type: MOBILE[CDMA - eHRPD], state: CONNECTED/CONNECTED, reason: connected, extra: (none), roaming: false, failover: false, isAvailable: true, isConnectedToProvisioningNetwork: false]}  network{100}  lp{{InterfaceName: rmnet0 LinkAddresses: [26.253.7.28/29,]  Routes: [0.0.0.0/0 -> 26.253.7.29 rmnet0,] DnsAddresses: [68.28.208.220,68.28.195.155,] Domains: null MTU: 1422 TcpBufferSizes: 131072,262144,1048576,4096,16384,524288}}  nc{[ Transports: CELLULAR Capabilities: MMS&SUPL&FOTA&IMS&CBS&INTERNET&NOT_RESTRICTED&TRUSTED&NOT_VPN LinkUpBandwidth>=153Kbps LinkDnBandwidth>=2516Kbps Specifier: <2>]}  Score{10} validated{false} created{true} explicitlySelected{false} }
07-02 19:26:39.296 257-788/? V/IdletimerController: runCmd(/system/bin/ip6tables -t raw -A idletimer_raw_PREROUTING -i rmnet0 -j IDLETIMER --timeout 5 --label 0 --send_nl_msg 1) res_ipv4=0, res_ipv6=0
07-02 19:26:39.326 257-788/? V/IdletimerController: runCmd(/system/bin/ip6tables -t mangle -A idletimer_mangle_POSTROUTING -o rmnet0 -j IDLETIMER --timeout 5 --label 0 --send_nl_msg 1) res_ipv4=0, res_ipv6=0
07-02 19:26:39.326 1711-1711/com.google.android.gms.persistent I/art: Explicit concurrent mark sweep GC freed 78517(6MB) AllocSpace objects, 4(64KB) LOS objects, 39% free, 13MB/22MB, paused 1.508ms total 137.117ms
07-02 19:26:39.466 820-933/system_process D/ConnectivityService: notifyType AVAILABLE for NetworkAgentInfo [MOBILE (CDMA - eHRPD) - 100]
07-02 19:26:39.466 1625-3227/com.google.android.googlequicksearchbox:search D/ConnectivityManager.CallbackHandler: CM callback handler got msg 524290
07-02 19:26:39.466 996-1605/com.android.systemui D/ConnectivityManager.CallbackHandler: CM callback handler got msg 524290
07-02 19:26:39.466 820-851/system_process W/art: Long monitor contention event with owner method=void java.lang.Object.wait!(long, int) from Object.java:4294967294 waiters=0 for 108ms
07-02 19:26:40.866 2095-4052/com.google.android.gms D/DropBoxEntryAddedChimeraService: User is not opted-in to Usage & Diagnostics or Lockbox.
07-02 19:26:41.056 355-794/? E/Diag_Lib: Thread state: conn_id=0, state=RX_THREAD_WAIT_READ
07-02 19:26:41.056 355-794/? E/Diag_Lib: Thread state: conn_id=0, state=RX_THREAD_CLIENT_TX
07-02 19:26:41.056 355-794/? E/Diag_Lib: qmuxd: TX message on fd=28, to qmux_client_id=2, len=64
07-02 19:26:41.056 355-794/? E/Diag_Lib: Thread state: conn_id=0, state=RX_THREAD_WAIT_POLL
07-02 19:26:41.106 265-336/? I/ThermalEngine: Sensor:pa_therm1:36000 mC
07-02 19:26:41.716 3950-3950/com.google.android.gms:car D/CAR.SERVICE: onUnbind
07-02 19:26:41.716 3950-3950/com.google.android.gms:car D/CAR.SERVICE: CSB onClientsDisconnected
07-02 19:26:41.716 3950-3950/com.google.android.gms:car D/CAR.SERVICE: tearDown
07-02 19:26:41.716 3950-3950/com.google.android.gms:car D/CAR.SERVICE: tearDownCarState
07-02 19:26:41.726 3950-3950/com.google.android.gms:car D/CAR.SERVICE: Skip, car not connected.
07-02 19:26:41.726 3950-3950/com.google.android.gms:car D/CAR.SERVICE: tearDownClientState
07-02 19:26:41.736 3950-3950/com.google.android.gms:car D/CAR.SERVICE: requestStop
07-02 19:26:41.736 3950-3950/com.google.android.gms:car D/CAR.SERVICE: onDestroy
07-02 19:26:41.736 3950-3950/com.google.android.gms:car D/CAR.SERVICE: tearDown
07-02 19:26:41.736 3950-3950/com.google.android.gms:car D/CAR.SERVICE: tearDownCarState
07-02 19:26:41.736 3950-3950/com.google.android.gms:car D/CAR.SERVICE: Skip, car not connected.
07-02 19:26:41.736 3950-3950/com.google.android.gms:car D/CAR.SERVICE: tearDownClientState
07-02 19:26:41.736 3950-3950/com.google.android.gms:car D/CAR.SERVICE: requestStop
07-02 19:26:41.746 3950-3950/com.google.android.gms:car E/ActivityThread: Service com.google.android.gms.car.CarService has leaked ServiceConnection com.google.android.gms.car.CarCallService@3039e5dc that was originally bound here
                                                                          android.app.ServiceConnectionLeaked: Service com.google.android.gms.car.CarService has leaked ServiceConnection com.google.android.gms.car.CarCallService@3039e5dc that was originally bound here
                                                                              at android.app.LoadedApk$ServiceDispatcher.<init>(LoadedApk.java:1073)
                                                                              at android.app.LoadedApk.getServiceDispatcher(LoadedApk.java:967)
                                                                              at android.app.ContextImpl.bindServiceCommon(ContextImpl.java:1801)
                                                                              at android.app.ContextImpl.bindService(ContextImpl.java:1784)
                                                                              at android.content.ContextWrapper.bindService(ContextWrapper.java:538)
                                                                              at android.content.ContextWrapper.bindService(ContextWrapper.java:538)
                                                                              at android.content.ContextWrapper.bindService(ContextWrapper.java:538)
                                                                              at irv.a(:com.google.android.gms:120)
                                                                              at irv.a(:com.google.android.gms:137)
                                                                              at com.google.android.gms.car.CarCallService.h(:com.google.android.gms:76)
                                                                              at com.google.android.gms.car.CarCallService.<init>(:com.google.android.gms:64)
                                                                              at fgl.i(:com.google.android.gms:551)
                                                                              at com.google.android.gms.car.CarChimeraService.onBind(:com.google.android.gms:163)
                                                                              at com.google.android.chimera.container.ServiceProxy.onBind(:com.google.android.gms:160)
                                                                              at android.app.ActivityThread.handleBindService(ActivityThread.java:2787)
                                                                              at android.app.ActivityThread.access$2000(ActivityThread.java:147)
                                                                              at android.app.ActivityThread$H.handleMessage(ActivityThread.java:1384)
                                                                              at android.os.Handler.dispatchMessage(Handler.java:102)
                                                                              at android.os.Looper.loop(Looper.java:135)
                                                                              at android.app.ActivityThread.main(ActivityThread.java:5254)
                                                                              at java.lang.reflect.Method.invoke(Native Method)
                                                                              at java.lang.reflect.Method.invoke(Method.java:372)
                                                                              at com.android.internal.os.ZygoteInit$MethodAndArgsCaller.run(ZygoteInit.java:898)
                                                                              at com.android.internal.os.ZygoteInit.main(ZygoteInit.java:693)
07-02 19:26:41.746 820-1757/system_process W/ActivityManager: Unbind failed: could not find connection for android.os.BinderProxy@e331f1d
07-02 19:26:42.286 820-933/system_process D/ConnectivityService: sendStickyBroadcast: action=android.net.conn.CONNECTIVITY_CHANGE
07-02 19:26:42.296 820-1760/system_process V/BackupManagerService: Scheduling immediate backup pass
07-02 19:26:42.346 820-820/system_process V/BackupManagerService: Running a backup pass
07-02 19:26:42.346 3536-3536/com.google.android.music:main D/MusicLifecycle: com.google.android.music.net.NetworkMonitor$2 generated event: Broadcast received with context com.google.android.music.net.NetworkMonitor@17936f1f and intent Intent { act=android.net.conn.CONNECTIVITY_CHANGE flg=0x4000010 (has extras) }
07-02 19:26:42.346 1625-1625/com.google.android.googlequicksearchbox:search D/NetworkChangeNotifierAutoDetect: Network connectivity changed, type is: 4
07-02 19:26:42.356 3536-3536/com.google.android.music:main I/NetworkMonitor: type=MOBILE subType=CDMA - eHRPD reason=connected isConnected=true
07-02 19:26:42.396 2095-2095/com.google.android.gms V/Herrevad: NQAS connected
07-02 19:26:42.416 820-942/system_process V/BackupManagerService: clearing pending backups
07-02 19:26:42.426 820-942/system_process V/PerformBackupTask: Beginning backup of 10 targets
07-02 19:26:42.426 820-942/system_process D/PerformBackupTask: invokeAgentForBackup on @pm@
07-02 19:26:42.426 820-942/system_process E/PMBA: No global metadata in state file!
07-02 19:26:42.426 820-942/system_process I/PMBA: Previous metadata null mismatch vs f8b34b5776 - rewriting
07-02 19:26:42.436 355-355/? E/Diag_Lib: Thread state: conn_id=50, state=MAIN_THREAD_CLIENT_RECV
07-02 19:26:42.436 355-355/? E/Diag_Lib: qmuxd: RX 47 bytes on fd=28 from qmux_client_id=2
07-02 19:26:42.436 355-355/? E/Diag_Lib: Thread state: conn_id=50, state=MAIN_THREAD_MODEM_TX
07-02 19:26:42.436 355-355/? E/Diag_Lib: Thread state: conn_id=50, state=MAIN_THREAD_WAIT_SELECT
07-02 19:26:42.436 355-794/? E/Diag_Lib: Thread state: conn_id=0, state=RX_THREAD_WAIT_READ
07-02 19:26:42.436 355-794/? E/Diag_Lib: Thread state: conn_id=0, state=RX_THREAD_CLIENT_TX
07-02 19:26:42.436 355-794/? E/Diag_Lib: qmuxd: TX message on fd=28, to qmux_client_id=2, len=73
07-02 19:26:42.436 355-794/? E/Diag_Lib: Thread state: conn_id=0, state=RX_THREAD_WAIT_POLL
07-02 19:26:42.446 355-794/? E/Diag_Lib: Thread state: conn_id=0, state=RX_THREAD_WAIT_READ
07-02 19:26:42.446 355-794/? E/Diag_Lib: Thread state: conn_id=0, state=RX_THREAD_CLIENT_TX
07-02 19:26:42.446 355-794/? E/Diag_Lib: qmuxd: TX message on fd=28, to qmux_client_id=2, len=57
07-02 19:26:42.446 355-794/? E/Diag_Lib: Thread state: conn_id=0, state=RX_THREAD_WAIT_POLL
07-02 19:26:42.466 820-942/system_process I/BackupRestoreController: Getting widget state for user: 0
07-02 19:26:42.476 1711-1729/com.google.android.gms.persistent W/GmsBackupTransport: Unknown package in backup request: @pm@
07-02 19:26:42.486 1711-1729/com.google.android.gms.persistent V/GmsBackupTransport: starting performBackup for @pm@
07-02 19:26:42.496 1711-1729/com.google.android.gms.persistent V/GmsBackupTransport: performBackup done for @pm@
07-02 19:26:42.496 1711-3296/com.google.android.gms.persistent W/GmsBackupAccountManager: Backup account not found in gmscore.
07-02 19:26:42.506 1711-3296/com.google.android.gms.persistent W/GmsBackupTransport: Backup account missing, trying again later
07-02 19:26:42.506 1711-3296/com.google.android.gms.persistent W/GmsBackupTransport: Error sending final backup to server: 
                                                                                     evi: No backup account found.
                                                                                         at com.google.android.gms.backup.BackupTransportChimeraService.a(:com.google.android.gms:1207)
                                                                                         at etk.a(:com.google.android.gms:463)
                                                                                         at etk.finishBackup(:com.google.android.gms:429)
                                                                                         at android.app.backup.BackupTransport$TransportImpl.finishBackup(BackupTransport.java:544)
                                                                                         at com.android.internal.backup.IBackupTransport$Stub.onTransact(IBackupTransport.java:162)
                                                                                         at android.os.Binder.execTransact(Binder.java:446)
07-02 19:26:42.506 820-942/system_process D/BackupManagerService: Now staging backup of com.android.providers.userdictionary
07-02 19:26:42.546 3536-3594/com.google.android.music:main I/NetworkMonitor: Successful Network Quality Client prediction bitrate = 1759
07-02 19:26:42.596 820-942/system_process D/BackupManagerService: Now staging backup of com.android.vending
07-02 19:26:42.606 820-1757/system_process I/ActivityManager: Start proc com.cyanogenmod.updater for broadcast com.cyanogenmod.updater/.receiver.UpdateCheckReceiver: pid=4094 uid=10003 gids={50003, 9997, 3003, 1028, 1015, 2001} abi=armeabi-v7a
07-02 19:26:42.616 820-942/system_process D/BackupManagerService: Now staging backup of com.android.providers.settings
07-02 19:26:42.636 820-942/system_process D/BackupManagerService: Now staging backup of android
07-02 19:26:42.636 820-942/system_process D/BackupManagerService: Now staging backup of com.android.calendar
07-02 19:26:42.666 820-942/system_process D/BackupManagerService: Now staging backup of com.android.dialer
07-02 19:26:42.676 820-942/system_process D/BackupManagerService: Now staging backup of com.android.mms
07-02 19:26:42.676 4094-4094/com.cyanogenmod.updater I/UpdateCheckReceiver: Got connectivity change, has connection: true
07-02 19:26:42.676 4094-4094/com.cyanogenmod.updater I/UpdateCheckReceiver: Scheduling future, repeating update checks.
07-02 19:26:42.686 820-942/system_process D/BackupManagerService: Now staging backup of com.android.sharedstoragebackup
07-02 19:26:42.686 820-850/system_process E/GpsLocationProvider: No APN found to select.
07-02 19:26:42.686 820-942/system_process D/BackupManagerService: Now staging backup of com.android.browser
07-02 19:26:42.686 820-1091/system_process I/ActivityManager: Killing 3413:eu.chainfire.supersu/u0a99 (adj 15): empty #17
07-02 19:26:42.696 820-942/system_process D/BackupManagerService: Now staging backup of com.google.android.googlequicksearchbox
07-02 19:26:42.696 1711-1877/com.google.android.gms.persistent W/GmsBackupAccountManager: Backup account not found in gmscore.
07-02 19:26:42.706 820-1473/system_process W/libprocessgroup: failed to open /acct/uid_10099/pid_3413/cgroup.procs: No such file or directory
07-02 19:26:42.716 820-942/system_process I/BackupManagerService: Backup pass finished.
07-02 19:26:42.726 2095-4126/com.google.android.gms E/ActivityThread: Failed to find provider info for com.android.contacts.metadata
07-02 19:26:42.736 820-4130/system_process E/GpsXtraDownloader: No XTRA servers were specified in the GPS configuration
07-02 19:26:42.736 3577-4124/com.android.mms D/ConnectivityManager: stopUsingNetworkFeatureForSubscription: for 0 feature = enableMMS subId = 2
07-02 19:26:42.736 820-850/system_process D/SyncManager: failed sync operation rekagear20@gmail.com u0 (com.google), com.android.contacts.metadata, POLL, currentRunTime 28093, reason: UserStart, SyncResult: databaseError: true stats []
07-02 19:26:42.736 820-850/system_process D/SyncManager: not retrying sync operation because the error is a hard error: rekagear20@gmail.com u0 (com.google), com.android.contacts.metadata, POLL, currentRunTime 118245, reason: UserStart
07-02 19:26:42.746 2095-4123/com.google.android.gms I/PeopleSync: onPerformSync() [938f3bb3]
07-02 19:26:42.756 2095-4133/com.google.android.gms I/iu.SyncManager: SYNC; picasa accounts
07-02 19:26:42.776 2095-2095/com.google.android.gms D/NetworkLogImpl: Loaded NetworkSpeedPredictor
07-02 19:26:42.796 2095-2095/com.google.android.gms I/iu.Environment: update connectivity state; isNetworkMetered? true*, isRoaming? false, isBackgroundDataAllowed? true*
07-02 19:26:42.806 2095-4133/com.google.android.gms I/iu.UploadsManager: num queued entries: 0
07-02 19:26:42.806 2095-4133/com.google.android.gms I/iu.UploadsManager: num updated entries: 0
07-02 19:26:42.806 2095-4133/com.google.android.gms I/iu.SyncManager: NEXT; no task
07-02 19:26:42.926 2095-4137/com.google.android.gms D/DropBoxEntryAddedChimeraService: User is not opted-in to Usage & Diagnostics or Lockbox.
07-02 19:26:42.956 1711-1711/com.google.android.gms.persistent I/Auth: [AuthDelegateWrapper] Service intent: Intent { cmp=com.google.android.gms/.auth.account.authenticator.DefaultAuthDelegateService }.
07-02 19:26:42.956 2095-4139/com.google.android.gms I/PeopleDatabaseHelper: cleanUpNonGplusAccounts done.
07-02 19:26:42.976 1711-1711/com.google.android.gms.persistent I/Auth: [AuthDelegateWrapper] Service intent: Intent { cmp=com.google.android.gms/.auth.account.authenticator.DefaultAuthDelegateService }.
07-02 19:26:43.156 2095-4123/com.google.android.gms I/PeopleSync: Setting subscription: result=true [938f3bb3]
07-02 19:26:43.156 2095-4123/com.google.android.gms I/PeopleSync: Starting sync, feed=null [938f3bb3]
07-02 19:26:43.286 820-837/system_process I/art: Explicit concurrent mark sweep GC freed 34041(2MB) AllocSpace objects, 19(795KB) LOS objects, 33% free, 14MB/21MB, paused 1.347ms total 101.867ms
07-02 19:26:43.296 355-794/? E/Diag_Lib: Thread state: conn_id=0, state=RX_THREAD_WAIT_READ
07-02 19:26:43.296 355-794/? E/Diag_Lib: Thread state: conn_id=0, state=RX_THREAD_CLIENT_TX
07-02 19:26:43.296 355-794/? E/Diag_Lib: qmuxd: TX message on fd=28, to qmux_client_id=2, len=64
07-02 19:26:43.296 355-794/? E/Diag_Lib: Thread state: conn_id=0, state=RX_THREAD_WAIT_POLL
07-02 19:26:43.356 1784-2047/com.google.process.gapps I/art: Explicit concurrent mark sweep GC freed 2338(105KB) AllocSpace objects, 0(0B) LOS objects, 46% free, 4MB/8MB, paused 596us total 22.136ms
07-02 19:26:43.416 820-850/system_process I/ActivityManager: Start proc com.google.android.syncadapters.calendar for service com.google.android.syncadapters.calendar/.CalendarSyncAdapterService: pid=4148 uid=10064 gids={50064, 9997, 3003} abi=armeabi-v7a
07-02 19:26:43.436 278-278/? I/art: Explicit concurrent mark sweep GC freed 706(30KB) AllocSpace objects, 0(0B) LOS objects, 50% free, 3MB/7MB, paused 349us total 18.003ms
07-02 19:26:43.446 2095-4123/com.google.android.gms I/art: Explicit concurrent mark sweep GC freed 31366(2MB) AllocSpace objects, 13(208KB) LOS objects, 40% free, 11MB/18MB, paused 2.021ms total 77.077ms
07-02 19:26:43.456 278-278/? I/art: Explicit concurrent mark sweep GC freed 5(160B) AllocSpace objects, 0(0B) LOS objects, 50% free, 3MB/7MB, paused 319us total 16.785ms
07-02 19:26:43.476 278-278/? I/art: Explicit concurrent mark sweep GC freed 5(160B) AllocSpace objects, 0(0B) LOS objects, 50% free, 3MB/7MB, paused 332us total 19.781ms
07-02 19:26:43.486 2095-4123/com.google.android.gms I/PeopleSync: Sync start: cannotHavePeople=false isPageExistenceCheckOnly=false
