07-02 19:30:15.746 820-1734/system_process D/qcom_sensors_hal: hal_process_report_ind: X: -0.197250 Y: -0.335571 Z: 9.699936 
07-02 19:30:15.746 820-848/system_process D/qcom_sensors_hal: _hal_sensors_data_poll: poll data:1;data[0].sensor:0 .type:1 .x:-0.197250 .y:-0.335571 .z:9.699936
07-02 19:30:15.746 820-848/system_process D/qcom_sensors_hal: _hal_sensors_data_poll: cnt: 256
07-02 19:30:15.746 820-848/system_process D/qcom_sensors_hal: hal_wait_for_response: timeout=0
07-02 19:30:16.146 355-794/? E/Diag_Lib: Thread state: conn_id=0, state=RX_THREAD_WAIT_READ
07-02 19:30:16.146 355-794/? E/Diag_Lib: Thread state: conn_id=0, state=RX_THREAD_CLIENT_TX
07-02 19:30:16.146 355-794/? E/Diag_Lib: qmuxd: TX message on fd=28, to qmux_client_id=2, len=64
07-02 19:30:16.146 355-794/? E/Diag_Lib: Thread state: conn_id=0, state=RX_THREAD_WAIT_POLL
07-02 19:30:16.316 265-336/? I/ThermalEngine: Sensor:pa_therm1:36000 mC
07-02 19:30:17.146 355-794/? E/Diag_Lib: Thread state: conn_id=0, state=RX_THREAD_WAIT_READ
07-02 19:30:17.146 355-794/? E/Diag_Lib: Thread state: conn_id=0, state=RX_THREAD_CLIENT_TX
07-02 19:30:17.146 355-794/? E/Diag_Lib: qmuxd: TX message on fd=28, to qmux_client_id=2, len=64
07-02 19:30:17.146 355-794/? E/Diag_Lib: Thread state: conn_id=0, state=RX_THREAD_WAIT_POLL
07-02 19:30:17.146 355-794/? E/Diag_Lib: Thread state: conn_id=0, state=RX_THREAD_WAIT_READ
07-02 19:30:17.146 355-794/? E/Diag_Lib: Thread state: conn_id=0, state=RX_THREAD_CLIENT_TX
07-02 19:30:17.146 355-794/? E/Diag_Lib: qmuxd: TX message on fd=28, to qmux_client_id=2, len=64
07-02 19:30:17.146 355-794/? E/Diag_Lib: Thread state: conn_id=0, state=RX_THREAD_WAIT_POLL
07-02 19:30:18.386 355-794/? E/Diag_Lib: Thread state: conn_id=0, state=RX_THREAD_WAIT_READ
07-02 19:30:18.386 355-794/? E/Diag_Lib: Thread state: conn_id=0, state=RX_THREAD_CLIENT_TX
07-02 19:30:18.386 355-794/? E/Diag_Lib: qmuxd: TX message on fd=28, to qmux_client_id=2, len=64
07-02 19:30:18.386 355-794/? E/Diag_Lib: Thread state: conn_id=0, state=RX_THREAD_WAIT_POLL
07-02 19:30:18.506 355-794/? E/Diag_Lib: Thread state: conn_id=0, state=RX_THREAD_WAIT_READ
07-02 19:30:18.506 355-794/? E/Diag_Lib: Thread state: conn_id=0, state=RX_THREAD_CLIENT_TX
07-02 19:30:18.506 355-794/? E/Diag_Lib: qmuxd: TX message on fd=28, to qmux_client_id=2, len=210
07-02 19:30:18.506 355-794/? E/Diag_Lib: Thread state: conn_id=0, state=RX_THREAD_WAIT_POLL
07-02 19:30:18.506 355-794/? E/Diag_Lib: Thread state: conn_id=0, state=RX_THREAD_WAIT_READ
07-02 19:30:18.506 355-794/? E/Diag_Lib: Thread state: conn_id=0, state=RX_THREAD_CLIENT_TX
07-02 19:30:18.506 355-794/? E/Diag_Lib: qmuxd: TX message on fd=28, to qmux_client_id=2, len=55
07-02 19:30:18.506 355-794/? E/Diag_Lib: Thread state: conn_id=0, state=RX_THREAD_WAIT_POLL
07-02 19:30:18.516 355-355/? E/Diag_Lib: Thread state: conn_id=50, state=MAIN_THREAD_CLIENT_RECV
07-02 19:30:18.516 355-355/? E/Diag_Lib: qmuxd: RX 47 bytes on fd=28 from qmux_client_id=2
07-02 19:30:18.516 355-355/? E/Diag_Lib: Thread state: conn_id=50, state=MAIN_THREAD_MODEM_TX
07-02 19:30:18.516 355-355/? E/Diag_Lib: Thread state: conn_id=50, state=MAIN_THREAD_WAIT_SELECT
07-02 19:30:18.516 355-794/? E/Diag_Lib: Thread state: conn_id=0, state=RX_THREAD_WAIT_READ
07-02 19:30:18.516 355-794/? E/Diag_Lib: Thread state: conn_id=0, state=RX_THREAD_CLIENT_TX
07-02 19:30:18.516 355-794/? E/Diag_Lib: qmuxd: TX message on fd=28, to qmux_client_id=2, len=217
07-02 19:30:18.516 355-794/? E/Diag_Lib: Thread state: conn_id=0, state=RX_THREAD_WAIT_POLL
07-02 19:30:18.516 355-355/? E/Diag_Lib: Thread state: conn_id=50, state=MAIN_THREAD_CLIENT_RECV
07-02 19:30:18.516 355-355/? E/Diag_Lib: qmuxd: RX 58 bytes on fd=28 from qmux_client_id=2
07-02 19:30:18.516 355-355/? E/Diag_Lib: Thread state: conn_id=50, state=MAIN_THREAD_MODEM_TX
07-02 19:30:18.516 355-355/? E/Diag_Lib: Thread state: conn_id=50, state=MAIN_THREAD_WAIT_SELECT
07-02 19:30:18.516 355-794/? E/Diag_Lib: Thread state: conn_id=0, state=RX_THREAD_WAIT_READ
07-02 19:30:18.516 355-794/? E/Diag_Lib: Thread state: conn_id=0, state=RX_THREAD_CLIENT_TX
07-02 19:30:18.516 355-794/? E/Diag_Lib: qmuxd: TX message on fd=28, to qmux_client_id=2, len=64
07-02 19:30:18.516 355-794/? E/Diag_Lib: Thread state: conn_id=0, state=RX_THREAD_WAIT_POLL
07-02 19:30:18.536 3462-3462/com.android.cellbroadcastreceiver D/CellBroadcastReceiver: onReceive Intent { act=android.intent.action.SERVICE_STATE flg=0x10 cmp=com.android.cellbroadcastreceiver/.CellBroadcastReceiver (has extras) }
07-02 19:30:18.536 996-996/com.android.systemui D/KeyguardUpdateMonitor: ACTION_SERVICE_STATE_CHANGED on sub: 2 mServiceState: 0 0 home Sprint  31000  1xRTT eHRPD CSS not supported 251 4124 RoamInd=1 DefRoamInd=1 EmergOnly=false
07-02 19:30:18.536 3462-3462/com.android.cellbroadcastreceiver D/CellBroadcastReceiver: Intent ACTION_SERVICE_STATE_CHANGED
07-02 19:30:18.536 3462-3462/com.android.cellbroadcastreceiver D/CellBroadcastReceiver: Service state changed! 0 Full: 0 0 home Sprint  31000  1xRTT eHRPD CSS not supported 251 4124 RoamInd=1 DefRoamInd=1 EmergOnly=false Current state=-1
07-02 19:30:18.536 3462-5326/com.android.cellbroadcastreceiver D/CellBroadcastConfigService: enabling emergency cell broadcast channels
07-02 19:30:18.546 1296-1323/com.android.phone D/IccSmsInterfaceManager: [IccSmsInterfaceManager] enableCdmaBroadcastRange
07-02 19:30:18.546 1296-1323/com.android.phone D/IccSmsInterfaceManager: [IccSmsInterfaceManager] Added cdma broadcast subscription for MID range 4097 to 4097 from client com.android.cellbroadcastreceiver
07-02 19:30:18.546 1296-1323/com.android.phone D/IccSmsInterfaceManager: [IccSmsInterfaceManager] Calling setCdmaBroadcastActivation(true)
07-02 19:30:18.546 355-355/? E/Diag_Lib: Thread state: conn_id=50, state=MAIN_THREAD_CLIENT_RECV
07-02 19:30:18.546 355-355/? E/Diag_Lib: qmuxd: RX 52 bytes on fd=28 from qmux_client_id=2
07-02 19:30:18.546 355-355/? E/Diag_Lib: Thread state: conn_id=50, state=MAIN_THREAD_MODEM_TX
07-02 19:30:18.546 355-355/? E/Diag_Lib: Thread state: conn_id=50, state=MAIN_THREAD_WAIT_SELECT
07-02 19:30:18.546 355-794/? E/Diag_Lib: Thread state: conn_id=0, state=RX_THREAD_WAIT_READ
07-02 19:30:18.546 355-794/? E/Diag_Lib: Thread state: conn_id=0, state=RX_THREAD_CLIENT_TX
07-02 19:30:18.546 355-794/? E/Diag_Lib: qmuxd: TX message on fd=28, to qmux_client_id=2, len=54
07-02 19:30:18.546 355-794/? E/Diag_Lib: Thread state: conn_id=0, state=RX_THREAD_WAIT_POLL
07-02 19:30:18.546 1296-3622/com.android.phone D/IccSmsInterfaceManager: [IccSmsInterfaceManager] enableCdmaBroadcastRange
07-02 19:30:18.546 1296-3622/com.android.phone D/IccSmsInterfaceManager: [IccSmsInterfaceManager] Added cdma broadcast subscription for MID range 4098 to 4098 from client com.android.cellbroadcastreceiver
07-02 19:30:18.546 1296-3622/com.android.phone D/IccSmsInterfaceManager: [IccSmsInterfaceManager] Calling setCdmaBroadcastActivation(true)
07-02 19:30:18.546 355-355/? E/Diag_Lib: Thread state: conn_id=50, state=MAIN_THREAD_CLIENT_RECV
07-02 19:30:18.546 355-355/? E/Diag_Lib: qmuxd: RX 52 bytes on fd=28 from qmux_client_id=2
07-02 19:30:18.546 355-355/? E/Diag_Lib: Thread state: conn_id=50, state=MAIN_THREAD_MODEM_TX
07-02 19:30:18.546 355-355/? E/Diag_Lib: Thread state: conn_id=50, state=MAIN_THREAD_WAIT_SELECT
07-02 19:30:18.556 355-794/? E/Diag_Lib: Thread state: conn_id=0, state=RX_THREAD_WAIT_READ
07-02 19:30:18.556 355-794/? E/Diag_Lib: Thread state: conn_id=0, state=RX_THREAD_CLIENT_TX
07-02 19:30:18.556 355-794/? E/Diag_Lib: qmuxd: TX message on fd=28, to qmux_client_id=2, len=54
07-02 19:30:18.556 355-794/? E/Diag_Lib: Thread state: conn_id=0, state=RX_THREAD_WAIT_POLL
07-02 19:30:18.556 1296-5245/com.android.phone D/IccSmsInterfaceManager: [IccSmsInterfaceManager] enableCdmaBroadcastRange
07-02 19:30:18.556 1296-5245/com.android.phone D/IccSmsInterfaceManager: [IccSmsInterfaceManager] Added cdma broadcast subscription for MID range 4099 to 4099 from client com.android.cellbroadcastreceiver
07-02 19:30:18.556 1296-5245/com.android.phone D/IccSmsInterfaceManager: [IccSmsInterfaceManager] Calling setCdmaBroadcastActivation(true)
07-02 19:30:18.556 355-355/? E/Diag_Lib: Thread state: conn_id=50, state=MAIN_THREAD_CLIENT_RECV
07-02 19:30:18.556 355-355/? E/Diag_Lib: qmuxd: RX 52 bytes on fd=28 from qmux_client_id=2
07-02 19:30:18.556 355-355/? E/Diag_Lib: Thread state: conn_id=50, state=MAIN_THREAD_MODEM_TX
07-02 19:30:18.556 355-355/? E/Diag_Lib: Thread state: conn_id=50, state=MAIN_THREAD_WAIT_SELECT
07-02 19:30:18.556 355-794/? E/Diag_Lib: Thread state: conn_id=0, state=RX_THREAD_WAIT_READ
07-02 19:30:18.556 355-794/? E/Diag_Lib: Thread state: conn_id=0, state=RX_THREAD_CLIENT_TX
07-02 19:30:18.556 355-794/? E/Diag_Lib: qmuxd: TX message on fd=28, to qmux_client_id=2, len=54
07-02 19:30:18.556 355-794/? E/Diag_Lib: Thread state: conn_id=0, state=RX_THREAD_WAIT_POLL
07-02 19:30:18.556 1296-1328/com.android.phone D/IccSmsInterfaceManager: [IccSmsInterfaceManager] enableCdmaBroadcastRange
07-02 19:30:18.556 1296-1328/com.android.phone D/IccSmsInterfaceManager: [IccSmsInterfaceManager] Added cdma broadcast subscription for MID range 4096 to 4096 from client com.android.cellbroadcastreceiver
07-02 19:30:18.556 1296-1328/com.android.phone D/IccSmsInterfaceManager: [IccSmsInterfaceManager] Calling setCdmaBroadcastActivation(true)
07-02 19:30:18.566 355-355/? E/Diag_Lib: Thread state: conn_id=50, state=MAIN_THREAD_CLIENT_RECV
07-02 19:30:18.566 355-355/? E/Diag_Lib: qmuxd: RX 52 bytes on fd=28 from qmux_client_id=2
07-02 19:30:18.566 355-355/? E/Diag_Lib: Thread state: conn_id=50, state=MAIN_THREAD_MODEM_TX
07-02 19:30:18.566 355-355/? E/Diag_Lib: Thread state: conn_id=50, state=MAIN_THREAD_WAIT_SELECT
07-02 19:30:18.566 355-794/? E/Diag_Lib: Thread state: conn_id=0, state=RX_THREAD_WAIT_READ
07-02 19:30:18.566 355-794/? E/Diag_Lib: Thread state: conn_id=0, state=RX_THREAD_CLIENT_TX
07-02 19:30:18.566 355-794/? E/Diag_Lib: qmuxd: TX message on fd=28, to qmux_client_id=2, len=54
07-02 19:30:18.566 355-794/? E/Diag_Lib: Thread state: conn_id=0, state=RX_THREAD_WAIT_POLL
07-02 19:30:18.566 3462-5326/com.android.cellbroadcastreceiver D/CellBroadcastConfigService: enabled emergency cell broadcast channels
07-02 19:30:18.566 3462-5326/com.android.cellbroadcastreceiver D/CellBroadcastConfigService: channel 50 is not applicable for cdma
07-02 19:30:18.566 3462-5326/com.android.cellbroadcastreceiver D/CellBroadcastConfigService: disabling channels 919-928
07-02 19:30:18.566 1296-1328/com.android.phone D/IccSmsInterfaceManager: [IccSmsInterfaceManager] disableCdmaBroadcastRange
07-02 19:30:18.566 1296-1328/com.android.phone D/IccSmsInterfaceManager: [IccSmsInterfaceManager] Failed to remove cdma broadcast subscription for MID range 919 to 928 from client com.android.cellbroadcastreceiver
07-02 19:30:18.566 3462-5326/com.android.cellbroadcastreceiver D/CellBroadcastConfigService: disabling cell broadcast CMAS test messages
07-02 19:30:18.566 1296-1417/com.android.phone D/IccSmsInterfaceManager: [IccSmsInterfaceManager] disableCdmaBroadcastRange
07-02 19:30:18.566 1296-1417/com.android.phone D/IccSmsInterfaceManager: [IccSmsInterfaceManager] Failed to remove cdma broadcast subscription for MID range 4100 to 4100 from client com.android.cellbroadcastreceiver
07-02 19:30:21.316 265-336/? I/ThermalEngine: Sensor:pa_therm1:36000 mC
07-02 19:30:22.176 355-794/? E/Diag_Lib: Thread state: conn_id=0, state=RX_THREAD_WAIT_READ
07-02 19:30:22.176 355-794/? E/Diag_Lib: Thread state: conn_id=0, state=RX_THREAD_CLIENT_TX
07-02 19:30:22.176 355-794/? E/Diag_Lib: qmuxd: TX message on fd=28, to qmux_client_id=2, len=64
07-02 19:30:22.176 355-794/? E/Diag_Lib: Thread state: conn_id=0, state=RX_THREAD_WAIT_POLL
07-02 19:30:26.326 265-336/? I/ThermalEngine: Sensor:pa_therm1:36000 mC
07-02 19:30:27.286 355-794/? E/Diag_Lib: Thread state: conn_id=0, state=RX_THREAD_WAIT_READ
07-02 19:30:27.286 355-794/? E/Diag_Lib: Thread state: conn_id=0, state=RX_THREAD_CLIENT_TX
07-02 19:30:27.286 355-794/? E/Diag_Lib: qmuxd: TX message on fd=28, to qmux_client_id=2, len=64
07-02 19:30:27.286 355-794/? E/Diag_Lib: Thread state: conn_id=0, state=RX_THREAD_WAIT_POLL
07-02 19:30:28.636 820-1734/system_process D/qcom_sensors_hal: hal_sensor1_data_cb: msg_type 2, Sn 0, msg Id 34, txn Id 0
07-02 19:30:28.636 820-1734/system_process D/qcom_sensors_hal: hal_process_smgr_ind: 34
07-02 19:30:28.636 820-1734/system_process D/qcom_sensors_hal: hal_process_report_ind: St: 0 ReportId: 0 Rate: 0, Len: 1
07-02 19:30:28.636 820-1734/system_process D/qcom_sensors_hal: hal_process_report_ind: Id: ACCEL_DATA: Ty: 0 Q: 0
07-02 19:30:28.636 820-1734/system_process D/qcom_sensors_hal: hal_process_report_ind: X: -0.187683 Y: -0.297256 Z: 9.690353 
07-02 19:30:28.636 820-848/system_process D/qcom_sensors_hal: _hal_sensors_data_poll: poll data:1;data[0].sensor:0 .type:1 .x:-0.187683 .y:-0.297256 .z:9.690353
07-02 19:30:28.636 820-848/system_process D/qcom_sensors_hal: _hal_sensors_data_poll: cnt: 256
07-02 19:30:28.636 820-848/system_process D/qcom_sensors_hal: hal_wait_for_response: timeout=0
07-02 19:30:28.706 820-1734/system_process D/qcom_sensors_hal: hal_sensor1_data_cb: msg_type 2, Sn 0, msg Id 34, txn Id 0
07-02 19:30:28.706 820-1734/system_process D/qcom_sensors_hal: hal_process_smgr_ind: 34
07-02 19:30:28.706 820-1734/system_process D/qcom_sensors_hal: hal_process_report_ind: St: 0 ReportId: 0 Rate: 0, Len: 1
07-02 19:30:28.706 820-1734/system_process D/qcom_sensors_hal: hal_process_report_ind: Id: ACCEL_DATA: Ty: 0 Q: 0
07-02 19:30:28.706 820-1734/system_process D/qcom_sensors_hal: hal_process_report_ind: X: -0.206833 Y: -0.402618 Z: 9.699936 
07-02 19:30:28.706 820-848/system_process D/qcom_sensors_hal: _hal_sensors_data_poll: poll data:1;data[0].sensor:0 .type:1 .x:-0.206833 .y:-0.402618 .z:9.699936
07-02 19:30:28.706 820-848/system_process D/qcom_sensors_hal: _hal_sensors_data_poll: cnt: 256
07-02 19:30:28.706 820-848/system_process D/qcom_sensors_hal: hal_wait_for_response: timeout=0
07-02 19:30:28.766 820-1734/system_process D/qcom_sensors_hal: hal_sensor1_data_cb: msg_type 2, Sn 0, msg Id 34, txn Id 0
07-02 19:30:28.766 820-1734/system_process D/qcom_sensors_hal: hal_process_smgr_ind: 34
07-02 19:30:28.766 820-1734/system_process D/qcom_sensors_hal: hal_process_report_ind: St: 0 ReportId: 0 Rate: 0, Len: 1
07-02 19:30:28.766 820-1734/system_process D/qcom_sensors_hal: hal_process_report_ind: Id: ACCEL_DATA: Ty: 0 Q: 0
07-02 19:30:28.766 820-1734/system_process D/qcom_sensors_hal: hal_process_report_ind: X: -0.168518 Y: -0.278091 Z: 9.690353 
07-02 19:30:28.766 820-848/system_process D/qcom_sensors_hal: _hal_sensors_data_poll: poll data:1;data[0].sensor:0 .type:1 .x:-0.168518 .y:-0.278091 .z:9.690353
07-02 19:30:28.766 820-848/system_process D/qcom_sensors_hal: _hal_sensors_data_poll: cnt: 256
07-02 19:30:28.766 820-848/system_process D/qcom_sensors_hal: hal_wait_for_response: timeout=0
07-02 19:30:31.326 265-336/? I/ThermalEngine: Sensor:pa_therm1:36000 mC
07-02 19:30:32.426 355-794/? E/Diag_Lib: Thread state: conn_id=0, state=RX_THREAD_WAIT_READ
07-02 19:30:32.426 355-794/? E/Diag_Lib: Thread state: conn_id=0, state=RX_THREAD_CLIENT_TX
07-02 19:30:32.426 355-794/? E/Diag_Lib: qmuxd: TX message on fd=28, to qmux_client_id=2, len=64
07-02 19:30:32.426 355-794/? E/Diag_Lib: Thread state: conn_id=0, state=RX_THREAD_WAIT_POLL
07-02 19:30:32.426 355-794/? E/Diag_Lib: Thread state: conn_id=0, state=RX_THREAD_WAIT_READ
07-02 19:30:32.426 355-794/? E/Diag_Lib: Thread state: conn_id=0, state=RX_THREAD_CLIENT_TX
07-02 19:30:32.426 355-794/? E/Diag_Lib: qmuxd: TX message on fd=28, to qmux_client_id=2, len=64
07-02 19:30:32.426 355-794/? E/Diag_Lib: Thread state: conn_id=0, state=RX_THREAD_WAIT_POLL
07-02 19:30:33.026 355-794/? E/Diag_Lib: Thread state: conn_id=0, state=RX_THREAD_WAIT_READ
07-02 19:30:33.026 355-794/? E/Diag_Lib: Thread state: conn_id=0, state=RX_THREAD_CLIENT_TX
07-02 19:30:33.026 355-794/? E/Diag_Lib: qmuxd: TX message on fd=28, to qmux_client_id=2, len=64
07-02 19:30:33.026 355-794/? E/Diag_Lib: Thread state: conn_id=0, state=RX_THREAD_WAIT_POLL
07-02 19:30:33.026 355-794/? E/Diag_Lib: Thread state: conn_id=0, state=RX_THREAD_WAIT_READ
07-02 19:30:33.026 355-794/? E/Diag_Lib: Thread state: conn_id=0, state=RX_THREAD_CLIENT_TX
07-02 19:30:33.026 355-794/? E/Diag_Lib: qmuxd: TX message on fd=28, to qmux_client_id=2, len=210
07-02 19:30:33.026 355-794/? E/Diag_Lib: Thread state: conn_id=0, state=RX_THREAD_WAIT_POLL
07-02 19:30:33.026 355-794/? E/Diag_Lib: Thread state: conn_id=0, state=RX_THREAD_WAIT_READ
07-02 19:30:33.026 355-794/? E/Diag_Lib: Thread state: conn_id=0, state=RX_THREAD_CLIENT_TX
07-02 19:30:33.026 355-794/? E/Diag_Lib: qmuxd: TX message on fd=28, to qmux_client_id=2, len=55
07-02 19:30:33.026 355-794/? E/Diag_Lib: Thread state: conn_id=0, state=RX_THREAD_WAIT_POLL
07-02 19:30:33.036 355-355/? E/Diag_Lib: Thread state: conn_id=50, state=MAIN_THREAD_CLIENT_RECV
07-02 19:30:33.036 355-355/? E/Diag_Lib: qmuxd: RX 47 bytes on fd=28 from qmux_client_id=2
07-02 19:30:33.036 355-355/? E/Diag_Lib: Thread state: conn_id=50, state=MAIN_THREAD_MODEM_TX
07-02 19:30:33.036 355-355/? E/Diag_Lib: Thread state: conn_id=50, state=MAIN_THREAD_WAIT_SELECT
07-02 19:30:33.036 355-794/? E/Diag_Lib: Thread state: conn_id=0, state=RX_THREAD_WAIT_READ
07-02 19:30:33.036 355-794/? E/Diag_Lib: Thread state: conn_id=0, state=RX_THREAD_CLIENT_TX
07-02 19:30:33.036 355-794/? E/Diag_Lib: qmuxd: TX message on fd=28, to qmux_client_id=2, len=217
07-02 19:30:33.036 355-794/? E/Diag_Lib: Thread state: conn_id=0, state=RX_THREAD_WAIT_POLL
07-02 19:30:33.036 355-355/? E/Diag_Lib: Thread state: conn_id=50, state=MAIN_THREAD_CLIENT_RECV
07-02 19:30:33.036 355-355/? E/Diag_Lib: qmuxd: RX 58 bytes on fd=28 from qmux_client_id=2
07-02 19:30:33.036 355-355/? E/Diag_Lib: Thread state: conn_id=50, state=MAIN_THREAD_MODEM_TX
07-02 19:30:33.036 355-355/? E/Diag_Lib: Thread state: conn_id=50, state=MAIN_THREAD_WAIT_SELECT
07-02 19:30:33.046 355-794/? E/Diag_Lib: Thread state: conn_id=0, state=RX_THREAD_WAIT_READ
07-02 19:30:33.046 355-794/? E/Diag_Lib: Thread state: conn_id=0, state=RX_THREAD_CLIENT_TX
07-02 19:30:33.046 355-794/? E/Diag_Lib: qmuxd: TX message on fd=28, to qmux_client_id=2, len=64
07-02 19:30:33.046 355-794/? E/Diag_Lib: Thread state: conn_id=0, state=RX_THREAD_WAIT_POLL
07-02 19:30:33.056 3462-3462/com.android.cellbroadcastreceiver D/CellBroadcastReceiver: onReceive Intent { act=android.intent.action.SERVICE_STATE flg=0x10 cmp=com.android.cellbroadcastreceiver/.CellBroadcastReceiver (has extras) }
07-02 19:30:33.056 3462-3462/com.android.cellbroadcastreceiver D/CellBroadcastReceiver: Intent ACTION_SERVICE_STATE_CHANGED
07-02 19:30:33.056 3462-3462/com.android.cellbroadcastreceiver D/CellBroadcastReceiver: Service state changed! 0 Full: 0 0 home Sprint  31000  1xRTT eHRPD CSS not supported 251 4124 RoamInd=1 DefRoamInd=1 EmergOnly=false Current state=-1
07-02 19:30:33.076 3462-5331/com.android.cellbroadcastreceiver D/CellBroadcastConfigService: enabling emergency cell broadcast channels
07-02 19:30:33.076 1296-5245/com.android.phone D/IccSmsInterfaceManager: [IccSmsInterfaceManager] enableCdmaBroadcastRange
07-02 19:30:33.076 1296-5245/com.android.phone D/IccSmsInterfaceManager: [IccSmsInterfaceManager] Added cdma broadcast subscription for MID range 4097 to 4097 from client com.android.cellbroadcastreceiver
07-02 19:30:33.076 1296-5245/com.android.phone D/IccSmsInterfaceManager: [IccSmsInterfaceManager] Calling setCdmaBroadcastActivation(true)
07-02 19:30:33.076 355-355/? E/Diag_Lib: Thread state: conn_id=50, state=MAIN_THREAD_CLIENT_RECV
07-02 19:30:33.076 355-355/? E/Diag_Lib: qmuxd: RX 52 bytes on fd=28 from qmux_client_id=2
07-02 19:30:33.076 355-355/? E/Diag_Lib: Thread state: conn_id=50, state=MAIN_THREAD_MODEM_TX
07-02 19:30:33.076 355-355/? E/Diag_Lib: Thread state: conn_id=50, state=MAIN_THREAD_WAIT_SELECT
07-02 19:30:33.076 355-794/? E/Diag_Lib: Thread state: conn_id=0, state=RX_THREAD_WAIT_READ
07-02 19:30:33.076 355-794/? E/Diag_Lib: Thread state: conn_id=0, state=RX_THREAD_CLIENT_TX
07-02 19:30:33.076 355-794/? E/Diag_Lib: qmuxd: TX message on fd=28, to qmux_client_id=2, len=54
07-02 19:30:33.076 355-794/? E/Diag_Lib: Thread state: conn_id=0, state=RX_THREAD_WAIT_POLL
07-02 19:30:33.076 1296-1328/com.android.phone D/IccSmsInterfaceManager: [IccSmsInterfaceManager] enableCdmaBroadcastRange
07-02 19:30:33.076 1296-1328/com.android.phone D/IccSmsInterfaceManager: [IccSmsInterfaceManager] Added cdma broadcast subscription for MID range 4098 to 4098 from client com.android.cellbroadcastreceiver
07-02 19:30:33.076 1296-1328/com.android.phone D/IccSmsInterfaceManager: [IccSmsInterfaceManager] Calling setCdmaBroadcastActivation(true)
07-02 19:30:33.076 355-355/? E/Diag_Lib: Thread state: conn_id=50, state=MAIN_THREAD_CLIENT_RECV
07-02 19:30:33.076 355-355/? E/Diag_Lib: qmuxd: RX 52 bytes on fd=28 from qmux_client_id=2
07-02 19:30:33.076 355-355/? E/Diag_Lib: Thread state: conn_id=50, state=MAIN_THREAD_MODEM_TX
07-02 19:30:33.076 355-355/? E/Diag_Lib: Thread state: conn_id=50, state=MAIN_THREAD_WAIT_SELECT
07-02 19:30:33.086 355-794/? E/Diag_Lib: Thread state: conn_id=0, state=RX_THREAD_WAIT_READ
07-02 19:30:33.086 355-794/? E/Diag_Lib: Thread state: conn_id=0, state=RX_THREAD_CLIENT_TX
07-02 19:30:33.086 355-794/? E/Diag_Lib: qmuxd: TX message on fd=28, to qmux_client_id=2, len=54
07-02 19:30:33.086 355-794/? E/Diag_Lib: Thread state: conn_id=0, state=RX_THREAD_WAIT_POLL
07-02 19:30:33.086 1296-1417/com.android.phone D/IccSmsInterfaceManager: [IccSmsInterfaceManager] enableCdmaBroadcastRange
07-02 19:30:33.086 1296-1417/com.android.phone D/IccSmsInterfaceManager: [IccSmsInterfaceManager] Added cdma broadcast subscription for MID range 4099 to 4099 from client com.android.cellbroadcastreceiver
07-02 19:30:33.086 1296-1417/com.android.phone D/IccSmsInterfaceManager: [IccSmsInterfaceManager] Calling setCdmaBroadcastActivation(true)
07-02 19:30:33.086 355-355/? E/Diag_Lib: Thread state: conn_id=50, state=MAIN_THREAD_CLIENT_RECV
07-02 19:30:33.086 355-355/? E/Diag_Lib: qmuxd: RX 52 bytes on fd=28 from qmux_client_id=2
07-02 19:30:33.086 355-355/? E/Diag_Lib: Thread state: conn_id=50, state=MAIN_THREAD_MODEM_TX
07-02 19:30:33.086 355-355/? E/Diag_Lib: Thread state: conn_id=50, state=MAIN_THREAD_WAIT_SELECT
07-02 19:30:33.086 355-794/? E/Diag_Lib: Thread state: conn_id=0, state=RX_THREAD_WAIT_READ
07-02 19:30:33.086 355-794/? E/Diag_Lib: Thread state: conn_id=0, state=RX_THREAD_CLIENT_TX
07-02 19:30:33.086 355-794/? E/Diag_Lib: qmuxd: TX message on fd=28, to qmux_client_id=2, len=54
07-02 19:30:33.086 355-794/? E/Diag_Lib: Thread state: conn_id=0, state=RX_THREAD_WAIT_POLL
07-02 19:30:33.096 1296-1323/com.android.phone D/IccSmsInterfaceManager: [IccSmsInterfaceManager] enableCdmaBroadcastRange
07-02 19:30:33.096 1296-1323/com.android.phone D/IccSmsInterfaceManager: [IccSmsInterfaceManager] Added cdma broadcast subscription for MID range 4096 to 4096 from client com.android.cellbroadcastreceiver
07-02 19:30:33.096 1296-1323/com.android.phone D/IccSmsInterfaceManager: [IccSmsInterfaceManager] Calling setCdmaBroadcastActivation(true)
07-02 19:30:33.096 355-355/? E/Diag_Lib: Thread state: conn_id=50, state=MAIN_THREAD_CLIENT_RECV
07-02 19:30:33.096 355-355/? E/Diag_Lib: qmuxd: RX 52 bytes on fd=28 from qmux_client_id=2
07-02 19:30:33.096 355-355/? E/Diag_Lib: Thread state: conn_id=50, state=MAIN_THREAD_MODEM_TX
07-02 19:30:33.096 355-355/? E/Diag_Lib: Thread state: conn_id=50, state=MAIN_THREAD_WAIT_SELECT
07-02 19:30:33.096 355-794/? E/Diag_Lib: Thread state: conn_id=0, state=RX_THREAD_WAIT_READ
07-02 19:30:33.096 355-794/? E/Diag_Lib: Thread state: conn_id=0, state=RX_THREAD_CLIENT_TX
07-02 19:30:33.096 355-794/? E/Diag_Lib: qmuxd: TX message on fd=28, to qmux_client_id=2, len=54
07-02 19:30:33.096 355-794/? E/Diag_Lib: Thread state: conn_id=0, state=RX_THREAD_WAIT_POLL
07-02 19:30:33.096 3462-5331/com.android.cellbroadcastreceiver D/CellBroadcastConfigService: enabled emergency cell broadcast channels
07-02 19:30:33.096 3462-5331/com.android.cellbroadcastreceiver D/CellBroadcastConfigService: channel 50 is not applicable for cdma
07-02 19:30:33.096 3462-5331/com.android.cellbroadcastreceiver D/CellBroadcastConfigService: disabling channels 919-928
07-02 19:30:33.096 1296-1323/com.android.phone D/IccSmsInterfaceManager: [IccSmsInterfaceManager] disableCdmaBroadcastRange
07-02 19:30:33.096 1296-1323/com.android.phone D/IccSmsInterfaceManager: [IccSmsInterfaceManager] Failed to remove cdma broadcast subscription for MID range 919 to 928 from client com.android.cellbroadcastreceiver
07-02 19:30:33.106 3462-5331/com.android.cellbroadcastreceiver D/CellBroadcastConfigService: disabling cell broadcast CMAS test messages
07-02 19:30:33.106 1296-3622/com.android.phone D/IccSmsInterfaceManager: [IccSmsInterfaceManager] disableCdmaBroadcastRange
07-02 19:30:33.106 1296-3622/com.android.phone D/IccSmsInterfaceManager: [IccSmsInterfaceManager] Failed to remove cdma broadcast subscription for MID range 4100 to 4100 from client com.android.cellbroadcastreceiver
07-02 19:30:33.146 996-996/com.android.systemui D/KeyguardUpdateMonitor: ACTION_SERVICE_STATE_CHANGED on sub: 2 mServiceState: 0 0 home Sprint  31000  1xRTT eHRPD CSS not supported 251 4124 RoamInd=1 DefRoamInd=1 EmergOnly=false
07-02 19:30:33.156 996-1030/com.android.systemui I/art: Background sticky concurrent mark sweep GC freed 13589(858KB) AllocSpace objects, 0(0B) LOS objects, 3% free, 23MB/24MB, paused 698us total 121.444ms
07-02 19:30:36.326 265-336/? I/ThermalEngine: Sensor:pa_therm1:35000 mC
07-02 19:30:37.526 355-794/? E/Diag_Lib: Thread state: conn_id=0, state=RX_THREAD_WAIT_READ
07-02 19:30:37.526 355-794/? E/Diag_Lib: Thread state: conn_id=0, state=RX_THREAD_CLIENT_TX
07-02 19:30:37.526 355-794/? E/Diag_Lib: qmuxd: TX message on fd=28, to qmux_client_id=2, len=64
07-02 19:30:37.526 355-794/? E/Diag_Lib: Thread state: conn_id=0, state=RX_THREAD_WAIT_POLL
07-02 19:30:39.286 355-794/? E/Diag_Lib: Thread state: conn_id=0, state=RX_THREAD_WAIT_READ
07-02 19:30:39.286 355-794/? E/Diag_Lib: Thread state: conn_id=0, state=RX_THREAD_CLIENT_TX
07-02 19:30:39.286 355-794/? E/Diag_Lib: qmuxd: TX message on fd=28, to qmux_client_id=2, len=137
07-02 19:30:39.286 355-794/? E/Diag_Lib: Thread state: conn_id=0, state=RX_THREAD_WAIT_POLL
07-02 19:30:39.296 355-355/? E/Diag_Lib: Thread state: conn_id=50, state=MAIN_THREAD_CLIENT_RECV
07-02 19:30:39.296 355-355/? E/Diag_Lib: qmuxd: RX 72 bytes on fd=28 from qmux_client_id=2
07-02 19:30:39.296 355-355/? E/Diag_Lib: Thread state: conn_id=50, state=MAIN_THREAD_MODEM_TX
07-02 19:30:39.296 355-355/? E/Diag_Lib: Thread state: conn_id=50, state=MAIN_THREAD_WAIT_SELECT
07-02 19:30:39.296 355-794/? E/Diag_Lib: Thread state: conn_id=0, state=RX_THREAD_WAIT_READ
07-02 19:30:39.296 355-794/? E/Diag_Lib: Thread state: conn_id=0, state=RX_THREAD_CLIENT_TX
07-02 19:30:39.296 355-794/? E/Diag_Lib: qmuxd: TX message on fd=28, to qmux_client_id=2, len=54
07-02 19:30:39.296 355-794/? E/Diag_Lib: Thread state: conn_id=0, state=RX_THREAD_WAIT_POLL
07-02 19:30:39.306 355-794/? E/Diag_Lib: Thread state: conn_id=0, state=RX_THREAD_WAIT_READ
07-02 19:30:39.306 355-794/? E/Diag_Lib: Thread state: conn_id=0, state=RX_THREAD_CLIENT_TX
07-02 19:30:39.306 355-794/? E/Diag_Lib: qmuxd: TX message on fd=28, to qmux_client_id=2, len=55
07-02 19:30:39.306 355-794/? E/Diag_Lib: Thread state: conn_id=0, state=RX_THREAD_WAIT_POLL
07-02 19:30:39.316 820-1671/system_process I/ActivityManager: START u0 {act=android.intent.action.VIEW dat=http://dss://SprintSelfService?option=UICC&code=0000001111111111 flg=0x14000000 cmp=org.mozilla.firefox/org.mozilla.gecko.tabqueue.TabQueueDispatcher} from uid 1001 on display 0
07-02 19:30:39.416 820-940/system_process I/ActivityManager: Start proc org.mozilla.firefox for activity org.mozilla.firefox/org.mozilla.gecko.tabqueue.TabQueueDispatcher: pid=5333 uid=10097 gids={50097, 9997, 3003, 1028, 1015} abi=armeabi-v7a
07-02 19:30:39.596 5333-5333/org.mozilla.firefox I/GeckoApplication: zerdatime 322199 - Fennec application start
07-02 19:30:39.656 5333-5333/org.mozilla.firefox D/GeckoSharedPrefs: Current version = 1, prefs version = 1
07-02 19:30:39.666 820-1327/system_process W/InputMethodManagerService: Window already focused, ignoring focus gain of: com.android.internal.view.IInputMethodClient$Stub$Proxy@f327732 attribute=null, token = android.os.BinderProxy@1c0d86b1
07-02 19:30:39.666 5333-5353/org.mozilla.firefox D/GeckoDLCCatalog: Loading from disk
07-02 19:30:39.676 5333-5352/org.mozilla.firefox D/DLCStudyAction: Studying catalog..
07-02 19:30:39.686 5333-5353/org.mozilla.firefox D/GeckoDLCCatalog: Loaded 12 elements
07-02 19:30:39.686 5333-5352/org.mozilla.firefox V/DLCStudyAction: Done
07-02 19:30:39.686 5333-5355/org.mozilla.firefox V/GeckoDLCCatalog: Not persisting: Catalog has not changed
07-02 19:30:39.706 5333-5357/org.mozilla.firefox D/OpenGLRenderer: Render dirty regions requested: true
07-02 19:30:39.716 5333-5333/org.mozilla.firefox D/Atlas: Validating map...
07-02 19:30:39.746 5333-5352/org.mozilla.firefox D/DLCDownloadAction: Downloading content..
07-02 19:30:39.746 5333-5352/org.mozilla.firefox D/DLCDownloadAction: No connected network available. Postponing download.
07-02 19:30:39.746 5333-5358/org.mozilla.firefox V/GeckoDLCCatalog: Not persisting: Catalog has not changed
07-02 19:30:39.786 5109-5109/com.android.settings D/BluetoothAdapter: 39158613: getState() :  mService = null. Returning STATE_OFF
07-02 19:30:39.806 5333-5357/org.mozilla.firefox I/Adreno-EGL: <qeglDrvAPI_eglInitialize:410>: EGL 1.4 QUALCOMM build: AU_LINUX_ANDROID_LA.BF.1.1.1.C2.05.00.00.046.002_msm8974_LA.BF.1.1.1.C2__release_AU ()
                                                               OpenGL ES Shader Compiler Version: E031.25.03.00
                                                               Build Date: 01/06/15 Tue
                                                               Local Branch: mybranch6793908
                                                               Remote Branch: quic/LA.BF.1.1.1.c2
                                                               Local Patches: NONE
                                                               Reconstruct Branch: AU_LINUX_ANDROID_LA.BF.1.1.1.C2.05.00.00.046.002 +  NOTHING
07-02 19:30:39.806 5109-5109/com.android.settings D/BluetoothAdapter: 39158613: getState() :  mService = null. Returning STATE_OFF
07-02 19:30:39.806 5333-5357/org.mozilla.firefox I/OpenGLRenderer: Initialized EGL, version 1.4
07-02 19:30:39.826 5333-5357/org.mozilla.firefox D/OpenGLRenderer: Enabling debug mode 0
07-02 19:30:39.956 5109-5109/com.android.settings D/DashboardSummary: rebuildUI took: 206 ms
07-02 19:30:40.026 5109-5109/com.android.settings I/Timeline: Timeline: Activity_idle id: android.os.BinderProxy@22bca850 time:322626
07-02 19:30:40.026 5109-5204/com.android.settings D/Index: Deleting data for locale 'en_US' took 5 millis
07-02 19:30:40.036 5109-5204/com.android.settings D/Index: Indexing locale 'en_US' took 12 millis
07-02 19:30:40.066 5109-5204/com.android.settings D/Index: Deleting data for locale 'en_US' took 5 millis
07-02 19:30:40.066 5109-5204/com.android.settings D/BluetoothAdapter: 39158613: getState() :  mService = null. Returning STATE_OFF
07-02 19:30:40.066 5109-5204/com.android.settings D/Index: Indexing locale 'en_US' took 3 millis
07-02 19:30:41.336 265-336/? I/ThermalEngine: Sensor:pa_therm1:35000 mC
07-02 19:30:41.656 820-1734/system_process D/qcom_sensors_hal: hal_sensor1_data_cb: msg_type 2, Sn 0, msg Id 34, txn Id 0
07-02 19:30:41.656 820-1734/system_process D/qcom_sensors_hal: hal_process_smgr_ind: 34
07-02 19:30:41.656 820-1734/system_process D/qcom_sensors_hal: hal_process_report_ind: St: 0 ReportId: 0 Rate: 0, Len: 1
07-02 19:30:41.656 820-1734/system_process D/qcom_sensors_hal: hal_process_report_ind: Id: ACCEL_DATA: Ty: 0 Q: 0
07-02 19:30:41.656 820-1734/system_process D/qcom_sensors_hal: hal_process_report_ind: X: -0.168518 Y: -0.316406 Z: 9.699936 
07-02 19:30:41.656 820-848/system_process D/qcom_sensors_hal: _hal_sensors_data_poll: poll data:1;data[0].sensor:0 .type:1 .x:-0.168518 .y:-0.316406 .z:9.699936
07-02 19:30:41.656 820-848/system_process D/qcom_sensors_hal: _hal_sensors_data_poll: cnt: 256
07-02 19:30:41.656 820-848/system_process D/qcom_sensors_hal: hal_wait_for_response: timeout=0
07-02 19:30:41.726 820-1734/system_process D/qcom_sensors_hal: hal_sensor1_data_cb: msg_type 2, Sn 0, msg Id 34, txn Id 0
07-02 19:30:41.726 820-1734/system_process D/qcom_sensors_hal: hal_process_smgr_ind: 34
07-02 19:30:41.726 820-1734/system_process D/qcom_sensors_hal: hal_process_report_ind: St: 0 ReportId: 0 Rate: 0, Len: 1
07-02 19:30:41.726 820-1734/system_process D/qcom_sensors_hal: hal_process_report_ind: Id: ACCEL_DATA: Ty: 0 Q: 0
07-02 19:30:41.726 820-1734/system_process D/qcom_sensors_hal: hal_process_report_ind: X: -0.206833 Y: -0.345154 Z: 9.699936 
07-02 19:30:41.726 820-848/system_process D/qcom_sensors_hal: _hal_sensors_data_poll: poll data:1;data[0].sensor:0 .type:1 .x:-0.206833 .y:-0.345154 .z:9.699936
07-02 19:30:41.726 820-848/system_process D/qcom_sensors_hal: _hal_sensors_data_poll: cnt: 256
07-02 19:30:41.726 820-848/system_process D/qcom_sensors_hal: hal_wait_for_response: timeout=0
07-02 19:30:41.796 820-1734/system_process D/qcom_sensors_hal: hal_sensor1_data_cb: msg_type 2, Sn 0, msg Id 34, txn Id 0
07-02 19:30:41.796 820-1734/system_process D/qcom_sensors_hal: hal_process_smgr_ind: 34
07-02 19:30:41.796 820-1734/system_process D/qcom_sensors_hal: hal_process_report_ind: St: 0 ReportId: 0 Rate: 0, Len: 1
07-02 19:30:41.796 820-1734/system_process D/qcom_sensors_hal: hal_process_report_ind: Id: ACCEL_DATA: Ty: 0 Q: 0
07-02 19:30:41.796 820-1734/system_process D/qcom_sensors_hal: hal_process_report_ind: X: -0.206833 Y: -0.325989 Z: 9.690353 
07-02 19:30:41.796 820-848/system_process D/qcom_sensors_hal: _hal_sensors_data_poll: poll data:1;data[0].sensor:0 .type:1 .x:-0.206833 .y:-0.325989 .z:9.690353
07-02 19:30:41.796 820-848/system_process D/qcom_sensors_hal: _hal_sensors_data_poll: cnt: 256
07-02 19:30:41.796 820-848/system_process D/qcom_sensors_hal: hal_wait_for_response: timeout=0
07-02 19:30:42.726 355-794/? E/Diag_Lib: Thread state: conn_id=0, state=RX_THREAD_WAIT_READ
07-02 19:30:42.726 355-794/? E/Diag_Lib: Thread state: conn_id=0, state=RX_THREAD_CLIENT_TX
07-02 19:30:42.726 355-794/? E/Diag_Lib: qmuxd: TX message on fd=28, to qmux_client_id=2, len=64
07-02 19:30:42.726 355-794/? E/Diag_Lib: Thread state: conn_id=0, state=RX_THREAD_WAIT_POLL
07-02 19:30:42.726 355-794/? E/Diag_Lib: Thread state: conn_id=0, state=RX_THREAD_WAIT_READ
07-02 19:30:42.726 355-794/? E/Diag_Lib: Thread state: conn_id=0, state=RX_THREAD_CLIENT_TX
07-02 19:30:42.726 355-794/? E/Diag_Lib: qmuxd: TX message on fd=28, to qmux_client_id=2, len=64
07-02 19:30:42.726 355-794/? E/Diag_Lib: Thread state: conn_id=0, state=RX_THREAD_WAIT_POLL
07-02 19:30:42.746 820-1755/system_process I/ActivityManager: Killing 3536:com.google.android.music:main/u0a72 (adj 15): empty #17
07-02 19:30:42.776 820-1354/system_process W/libprocessgroup: failed to open /acct/uid_10072/pid_3536/cgroup.procs: No such file or directory
07-02 19:30:42.786 5333-5361/org.mozilla.firefox D/GeckoProfile: Found profile dir.
07-02 19:30:42.796 5333-5361/org.mozilla.firefox W/GeckoTabQueueHelper: Unable to parse URL from tab queue array
                                                                        org.json.JSONException: Index 2 out of range [0..2)
                                                                            at org.json.JSONArray.get(JSONArray.java:293)
                                                                            at org.json.JSONArray.getString(JSONArray.java:462)
                                                                            at org.mozilla.gecko.tabqueue.TabQueueHelper.getLastURLs(TabQueueHelper.java:208)
                                                                            at org.mozilla.gecko.tabqueue.TabQueueService$5.run(TabQueueService.java:290)
                                                                            at java.util.concurrent.Executors$RunnableAdapter.call(Executors.java:422)
                                                                            at java.util.concurrent.FutureTask.run(FutureTask.java:237)
                                                                            at java.util.concurrent.ThreadPoolExecutor.runWorker(ThreadPoolExecutor.java:1112)
                                                                            at java.util.concurrent.ThreadPoolExecutor$Worker.run(ThreadPoolExecutor.java:587)
                                                                            at java.lang.Thread.run(Thread.java:818)
07-02 19:30:42.796 5333-5361/org.mozilla.firefox W/GeckoTabQueueHelper: Unable to parse URL from tab queue array
                                                                        org.json.JSONException: Index 3 out of range [0..2)
                                                                            at org.json.JSONArray.get(JSONArray.java:293)
                                                                            at org.json.JSONArray.getString(JSONArray.java:462)
                                                                            at org.mozilla.gecko.tabqueue.TabQueueHelper.getLastURLs(TabQueueHelper.java:208)
                                                                            at org.mozilla.gecko.tabqueue.TabQueueService$5.run(TabQueueService.java:290)
                                                                            at java.util.concurrent.Executors$RunnableAdapter.call(Executors.java:422)
                                                                            at java.util.concurrent.FutureTask.run(FutureTask.java:237)
                                                                            at java.util.concurrent.ThreadPoolExecutor.runWorker(ThreadPoolExecutor.java:1112)
                                                                            at java.util.concurrent.ThreadPoolExecutor$Worker.run(ThreadPoolExecutor.java:587)
                                                                            at java.lang.Thread.run(Thread.java:818)
07-02 19:30:42.796 5333-5361/org.mozilla.firefox W/GeckoTabQueueHelper: Unable to parse URL from tab queue array
                                                                        org.json.JSONException: Index 4 out of range [0..2)
                                                                            at org.json.JSONArray.get(JSONArray.java:293)
                                                                            at org.json.JSONArray.getString(JSONArray.java:462)
                                                                            at org.mozilla.gecko.tabqueue.TabQueueHelper.getLastURLs(TabQueueHelper.java:208)
                                                                            at org.mozilla.gecko.tabqueue.TabQueueService$5.run(TabQueueService.java:290)
                                                                            at java.util.concurrent.Executors$RunnableAdapter.call(Executors.java:422)
                                                                            at java.util.concurrent.FutureTask.run(FutureTask.java:237)
                                                                            at java.util.concurrent.ThreadPoolExecutor.runWorker(ThreadPoolExecutor.java:1112)
                                                                            at java.util.concurrent.ThreadPoolExecutor$Worker.run(ThreadPoolExecutor.java:587)
                                                                            at java.lang.Thread.run(Thread.java:818)
07-02 19:30:42.796 5333-5361/org.mozilla.firefox W/GeckoTabQueueHelper: Unable to parse URL from tab queue array
                                                                        org.json.JSONException: Index 5 out of range [0..2)
                                                                            at org.json.JSONArray.get(JSONArray.java:293)
                                                                            at org.json.JSONArray.getString(JSONArray.java:462)
                                                                            at org.mozilla.gecko.tabqueue.TabQueueHelper.getLastURLs(TabQueueHelper.java:208)
                                                                            at org.mozilla.gecko.tabqueue.TabQueueService$5.run(TabQueueService.java:290)
                                                                            at java.util.concurrent.Executors$RunnableAdapter.call(Executors.java:422)
                                                                            at java.util.concurrent.FutureTask.run(FutureTask.java:237)
                                                                            at java.util.concurrent.ThreadPoolExecutor.runWorker(ThreadPoolExecutor.java:1112)
                                                                            at java.util.concurrent.ThreadPoolExecutor$Worker.run(ThreadPoolExecutor.java:587)
                                                                            at java.lang.Thread.run(Thread.java:818)
07-02 19:30:42.796 5333-5361/org.mozilla.firefox W/GeckoTabQueueHelper: Unable to parse URL from tab queue array
                                                                        org.json.JSONException: Index 6 out of range [0..2)
                                                                            at org.json.JSONArray.get(JSONArray.java:293)
                                                                            at org.json.JSONArray.getString(JSONArray.java:462)
                                                                            at org.mozilla.gecko.tabqueue.TabQueueHelper.getLastURLs(TabQueueHelper.java:208)
                                                                            at org.mozilla.gecko.tabqueue.TabQueueService$5.run(TabQueueService.java:290)
                                                                            at java.util.concurrent.Executors$RunnableAdapter.call(Executors.java:422)
                                                                            at java.util.concurrent.FutureTask.run(FutureTask.java:237)
                                                                            at java.util.concurrent.ThreadPoolExecutor.runWorker(ThreadPoolExecutor.java:1112)
                                                                            at java.util.concurrent.ThreadPoolExecutor$Worker.run(ThreadPoolExecutor.java:587)
                                                                            at java.lang.Thread.run(Thread.java:818)
07-02 19:30:42.796 5333-5361/org.mozilla.firefox W/GeckoTabQueueHelper: Unable to parse URL from tab queue array
                                                                        org.json.JSONException: Index 7 out of range [0..2)
                                                                            at org.json.JSONArray.get(JSONArray.java:293)
                                                                            at org.json.JSONArray.getString(JSONArray.java:462)
                                                                            at org.mozilla.gecko.tabqueue.TabQueueHelper.getLastURLs(TabQueueHelper.java:208)
                                                                            at org.mozilla.gecko.tabqueue.TabQueueService$5.run(TabQueueService.java:290)
                                                                            at java.util.concurrent.Executors$RunnableAdapter.call(Executors.java:422)
                                                                            at java.util.concurrent.FutureTask.run(FutureTask.java:237)
                                                                            at java.util.concurrent.ThreadPoolExecutor.runWorker(ThreadPoolExecutor.java:1112)
                                                                            at java.util.concurrent.ThreadPoolExecutor$Worker.run(ThreadPoolExecutor.java:587)
                                                                            at java.lang.Thread.run(Thread.java:818)
07-02 19:30:42.826 820-820/system_process D/ZenLog: intercepted: 0|org.mozilla.firefox|2131230732|null|10097,!priority
07-02 19:30:42.826 820-820/system_process V/NotificationService: pkg=org.mozilla.firefox canInterrupt=false intercept=true
07-02 19:30:46.336 265-336/? I/ThermalEngine: Sensor:pa_therm1:35000 mC
07-02 19:30:46.336 820-1327/system_process I/MediaFocusControl:  AudioFocus  abandonAudioFocus() from android.media.AudioManager@37115a11com.cyanogenmod.eleven.MusicPlaybackService$5@35fab776
07-02 19:30:46.386 820-1734/system_process D/qcom_sensors_hal: hal_sensor1_data_cb: msg_type 1, Sn 40, msg Id 0, txn Id 47
07-02 19:30:46.386 820-842/system_process D/qcom_sensors_hal: hal_wait_for_response: timeout=1000
07-02 19:30:46.396 820-1734/system_process D/qcom_sensors_hal: hal_sensor1_data_cb: msg_type 1, Sn 40, msg Id 2, txn Id 0
07-02 19:30:46.416 820-1394/system_process I/MediaFocusControl:  AudioFocus  abandonAudioFocus() from android.media.AudioManager@37115a11com.cyanogenmod.eleven.MusicPlaybackService$5@35fab776
07-02 19:30:46.416 820-836/system_process I/ActivityManager: Killing 2148:com.cyanogenmod.eleven:main/u0a38 (adj 15): empty #17
07-02 19:30:46.416 1347-1347/org.cyanogenmod.audiofx I/HeadsetService: Audio session removed: 13
07-02 19:30:46.446 820-940/system_process W/libprocessgroup: failed to open /acct/uid_10038/pid_2148/cgroup.procs: No such file or directory
07-02 19:30:46.496 820-1734/system_process D/qcom_sensors_hal: hal_sensor1_data_cb: msg_type 2, Sn 0, msg Id 34, txn Id 0
07-02 19:30:46.496 820-1734/system_process D/qcom_sensors_hal: hal_process_smgr_ind: 34
07-02 19:30:46.496 820-1734/system_process D/qcom_sensors_hal: hal_process_report_ind: St: 0 ReportId: 0 Rate: 0, Len: 1
07-02 19:30:46.496 820-1734/system_process D/qcom_sensors_hal: hal_process_report_ind: Id: ACCEL_DATA: Ty: 0 Q: 11
07-02 19:30:46.596 820-1734/system_process D/qcom_sensors_hal: hal_sensor1_data_cb: msg_type 2, Sn 0, msg Id 34, txn Id 0
07-02 19:30:46.596 820-1734/system_process D/qcom_sensors_hal: hal_process_smgr_ind: 34
07-02 19:30:46.596 820-1734/system_process D/qcom_sensors_hal: hal_process_report_ind: St: 0 ReportId: 0 Rate: 0, Len: 1
07-02 19:30:46.596 820-1734/system_process D/qcom_sensors_hal: hal_process_report_ind: Id: ACCEL_DATA: Ty: 0 Q: 13
07-02 19:30:46.596 820-1734/system_process D/qcom_sensors_hal: hal_process_report_ind: X: -0.216980 Y: -0.327988 Z: 9.686981 
07-02 19:30:46.596 820-848/system_process D/qcom_sensors_hal: _hal_sensors_data_poll: poll data:1;data[0].sensor:0 .type:1 .x:-0.216980 .y:-0.327988 .z:9.686981
07-02 19:30:46.596 820-848/system_process D/qcom_sensors_hal: _hal_sensors_data_poll: cnt: 256
07-02 19:30:46.596 820-848/system_process D/qcom_sensors_hal: hal_wait_for_response: timeout=0
07-02 19:30:46.646 820-1734/system_process D/qcom_sensors_hal: hal_sensor1_data_cb: msg_type 2, Sn 0, msg Id 34, txn Id 0
07-02 19:30:46.646 820-1734/system_process D/qcom_sensors_hal: hal_process_smgr_ind: 34
07-02 19:30:46.646 820-1734/system_process D/qcom_sensors_hal: hal_process_report_ind: St: 0 ReportId: 0 Rate: 0, Len: 1
07-02 19:30:46.646 820-1734/system_process D/qcom_sensors_hal: hal_process_report_ind: Id: ACCEL_DATA: Ty: 0 Q: 13
07-02 19:30:46.646 820-1734/system_process D/qcom_sensors_hal: hal_process_report_ind: X: -0.209579 Y: -0.368164 Z: 9.687347 
07-02 19:30:46.646 820-848/system_process D/qcom_sensors_hal: _hal_sensors_data_poll: poll data:1;data[0].sensor:0 .type:1 .x:-0.209579 .y:-0.368164 .z:9.687347
07-02 19:30:46.646 820-848/system_process D/qcom_sensors_hal: _hal_sensors_data_poll: cnt: 256
07-02 19:30:46.646 820-848/system_process D/qcom_sensors_hal: hal_wait_for_response: timeout=0
07-02 19:30:46.696 820-1734/system_process D/qcom_sensors_hal: hal_sensor1_data_cb: msg_type 2, Sn 0, msg Id 34, txn Id 0
07-02 19:30:46.696 820-1734/system_process D/qcom_sensors_hal: hal_process_smgr_ind: 34
07-02 19:30:46.696 820-1734/system_process D/qcom_sensors_hal: hal_process_report_ind: St: 0 ReportId: 0 Rate: 0, Len: 1
07-02 19:30:46.696 820-1734/system_process D/qcom_sensors_hal: hal_process_report_ind: Id: ACCEL_DATA: Ty: 0 Q: 13
07-02 19:30:46.696 820-1734/system_process D/qcom_sensors_hal: hal_process_report_ind: X: -0.159592 Y: -0.297729 Z: 9.718719 
07-02 19:30:46.696 820-848/system_process D/qcom_sensors_hal: _hal_sensors_data_poll: poll data:1;data[0].sensor:0 .type:1 .x:-0.159592 .y:-0.297729 .z:9.718719
07-02 19:30:46.696 820-848/system_process D/qcom_sensors_hal: _hal_sensors_data_poll: cnt: 256
07-02 19:30:46.696 820-848/system_process D/qcom_sensors_hal: hal_wait_for_response: timeout=0
07-02 19:30:46.796 820-1734/system_process D/qcom_sensors_hal: hal_sensor1_data_cb: msg_type 2, Sn 0, msg Id 34, txn Id 0
07-02 19:30:46.796 820-1734/system_process D/qcom_sensors_hal: hal_process_smgr_ind: 34
07-02 19:30:46.796 820-1734/system_process D/qcom_sensors_hal: hal_process_report_ind: St: 0 ReportId: 0 Rate: 0, Len: 1
07-02 19:30:46.796 820-1734/system_process D/qcom_sensors_hal: hal_process_report_ind: Id: ACCEL_DATA: Ty: 0 Q: 13
07-02 19:30:46.796 820-1734/system_process D/qcom_sensors_hal: hal_process_report_ind: X: -0.184021 Y: -0.364594 Z: 9.693466 
