                                                                                                      at com.google.android.gms.auth.c.b(Unknown Source)
                                                                                                      at com.google.android.gms.auth.b.a(Unknown Source)
                                                                                                      at com.google.android.gms.auth.b.a(Unknown Source)
                                                                                                      at com.google.android.apps.gsa.search.core.google.gaia.p.a(GoogleAuthAdapterImpl.java:40)
                                                                                                      at com.google.android.apps.gsa.search.core.google.gaia.l.a(FallingBackGoogleAuthAdapter.java:85)
                                                                                                      at com.google.android.apps.gsa.search.core.google.gaia.i.a(CachingGoogleAuthAdapter.java:72)
                                                                                                      at com.google.android.apps.gsa.search.core.google.gaia.q.b(LoginHelper.java:927)
                                                                                                      at com.google.android.apps.gsa.search.core.google.gaia.q$7.call(LoginHelper.java:1811)
                                                                                                      at java.util.concurrent.FutureTask.run(FutureTask.java:237)
                                                                                                      at com.google.android.apps.gsa.shared.util.concurrent.a.ag.run(TaskRunnerFutureTask.java:125)
                                                                                                      at com.google.android.apps.gsa.shared.util.concurrent.a.ar.run(ThrottlingExecutor.java:139)
                                                                                                      at java.util.concurrent.ThreadPoolExecutor.runWorker(ThreadPoolExecutor.java:1112)
                                                                                                      at java.util.concurrent.ThreadPoolExecutor$Worker.run(ThreadPoolExecutor.java:587)
                                                                                                      at java.lang.Thread.run(Thread.java:818)
                                                                                                      at com.google.android.apps.gsa.shared.util.concurrent.a.ab$1.run(GsaThreadFactory.java:104)
07-02 19:26:03.356 1711-3296/com.google.android.gms.persistent E/Auth: [GoogleAccountDataServiceImpl] getToken() -> NETWORK_ERROR. Account: <ELLIDED:-1889443975>, App: com.google.android.googlequicksearchbox, Service: oauth2:https://www.googleapis.com/auth/googlenow
07-02 19:26:03.356 1625-3238/com.google.android.googlequicksearchbox:search W/Search.LoginHelper: IO exception for scope: oauth2:https://www.googleapis.com/auth/googlenow
                                                                                                  java.io.IOException: NetworkError
                                                                                                      at com.google.android.gms.auth.c$1.f(Unknown Source)
                                                                                                      at com.google.android.gms.auth.c.a(Unknown Source)
                                                                                                      at com.google.android.gms.auth.c.b(Unknown Source)
                                                                                                      at com.google.android.gms.auth.b.a(Unknown Source)
                                                                                                      at com.google.android.gms.auth.b.a(Unknown Source)
                                                                                                      at com.google.android.apps.gsa.search.core.google.gaia.p.a(GoogleAuthAdapterImpl.java:40)
                                                                                                      at com.google.android.apps.gsa.search.core.google.gaia.l.a(FallingBackGoogleAuthAdapter.java:85)
                                                                                                      at com.google.android.apps.gsa.search.core.google.gaia.i.a(CachingGoogleAuthAdapter.java:72)
                                                                                                      at com.google.android.apps.gsa.search.core.google.gaia.q.b(LoginHelper.java:927)
                                                                                                      at com.google.android.apps.gsa.search.core.google.gaia.q$7.call(LoginHelper.java:1811)
                                                                                                      at java.util.concurrent.FutureTask.run(FutureTask.java:237)
                                                                                                      at com.google.android.apps.gsa.shared.util.concurrent.a.ag.run(TaskRunnerFutureTask.java:125)
                                                                                                      at com.google.android.apps.gsa.shared.util.concurrent.a.ar.run(ThrottlingExecutor.java:139)
                                                                                                      at java.util.concurrent.ThreadPoolExecutor.runWorker(ThreadPoolExecutor.java:1112)
                                                                                                      at java.util.concurrent.ThreadPoolExecutor$Worker.run(ThreadPoolExecutor.java:587)
                                                                                                      at java.lang.Thread.run(Thread.java:818)
                                                                                                      at com.google.android.apps.gsa.shared.util.concurrent.a.ab$1.run(GsaThreadFactory.java:104)
07-02 19:26:03.366 1711-2082/com.google.android.gms.persistent E/Auth: [GoogleAccountDataServiceImpl] getToken() -> NETWORK_ERROR. Account: <ELLIDED:-1889443975>, App: com.google.android.googlequicksearchbox, Service: oauth2:https://www.googleapis.com/auth/googlenow
07-02 19:26:03.366 1625-3052/com.google.android.googlequicksearchbox:search W/Search.LoginHelper: IO exception for scope: oauth2:https://www.googleapis.com/auth/googlenow
                                                                                                  java.io.IOException: NetworkError
                                                                                                      at com.google.android.gms.auth.c$1.f(Unknown Source)
                                                                                                      at com.google.android.gms.auth.c.a(Unknown Source)
                                                                                                      at com.google.android.gms.auth.c.b(Unknown Source)
                                                                                                      at com.google.android.gms.auth.b.a(Unknown Source)
                                                                                                      at com.google.android.gms.auth.b.a(Unknown Source)
                                                                                                      at com.google.android.apps.gsa.search.core.google.gaia.p.a(GoogleAuthAdapterImpl.java:40)
                                                                                                      at com.google.android.apps.gsa.search.core.google.gaia.l.a(FallingBackGoogleAuthAdapter.java:85)
                                                                                                      at com.google.android.apps.gsa.search.core.google.gaia.i.a(CachingGoogleAuthAdapter.java:72)
                                                                                                      at com.google.android.apps.gsa.search.core.google.gaia.q.b(LoginHelper.java:927)
                                                                                                      at com.google.android.apps.gsa.search.core.google.gaia.q$7.call(LoginHelper.java:1811)
                                                                                                      at java.util.concurrent.FutureTask.run(FutureTask.java:237)
                                                                                                      at com.google.android.apps.gsa.shared.util.concurrent.a.ag.run(TaskRunnerFutureTask.java:125)
                                                                                                      at com.google.android.apps.gsa.shared.util.concurrent.a.ar.run(ThrottlingExecutor.java:139)
                                                                                                      at java.util.concurrent.ThreadPoolExecutor.runWorker(ThreadPoolExecutor.java:1112)
                                                                                                      at java.util.concurrent.ThreadPoolExecutor$Worker.run(ThreadPoolExecutor.java:587)
                                                                                                      at java.lang.Thread.run(Thread.java:818)
                                                                                                      at com.google.android.apps.gsa.shared.util.concurrent.a.ab$1.run(GsaThreadFactory.java:104)
07-02 19:26:03.386 1711-1728/com.google.android.gms.persistent E/Auth: [GoogleAccountDataServiceImpl] getToken() -> NETWORK_ERROR. Account: <ELLIDED:-1889443975>, App: com.google.android.googlequicksearchbox, Service: oauth2:https://www.googleapis.com/auth/googlenow
07-02 19:26:03.396 1625-3238/com.google.android.googlequicksearchbox:search W/Search.LoginHelper: IO exception for scope: oauth2:https://www.googleapis.com/auth/googlenow
                                                                                                  java.io.IOException: NetworkError
                                                                                                      at com.google.android.gms.auth.c$1.f(Unknown Source)
                                                                                                      at com.google.android.gms.auth.c.a(Unknown Source)
                                                                                                      at com.google.android.gms.auth.c.b(Unknown Source)
                                                                                                      at com.google.android.gms.auth.b.a(Unknown Source)
                                                                                                      at com.google.android.gms.auth.b.a(Unknown Source)
                                                                                                      at com.google.android.apps.gsa.search.core.google.gaia.p.a(GoogleAuthAdapterImpl.java:40)
                                                                                                      at com.google.android.apps.gsa.search.core.google.gaia.l.a(FallingBackGoogleAuthAdapter.java:85)
                                                                                                      at com.google.android.apps.gsa.search.core.google.gaia.i.a(CachingGoogleAuthAdapter.java:72)
                                                                                                      at com.google.android.apps.gsa.search.core.google.gaia.q.b(LoginHelper.java:927)
                                                                                                      at com.google.android.apps.gsa.search.core.google.gaia.q$7.call(LoginHelper.java:1811)
                                                                                                      at java.util.concurrent.FutureTask.run(FutureTask.java:237)
                                                                                                      at com.google.android.apps.gsa.shared.util.concurrent.a.ag.run(TaskRunnerFutureTask.java:125)
                                                                                                      at com.google.android.apps.gsa.shared.util.concurrent.a.ar.run(ThrottlingExecutor.java:139)
                                                                                                      at java.util.concurrent.ThreadPoolExecutor.runWorker(ThreadPoolExecutor.java:1112)
                                                                                                      at java.util.concurrent.ThreadPoolExecutor$Worker.run(ThreadPoolExecutor.java:587)
                                                                                                      at java.lang.Thread.run(Thread.java:818)
                                                                                                      at com.google.android.apps.gsa.shared.util.concurrent.a.ab$1.run(GsaThreadFactory.java:104)
07-02 19:26:03.406 1711-1877/com.google.android.gms.persistent E/Auth: [GoogleAccountDataServiceImpl] getToken() -> NETWORK_ERROR. Account: <ELLIDED:-1889443975>, App: com.google.android.googlequicksearchbox, Service: oauth2:https://www.googleapis.com/auth/googlenow
07-02 19:26:03.406 1625-3052/com.google.android.googlequicksearchbox:search W/Search.LoginHelper: IO exception for scope: oauth2:https://www.googleapis.com/auth/googlenow
                                                                                                  java.io.IOException: NetworkError
                                                                                                      at com.google.android.gms.auth.c$1.f(Unknown Source)
                                                                                                      at com.google.android.gms.auth.c.a(Unknown Source)
                                                                                                      at com.google.android.gms.auth.c.b(Unknown Source)
                                                                                                      at com.google.android.gms.auth.b.a(Unknown Source)
                                                                                                      at com.google.android.gms.auth.b.a(Unknown Source)
                                                                                                      at com.google.android.apps.gsa.search.core.google.gaia.p.a(GoogleAuthAdapterImpl.java:40)
                                                                                                      at com.google.android.apps.gsa.search.core.google.gaia.l.a(FallingBackGoogleAuthAdapter.java:85)
                                                                                                      at com.google.android.apps.gsa.search.core.google.gaia.i.a(CachingGoogleAuthAdapter.java:72)
                                                                                                      at com.google.android.apps.gsa.search.core.google.gaia.q.b(LoginHelper.java:927)
                                                                                                      at com.google.android.apps.gsa.search.core.google.gaia.q$7.call(LoginHelper.java:1811)
                                                                                                      at java.util.concurrent.FutureTask.run(FutureTask.java:237)
                                                                                                      at com.google.android.apps.gsa.shared.util.concurrent.a.ag.run(TaskRunnerFutureTask.java:125)
                                                                                                      at com.google.android.apps.gsa.shared.util.concurrent.a.ar.run(ThrottlingExecutor.java:139)
                                                                                                      at java.util.concurrent.ThreadPoolExecutor.runWorker(ThreadPoolExecutor.java:1112)
                                                                                                      at java.util.concurrent.ThreadPoolExecutor$Worker.run(ThreadPoolExecutor.java:587)
                                                                                                      at java.lang.Thread.run(Thread.java:818)
                                                                                                      at com.google.android.apps.gsa.shared.util.concurrent.a.ab$1.run(GsaThreadFactory.java:104)
07-02 19:26:03.506 249-361/? E/Vold: Failed to find mounted volume for /storage/sdcard1/Android/data/com.google.android.apps.maps/files/
07-02 19:26:03.506 249-361/? W/Vold: Returning OperationFailed - no handler for errno 0
07-02 19:26:03.506 3270-3310/com.google.android.apps.maps W/ContextImpl: Failed to ensure directory: /storage/sdcard1/Android/data/com.google.android.apps.maps/files
07-02 19:26:03.516 249-361/? E/Vold: Failed to find mounted volume for /storage/sdcard1/Android/data/com.google.android.apps.maps/files/
07-02 19:26:03.516 249-361/? W/Vold: Returning OperationFailed - no handler for errno 0
07-02 19:26:03.516 3270-3310/com.google.android.apps.maps W/ContextImpl: Failed to ensure directory: /storage/sdcard1/Android/data/com.google.android.apps.maps/files
07-02 19:26:03.596 1711-3269/com.google.android.gms.persistent I/PhenotypeFlagCommitter: Experiment Configs successfully retrieved for com.google.android.gms.lockbox
07-02 19:26:03.656 3270-3312/com.google.android.apps.maps W/art: Long monitor contention event with owner method=java.lang.Object a.a.b.a() from PG:43 waiters=0 for 117ms
07-02 19:26:03.716 820-1091/system_process I/ActivityManager: Start proc org.onaips.vnc for broadcast org.onaips.vnc/.StartServiceAtBootReceiver: pid=3327 uid=10060 gids={50060, 9997, 3003} abi=armeabi-v7a
07-02 19:26:03.766 3327-3327/? I/art: Late-enabling -Xcheck:jni
07-02 19:26:03.796 3270-3285/com.google.android.apps.maps W/art: Suspending all threads took: 12.834ms
07-02 19:26:03.816 3270-3310/com.google.android.apps.maps W/ResourcesManager: Asset path '/system/framework/com.android.media.remotedisplay.jar' does not exist or contains no resources.
07-02 19:26:03.816 3270-3310/com.google.android.apps.maps W/ResourcesManager: Asset path '/system/framework/com.android.location.provider.jar' does not exist or contains no resources.
07-02 19:26:03.836 3327-3327/org.onaips.vnc V/VNCserver: copy -> /data/data/org.onaips.vnc/files//webclients.zip
07-02 19:26:03.856 3327-3327/org.onaips.vnc V/VNCserver: Extracting: webclients/...
07-02 19:26:03.856 3327-3327/org.onaips.vnc V/VNCserver: Extracting: webclients/Makefile.am...
07-02 19:26:03.866 3327-3327/org.onaips.vnc V/VNCserver: Extracting: webclients/Makefile.in...
07-02 19:26:03.866 3327-3327/org.onaips.vnc V/VNCserver: Extracting: webclients/index.vnc...
07-02 19:26:03.866 3327-3327/org.onaips.vnc V/VNCserver: Extracting: webclients/java-applet/...
07-02 19:26:03.866 3327-3327/org.onaips.vnc V/VNCserver: Extracting: webclients/java-applet/Makefile.am...
07-02 19:26:03.866 3327-3327/org.onaips.vnc V/VNCserver: Extracting: webclients/java-applet/Makefile.in...
07-02 19:26:03.866 3327-3327/org.onaips.vnc V/VNCserver: Extracting: webclients/java-applet/VncViewer.jar...
07-02 19:26:03.886 3327-3327/org.onaips.vnc V/VNCserver: Extracting: webclients/java-applet/javaviewer.pseudo_proxy.patch...
07-02 19:26:03.886 3327-3327/org.onaips.vnc V/VNCserver: Extracting: webclients/java-applet/ssl/...
07-02 19:26:03.886 3327-3327/org.onaips.vnc V/VNCserver: Extracting: webclients/java-applet/ssl/Makefile.am...
07-02 19:26:03.886 3327-3327/org.onaips.vnc V/VNCserver: Extracting: webclients/java-applet/ssl/Makefile.in...
07-02 19:26:03.886 3327-3327/org.onaips.vnc V/VNCserver: Extracting: webclients/java-applet/ssl/README...
07-02 19:26:03.886 3327-3327/org.onaips.vnc V/VNCserver: Extracting: webclients/java-applet/ssl/SignedUltraViewerSSL.jar...
07-02 19:26:03.906 1784-1800/com.google.process.gapps I/art: Explicit concurrent mark sweep GC freed 4259(200KB) AllocSpace objects, 0(0B) LOS objects, 46% free, 4MB/8MB, paused 776us total 29ms
07-02 19:26:03.906 3327-3327/org.onaips.vnc V/VNCserver: Extracting: webclients/java-applet/ssl/SignedVncViewer.jar...
07-02 19:26:03.916 1784-1796/com.google.process.gapps W/SQLiteConnectionPool: A SQLiteConnection object for database '/data/user/0/com.google.android.gsf/databases/gservices.db' was leaked!  Please fix your application to end transactions in progress properly and to close the database when it is no longer needed.
07-02 19:26:03.926 3270-3310/com.google.android.apps.maps V/JNIHelp: Registering com/google/android/gms/org/conscrypt/NativeCrypto's 255 native methods...
07-02 19:26:03.926 3327-3327/org.onaips.vnc V/VNCserver: Extracting: webclients/java-applet/ssl/UltraViewerSSL.jar...
07-02 19:26:03.936 2095-3107/com.google.android.gms D/ChimeraResource: Successfully parsed resource with package name: com.google.android.gms and resource name string/icing_apps_corpus_label
07-02 19:26:03.936 2095-3107/com.google.android.gms D/ChimeraResource: Successfully parsed resource with package name: com.google.android.gms and resource name string/icing_apps_corpus_description
07-02 19:26:03.946 2095-3107/com.google.android.gms D/ChimeraResource: Successfully parsed resource with package name: com.google.android.gms and resource name drawable/ic_device_source_apps_normal
07-02 19:26:03.946 2095-3107/com.google.android.gms D/ChimeraResource: Successfully parsed resource with package name: com.google.android.gms and resource name string/icing_contacts_corpus_label
07-02 19:26:03.946 3327-3327/org.onaips.vnc V/VNCserver: Extracting: webclients/java-applet/ssl/VncViewer.jar...
07-02 19:26:03.946 2095-3107/com.google.android.gms D/ChimeraResource: Successfully parsed resource with package name: com.google.android.gms and resource name string/icing_contacts_corpus_description
07-02 19:26:03.946 2095-3107/com.google.android.gms D/ChimeraResource: Successfully parsed resource with package name: com.google.android.gms and resource name drawable/ic_device_source_contacts
07-02 19:26:03.956 3327-3327/org.onaips.vnc V/VNCserver: Extracting: webclients/java-applet/ssl/index.vnc...
07-02 19:26:03.956 3327-3327/org.onaips.vnc V/VNCserver: Extracting: webclients/java-applet/ssl/onetimekey...
07-02 19:26:03.956 3327-3327/org.onaips.vnc V/VNCserver: Extracting: webclients/java-applet/ssl/proxy.vnc...
07-02 19:26:03.966 3327-3327/org.onaips.vnc V/VNCserver: Extracting: webclients/java-applet/ssl/ss_vncviewer...
07-02 19:26:03.966 2095-3107/com.google.android.gms I/Icing: Not enough disk space for indexing trimmable
07-02 19:26:03.976 2095-3107/com.google.android.gms I/Icing: Internal init done: storage state 1
07-02 19:26:03.976 3327-3327/org.onaips.vnc V/VNCserver: Extracting: webclients/java-applet/ssl/ultra.vnc...
07-02 19:26:03.976 3327-3327/org.onaips.vnc V/VNCserver: Extracting: webclients/java-applet/ssl/ultraproxy.vnc...
07-02 19:26:03.976 3327-3327/org.onaips.vnc V/VNCserver: Extracting: webclients/java-applet/ssl/ultrasigned.vnc...
07-02 19:26:03.986 3327-3327/org.onaips.vnc V/VNCserver: Extracting: webclients/novnc/...
07-02 19:26:03.986 3327-3327/org.onaips.vnc V/VNCserver: Extracting: webclients/novnc/LICENSE.txt...
07-02 19:26:03.986 3327-3327/org.onaips.vnc V/VNCserver: Extracting: webclients/novnc/README.md...
07-02 19:26:03.986 3327-3327/org.onaips.vnc V/VNCserver: Extracting: webclients/novnc/favicon.ico...
07-02 19:26:03.986 3327-3327/org.onaips.vnc V/VNCserver: Extracting: webclients/novnc/images/...
07-02 19:26:03.986 3327-3327/org.onaips.vnc V/VNCserver: Extracting: webclients/novnc/images/clipboard.png...
07-02 19:26:03.986 3270-3310/com.google.android.apps.maps W/ActivityThread: ClassLoader.loadClass: The class loader returned by Thread.getContextClassLoader() may fail for processes that host multiple applications. You should explicitly specify a context class loader. For example: Thread.setContextClassLoader(getClass().getClassLoader());
07-02 19:26:03.996 3270-3310/com.google.android.apps.maps W/System: Could not create com.google.android.gms.org.conscrypt.OpenSSLSocketFactoryImpl with ClassLoader android.app.LoadedApk$WarningContextClassLoader@2067f173: com.google.android.gms.org.conscrypt.OpenSSLSocketFactoryImpl
07-02 19:26:03.996 3327-3327/org.onaips.vnc V/VNCserver: Extracting: webclients/novnc/images/connect.png...
07-02 19:26:03.996 3270-3310/com.google.android.apps.maps I/ProviderInstaller: Installed default security provider GmsCore_OpenSSL
07-02 19:26:03.996 3327-3327/org.onaips.vnc V/VNCserver: Extracting: webclients/novnc/images/ctrlaltdel.png...
07-02 19:26:03.996 3327-3327/org.onaips.vnc V/VNCserver: Extracting: webclients/novnc/images/disconnect.png...
07-02 19:26:03.996 3327-3327/org.onaips.vnc V/VNCserver: Extracting: webclients/novnc/images/drag.png...
07-02 19:26:03.996 3327-3327/org.onaips.vnc V/VNCserver: Extracting: webclients/novnc/images/favicon.ico...
07-02 19:26:03.996 3327-3327/org.onaips.vnc V/VNCserver: Extracting: webclients/novnc/images/favicon.png...
07-02 19:26:03.996 3327-3327/org.onaips.vnc V/VNCserver: Extracting: webclients/novnc/images/keyboard.png...
07-02 19:26:03.996 3327-3327/org.onaips.vnc V/VNCserver: Extracting: webclients/novnc/images/mouse_left.png...
07-02 19:26:03.996 3327-3327/org.onaips.vnc V/VNCserver: Extracting: webclients/novnc/images/mouse_middle.png...
07-02 19:26:03.996 3327-3327/org.onaips.vnc V/VNCserver: Extracting: webclients/novnc/images/mouse_none.png...
07-02 19:26:03.996 3327-3327/org.onaips.vnc V/VNCserver: Extracting: webclients/novnc/images/mouse_right.png...
07-02 19:26:03.996 3327-3327/org.onaips.vnc V/VNCserver: Extracting: webclients/novnc/images/screen_320x460.png...
07-02 19:26:04.006 3327-3327/org.onaips.vnc V/VNCserver: Extracting: webclients/novnc/images/screen_57x57.png...
07-02 19:26:04.006 3327-3327/org.onaips.vnc V/VNCserver: Extracting: webclients/novnc/images/screen_700x700.png...
07-02 19:26:04.006 3327-3327/org.onaips.vnc V/VNCserver: Extracting: webclients/novnc/images/settings.png...
07-02 19:26:04.006 3327-3327/org.onaips.vnc V/VNCserver: Extracting: webclients/novnc/include/...
07-02 19:26:04.006 3327-3327/org.onaips.vnc V/VNCserver: Extracting: webclients/novnc/include/Orbitron700.ttf...
07-02 19:26:04.016 3327-3327/org.onaips.vnc V/VNCserver: Extracting: webclients/novnc/include/Orbitron700.woff...
07-02 19:26:04.026 3327-3327/org.onaips.vnc V/VNCserver: Extracting: webclients/novnc/include/base.css...
07-02 19:26:04.026 3327-3327/org.onaips.vnc V/VNCserver: Extracting: webclients/novnc/include/base64.js...
07-02 19:26:04.026 3327-3327/org.onaips.vnc V/VNCserver: Extracting: webclients/novnc/include/black.css...
07-02 19:26:04.026 3327-3327/org.onaips.vnc V/VNCserver: Extracting: webclients/novnc/include/blue.css...
07-02 19:26:04.026 3327-3327/org.onaips.vnc V/VNCserver: Extracting: webclients/novnc/include/des.js...
07-02 19:26:04.026 3327-3327/org.onaips.vnc V/VNCserver: Extracting: webclients/novnc/include/display.js...
07-02 19:26:04.036 3327-3327/org.onaips.vnc V/VNCserver: Extracting: webclients/novnc/include/input.js...
07-02 19:26:04.056 3327-3327/org.onaips.vnc V/VNCserver: Extracting: webclients/novnc/include/jsunzip.js...
07-02 19:26:04.056 1625-3109/com.google.android.googlequicksearchbox:search W/ThreadPoolDumper: Task e[getGlobalSearchSou] was queued for 3378ms before starting on executor IcingConnectionExecutor
07-02 19:26:04.056 3327-3327/org.onaips.vnc V/VNCserver: Extracting: webclients/novnc/include/logo.js...
07-02 19:26:04.056 2095-3107/com.google.android.gms I/Icing: Post-init done
07-02 19:26:04.066 3327-3327/org.onaips.vnc V/VNCserver: Extracting: webclients/novnc/include/playback.js...
07-02 19:26:04.076 3327-3327/org.onaips.vnc V/VNCserver: Extracting: webclients/novnc/include/rfb.js...
07-02 19:26:04.076 3327-3327/org.onaips.vnc V/VNCserver: Extracting: webclients/novnc/include/ui.js...
07-02 19:26:04.086 3327-3327/org.onaips.vnc V/VNCserver: Extracting: webclients/novnc/include/util.js...
07-02 19:26:04.086 3327-3327/org.onaips.vnc V/VNCserver: Extracting: webclients/novnc/include/vnc.js...
07-02 19:26:04.086 3327-3327/org.onaips.vnc V/VNCserver: Extracting: webclients/novnc/include/web-socket-js/...
07-02 19:26:04.086 3327-3327/org.onaips.vnc V/VNCserver: Extracting: webclients/novnc/include/web-socket-js/README.txt...
07-02 19:26:04.096 3327-3327/org.onaips.vnc V/VNCserver: Extracting: webclients/novnc/include/web-socket-js/WebSocketMain.swf...
07-02 19:26:04.136 3327-3327/org.onaips.vnc V/VNCserver: Extracting: webclients/novnc/include/web-socket-js/swfobject.js...
07-02 19:26:04.136 3327-3327/org.onaips.vnc V/VNCserver: Extracting: webclients/novnc/include/web-socket-js/web_socket.js...
07-02 19:26:04.136 3327-3327/org.onaips.vnc V/VNCserver: Extracting: webclients/novnc/include/websock.js...
07-02 19:26:04.146 3327-3327/org.onaips.vnc V/VNCserver: Extracting: webclients/novnc/include/webutil.js...
07-02 19:26:04.146 249-361/? E/Vold: Failed to find mounted volume for /storage/sdcard1/Android/data/com.google.android.apps.maps/files/
07-02 19:26:04.146 249-361/? W/Vold: Returning OperationFailed - no handler for errno 0
07-02 19:26:04.146 3270-3313/com.google.android.apps.maps W/ContextImpl: Failed to ensure directory: /storage/sdcard1/Android/data/com.google.android.apps.maps/files
07-02 19:26:04.146 3327-3327/org.onaips.vnc V/VNCserver: Extracting: webclients/novnc/vnc.html...
07-02 19:26:04.146 3327-3327/org.onaips.vnc V/VNCserver: Extracting: webclients/novnc/vnc_auto.html...
07-02 19:26:04.156 3327-3327/org.onaips.vnc V/VNCserver: ServerConnection started
07-02 19:26:04.156 3327-3327/org.onaips.vnc V/VNCserver: ServerManager::handleStart
07-02 19:26:04.156 3327-3359/org.onaips.vnc V/VNCserver: Listening...
07-02 19:26:04.166 3327-3327/org.onaips.vnc V/VNCserver: Let me see if we need to start daemon...No
07-02 19:26:04.346 1711-1711/com.google.android.gms.persistent V/UserPresentBroadcastReceiver: Received Intent { act=android.intent.action.USER_PRESENT flg=0x24000010 cmp=com.google.android.gms/.trustagent.UserPresentBroadcastReceiver }.
07-02 19:26:04.396 820-1755/system_process I/ActivityManager: Start proc com.estrongs.android.pop for broadcast com.estrongs.android.pop/.app.StartServiceReceiver: pid=3368 uid=10071 gids={50071, 9997, 3003, 3002, 3001, 1028, 1015} abi=armeabi-v7a
07-02 19:26:04.526 1711-1711/com.google.android.gms.persistent I/art: Explicit concurrent mark sweep GC freed 43507(3MB) AllocSpace objects, 40(640KB) LOS objects, 40% free, 12MB/20MB, paused 1.178ms total 93.288ms
07-02 19:26:04.576 3368-3368/com.estrongs.android.pop I/MultiDex: VM with version 2.1.0 has multidex support
07-02 19:26:04.576 3368-3368/com.estrongs.android.pop I/MultiDex: install
07-02 19:26:04.576 3368-3368/com.estrongs.android.pop I/MultiDex: VM has multidex support, MultiDex support library is disabled.
07-02 19:26:04.576 3368-3368/com.estrongs.android.pop I/MultiDex: install
07-02 19:26:04.576 3368-3368/com.estrongs.android.pop I/MultiDex: VM has multidex support, MultiDex support library is disabled.
07-02 19:26:04.906 820-1671/system_process I/art: Explicit concurrent mark sweep GC freed 22809(1392KB) AllocSpace objects, 10(465KB) LOS objects, 33% free, 13MB/20MB, paused 1.332ms total 107.521ms
07-02 19:26:04.996 820-940/system_process I/ActivityManager: Killing 2820:com.cyanogenmod.account/u0a2 (adj 15): empty #17
07-02 19:26:05.046 820-1354/system_process W/libprocessgroup: failed to open /acct/uid_10002/pid_2820/cgroup.procs: No such file or directory
07-02 19:26:05.046 3368-3401/com.estrongs.android.pop E/FlurryAgent: GOOGLE PLAY SERVICES EXCEPTION: com.google.android.gms.common.GooglePlayServicesUtil
07-02 19:26:05.046 3368-3401/com.estrongs.android.pop E/FlurryAgent: There is a problem with the Google Play Services library, which is required for Android Advertising ID support. The Google Play Services library should be integrated in any app shipping in the Play Store that uses analytics or advertising.
07-02 19:26:05.186 820-1760/system_process I/ActivityManager: Start proc eu.chainfire.supersu for broadcast eu.chainfire.supersu/.UserPresentReceiver: pid=3413 uid=10099 gids={50099, 9997} abi=armeabi-v7a
07-02 19:26:05.206 3368-3411/com.estrongs.android.pop W/ResourceType: No package identifier when getting value for resource number 0x00000000
07-02 19:26:05.216 278-278/? I/art: Explicit concurrent mark sweep GC freed 705(30KB) AllocSpace objects, 0(0B) LOS objects, 50% free, 3MB/7MB, paused 805us total 26.210ms
07-02 19:26:05.236 278-278/? I/art: Explicit concurrent mark sweep GC freed 6(208B) AllocSpace objects, 0(0B) LOS objects, 50% free, 3MB/7MB, paused 355us total 19.743ms
07-02 19:26:05.256 278-278/? I/art: Explicit concurrent mark sweep GC freed 5(160B) AllocSpace objects, 0(0B) LOS objects, 50% free, 3MB/7MB, paused 332us total 20.661ms
07-02 19:26:05.286 820-1473/system_process I/ActivityManager: Killing 2855:com.cyanogenmod.updater/u0a3 (adj 15): empty #17
07-02 19:26:05.336 820-837/system_process W/libprocessgroup: failed to open /acct/uid_10003/pid_2855/cgroup.procs: No such file or directory
07-02 19:26:05.366 820-1091/system_process I/ActivityManager: Start proc com.android.deskclock for broadcast com.android.deskclock/com.android.alarmclock.DigitalAppWidgetProvider: pid=3443 uid=10036 gids={50036, 9997, 1028, 3003} abi=armeabi-v7a
07-02 19:26:05.376 820-1091/system_process I/ActivityManager: Killing 2884:com.android.managedprovisioning/u0a11 (adj 15): empty #17
07-02 19:26:05.406 820-1671/system_process W/libprocessgroup: failed to open /acct/uid_10011/pid_2884/cgroup.procs: No such file or directory
07-02 19:26:05.456 820-1354/system_process I/ActivityManager: Killing 2909:com.android.mms/u0a12 (adj 15): empty #17
07-02 19:26:05.466 3368-3406/com.estrongs.android.pop W/ResourceType: ResTable_typeSpec entry count inconsistent: given 1, previously 1427
07-02 19:26:05.466 820-836/system_process D/CountryDetector: No listener is left
07-02 19:26:05.486 820-837/system_process W/libprocessgroup: failed to open /acct/uid_10012/pid_2909/cgroup.procs: No such file or directory
07-02 19:26:05.526 820-1354/system_process I/ActivityManager: Start proc com.android.cellbroadcastreceiver for broadcast com.android.cellbroadcastreceiver/.CellBroadcastReceiver: pid=3462 uid=10005 gids={50005, 9997} abi=armeabi-v7a
07-02 19:26:05.616 355-794/? E/Diag_Lib: Thread state: conn_id=0, state=RX_THREAD_WAIT_READ
07-02 19:26:05.616 355-794/? E/Diag_Lib: Thread state: conn_id=0, state=RX_THREAD_CLIENT_TX
07-02 19:26:05.616 355-794/? E/Diag_Lib: qmuxd: TX message on fd=28, to qmux_client_id=2, len=64
07-02 19:26:05.616 355-794/? E/Diag_Lib: Thread state: conn_id=0, state=RX_THREAD_WAIT_POLL
07-02 19:26:05.616 355-794/? E/Diag_Lib: Thread state: conn_id=0, state=RX_THREAD_WAIT_READ
07-02 19:26:05.616 355-794/? E/Diag_Lib: Thread state: conn_id=0, state=RX_THREAD_CLIENT_TX
07-02 19:26:05.616 355-794/? E/Diag_Lib: qmuxd: TX message on fd=28, to qmux_client_id=2, len=153
07-02 19:26:05.616 355-794/? E/Diag_Lib: Thread state: conn_id=0, state=RX_THREAD_WAIT_POLL
07-02 19:26:05.616 355-794/? E/Diag_Lib: Thread state: conn_id=0, state=RX_THREAD_WAIT_READ
07-02 19:26:05.616 355-794/? E/Diag_Lib: Thread state: conn_id=0, state=RX_THREAD_CLIENT_TX
07-02 19:26:05.616 355-794/? E/Diag_Lib: qmuxd: TX message on fd=28, to qmux_client_id=2, len=55
07-02 19:26:05.616 355-794/? E/Diag_Lib: Thread state: conn_id=0, state=RX_THREAD_WAIT_POLL
07-02 19:26:05.626 3462-3462/com.android.cellbroadcastreceiver D/CellBroadcastReceiver: onReceive Intent { act=android.intent.action.SERVICE_STATE flg=0x10 cmp=com.android.cellbroadcastreceiver/.CellBroadcastReceiver (has extras) }
07-02 19:26:05.626 3462-3462/com.android.cellbroadcastreceiver D/CellBroadcastReceiver: Intent ACTION_SERVICE_STATE_CHANGED
07-02 19:26:05.626 355-355/? E/Diag_Lib: Thread state: conn_id=50, state=MAIN_THREAD_CLIENT_RECV
07-02 19:26:05.626 355-355/? E/Diag_Lib: qmuxd: RX 47 bytes on fd=28 from qmux_client_id=2
07-02 19:26:05.626 355-355/? E/Diag_Lib: Thread state: conn_id=50, state=MAIN_THREAD_MODEM_TX
07-02 19:26:05.626 355-355/? E/Diag_Lib: Thread state: conn_id=50, state=MAIN_THREAD_WAIT_SELECT
07-02 19:26:05.626 355-794/? E/Diag_Lib: Thread state: conn_id=0, state=RX_THREAD_WAIT_READ
07-02 19:26:05.626 355-794/? E/Diag_Lib: Thread state: conn_id=0, state=RX_THREAD_CLIENT_TX
07-02 19:26:05.626 355-794/? E/Diag_Lib: qmuxd: TX message on fd=28, to qmux_client_id=2, len=160
07-02 19:26:05.626 355-794/? E/Diag_Lib: Thread state: conn_id=0, state=RX_THREAD_WAIT_POLL
07-02 19:26:05.626 3462-3462/com.android.cellbroadcastreceiver D/CellBroadcastReceiver: Service state changed! 3 Full: 3 3 home null null null  Unknown Unknown CSS not supported -1 -1 RoamInd=-1 DefRoamInd=-1 EmergOnly=false Current state=-1
07-02 19:26:05.626 355-355/? E/Diag_Lib: Thread state: conn_id=50, state=MAIN_THREAD_CLIENT_RECV
07-02 19:26:05.626 355-355/? E/Diag_Lib: qmuxd: RX 58 bytes on fd=28 from qmux_client_id=2
07-02 19:26:05.626 355-355/? E/Diag_Lib: Thread state: conn_id=50, state=MAIN_THREAD_MODEM_TX
07-02 19:26:05.626 355-355/? E/Diag_Lib: Thread state: conn_id=50, state=MAIN_THREAD_WAIT_SELECT
07-02 19:26:05.626 820-1755/system_process I/ActivityManager: Killing 2944:com.google.android.onetimeinitializer/u0a22 (adj 15): empty #17
07-02 19:26:05.626 355-794/? E/Diag_Lib: Thread state: conn_id=0, state=RX_THREAD_WAIT_READ
07-02 19:26:05.626 355-794/? E/Diag_Lib: Thread state: conn_id=0, state=RX_THREAD_CLIENT_TX
07-02 19:26:05.626 355-794/? E/Diag_Lib: qmuxd: TX message on fd=28, to qmux_client_id=2, len=64
07-02 19:26:05.626 355-794/? E/Diag_Lib: Thread state: conn_id=0, state=RX_THREAD_WAIT_POLL
07-02 19:26:05.636 355-355/? E/Diag_Lib: Thread state: conn_id=50, state=MAIN_THREAD_CLIENT_RECV
07-02 19:26:05.636 355-355/? E/Diag_Lib: qmuxd: RX 47 bytes on fd=28 from qmux_client_id=2
07-02 19:26:05.636 355-355/? E/Diag_Lib: Thread state: conn_id=50, state=MAIN_THREAD_MODEM_TX
07-02 19:26:05.636 355-355/? E/Diag_Lib: Thread state: conn_id=50, state=MAIN_THREAD_WAIT_SELECT
07-02 19:26:05.636 355-794/? E/Diag_Lib: Thread state: conn_id=0, state=RX_THREAD_WAIT_READ
07-02 19:26:05.636 355-794/? E/Diag_Lib: Thread state: conn_id=0, state=RX_THREAD_CLIENT_TX
07-02 19:26:05.636 355-794/? E/Diag_Lib: qmuxd: TX message on fd=28, to qmux_client_id=2, len=73
07-02 19:26:05.636 355-794/? E/Diag_Lib: Thread state: conn_id=0, state=RX_THREAD_WAIT_POLL
07-02 19:26:05.676 820-1080/system_process W/libprocessgroup: failed to open /acct/uid_10022/pid_2944/cgroup.procs: No such file or directory
07-02 19:26:05.676 996-996/com.android.systemui D/KeyguardUpdateMonitor: ACTION_SERVICE_STATE_CHANGED on sub: 2 mServiceState: 0 1 home Sprint  310000  CDMA-IS95A Unknown CSS not supported 251 4124 RoamInd=1 DefRoamInd=1 EmergOnly=false
07-02 19:26:05.686 1296-3487/com.android.phone D/SIP: [SipSharedPreferences] isReceivingCallsEnabled, option not set; use default value, exception: android.provider.Settings$SettingNotFoundException: sip_receive_calls
07-02 19:26:05.696 1296-2411/com.android.phone D/DcSwitchState: [DcSwitchState-0] IdleState: REQ_CONNECT/EVENT_CONNECT(278528) type=default
07-02 19:26:05.696 1296-2411/com.android.phone D/DcSwitchState: [DcSwitchState-0] Setting default DDS on 2 primary Sub featurefalse
07-02 19:26:05.696 1296-2411/com.android.phone D/DcSwitchState: [DcSwitchState-0] DcSwitchState:setupConnection type = default
07-02 19:26:05.696 1296-1296/com.android.phone D/DcSwitchAsyncChannel: [DcSwitchAsyncChannel-0]: rspConnect=1
07-02 19:26:05.696 3462-3462/com.android.cellbroadcastreceiver D/CellBroadcastReceiver: onReceive Intent { act=android.intent.action.SERVICE_STATE flg=0x10 cmp=com.android.cellbroadcastreceiver/.CellBroadcastReceiver (has extras) }
07-02 19:26:05.696 3462-3462/com.android.cellbroadcastreceiver D/CellBroadcastReceiver: Intent ACTION_SERVICE_STATE_CHANGED
07-02 19:26:05.696 3462-3462/com.android.cellbroadcastreceiver D/CellBroadcastReceiver: Service state changed! 1 Full: 1 1 home Searching for Service null 310000  Unknown Unknown CSS not supported 0 0 RoamInd=1 DefRoamInd=1 EmergOnly=false Current state=-1
07-02 19:26:05.706 3462-3462/com.android.cellbroadcastreceiver D/CellBroadcastReceiver: onReceive Intent { act=android.intent.action.SERVICE_STATE flg=0x10 cmp=com.android.cellbroadcastreceiver/.CellBroadcastReceiver (has extras) }
07-02 19:26:05.706 3462-3462/com.android.cellbroadcastreceiver D/CellBroadcastReceiver: Intent ACTION_SERVICE_STATE_CHANGED
07-02 19:26:05.706 3462-3462/com.android.cellbroadcastreceiver D/CellBroadcastReceiver: Service state changed! 1 Full: 1 1 home Searching for Service null 310000  Unknown Unknown CSS not supported 0 0 RoamInd=1 DefRoamInd=1 EmergOnly=false Current state=-1
07-02 19:26:05.706 820-820/system_process V/BackupManagerService: Running a backup pass
07-02 19:26:05.716 820-942/system_process V/BackupManagerService: clearing pending backups
07-02 19:26:05.716 820-820/system_process D/AlarmManagerService: Kernel timezone updated to 300 minutes west of GMT
07-02 19:26:05.736 820-942/system_process V/PerformBackupTask: Beginning backup of 10 targets
07-02 19:26:05.766 820-942/system_process D/PerformBackupTask: invokeAgentForBackup on @pm@
07-02 19:26:05.776 820-942/system_process E/PMBA: No global metadata in state file!
07-02 19:26:05.776 820-942/system_process I/PMBA: Previous metadata null mismatch vs f8b34b5776 - rewriting
07-02 19:26:05.796 3462-3462/com.android.cellbroadcastreceiver D/CellBroadcastReceiver: onReceive Intent { act=android.intent.action.SERVICE_STATE flg=0x10 cmp=com.android.cellbroadcastreceiver/.CellBroadcastReceiver (has extras) }
07-02 19:26:05.796 3462-3462/com.android.cellbroadcastreceiver D/CellBroadcastReceiver: Intent ACTION_SERVICE_STATE_CHANGED
07-02 19:26:05.796 3462-3462/com.android.cellbroadcastreceiver D/CellBroadcastReceiver: Service state changed! 0 Full: 0 1 home Sprint  310000  CDMA-IS95A Unknown CSS not supported 251 4124 RoamInd=1 DefRoamInd=1 EmergOnly=false Current state=-1
07-02 19:26:05.816 2095-3491/com.google.android.gms D/DropBoxEntryAddedChimeraService: User is not opted-in to Usage & Diagnostics or Lockbox.
07-02 19:26:05.816 820-942/system_process I/BackupRestoreController: Getting widget state for user: 0
07-02 19:26:05.826 3462-3501/com.android.cellbroadcastreceiver D/CellBroadcastConfigService: enabling emergency cell broadcast channels
07-02 19:26:05.836 1296-1323/com.android.phone D/IccSmsInterfaceManager: [IccSmsInterfaceManager] enableCdmaBroadcastRange
07-02 19:26:05.836 1296-1323/com.android.phone D/IccSmsInterfaceManager: [IccSmsInterfaceManager] Calling setCdmaBroadcastConfig with 1 configurations
07-02 19:26:05.836 1217-1536/com.android.inputmethod.latin I/LatinIME:LogUtils: Dictionary info: dictionary = UserHistoryDictionary.en_US ; version = 1230901476 ; date = 1467505565
07-02 19:26:05.846 355-355/? E/Diag_Lib: Thread state: conn_id=50, state=MAIN_THREAD_CLIENT_RECV
07-02 19:26:05.846 355-355/? E/Diag_Lib: qmuxd: RX 61 bytes on fd=28 from qmux_client_id=2
07-02 19:26:05.846 355-355/? E/Diag_Lib: Thread state: conn_id=50, state=MAIN_THREAD_MODEM_TX
07-02 19:26:05.846 355-355/? E/Diag_Lib: Thread state: conn_id=50, state=MAIN_THREAD_WAIT_SELECT
07-02 19:26:05.846 3462-3462/com.android.cellbroadcastreceiver D/CellBroadcastReceiver: onReceive Intent { act=android.intent.action.ACTION_SUBINFO_RECORD_UPDATED flg=0x10 cmp=com.android.cellbroadcastreceiver/.CellBroadcastReceiver (has extras) }
07-02 19:26:05.846 355-794/? E/Diag_Lib: Thread state: conn_id=0, state=RX_THREAD_WAIT_READ
07-02 19:26:05.846 355-794/? E/Diag_Lib: Thread state: conn_id=0, state=RX_THREAD_CLIENT_TX
07-02 19:26:05.846 355-794/? E/Diag_Lib: qmuxd: TX message on fd=28, to qmux_client_id=2, len=54
07-02 19:26:05.846 355-794/? E/Diag_Lib: Thread state: conn_id=0, state=RX_THREAD_WAIT_POLL
07-02 19:26:05.846 1296-1323/com.android.phone D/IccSmsInterfaceManager: [IccSmsInterfaceManager] Added cdma broadcast subscription for MID range 4097 to 4097 from client com.android.cellbroadcastreceiver
07-02 19:26:05.846 1296-1323/com.android.phone D/IccSmsInterfaceManager: [IccSmsInterfaceManager] Calling setCdmaBroadcastActivation(true)
07-02 19:26:05.846 355-355/? E/Diag_Lib: Thread state: conn_id=50, state=MAIN_THREAD_CLIENT_RECV
07-02 19:26:05.846 355-355/? E/Diag_Lib: qmuxd: RX 52 bytes on fd=28 from qmux_client_id=2
07-02 19:26:05.846 355-355/? E/Diag_Lib: Thread state: conn_id=50, state=MAIN_THREAD_MODEM_TX
07-02 19:26:05.846 355-355/? E/Diag_Lib: Thread state: conn_id=50, state=MAIN_THREAD_WAIT_SELECT
07-02 19:26:05.846 355-794/? E/Diag_Lib: Thread state: conn_id=0, state=RX_THREAD_WAIT_READ
07-02 19:26:05.846 355-794/? E/Diag_Lib: Thread state: conn_id=0, state=RX_THREAD_CLIENT_TX
07-02 19:26:05.846 355-794/? E/Diag_Lib: qmuxd: TX message on fd=28, to qmux_client_id=2, len=54
07-02 19:26:05.846 355-794/? E/Diag_Lib: Thread state: conn_id=0, state=RX_THREAD_WAIT_POLL
07-02 19:26:05.856 1296-1328/com.android.phone D/IccSmsInterfaceManager: [IccSmsInterfaceManager] enableCdmaBroadcastRange
07-02 19:26:05.856 1296-1328/com.android.phone D/IccSmsInterfaceManager: [IccSmsInterfaceManager] Calling setCdmaBroadcastConfig with 2 configurations
07-02 19:26:05.856 355-355/? E/Diag_Lib: Thread state: conn_id=50, state=MAIN_THREAD_CLIENT_RECV
07-02 19:26:05.856 355-355/? E/Diag_Lib: qmuxd: RX 66 bytes on fd=28 from qmux_client_id=2
07-02 19:26:05.856 355-355/? E/Diag_Lib: Thread state: conn_id=50, state=MAIN_THREAD_MODEM_TX
07-02 19:26:05.856 355-355/? E/Diag_Lib: Thread state: conn_id=50, state=MAIN_THREAD_WAIT_SELECT
07-02 19:26:05.856 355-794/? E/Diag_Lib: Thread state: conn_id=0, state=RX_THREAD_WAIT_READ
07-02 19:26:05.856 355-794/? E/Diag_Lib: Thread state: conn_id=0, state=RX_THREAD_CLIENT_TX
07-02 19:26:05.856 355-794/? E/Diag_Lib: qmuxd: TX message on fd=28, to qmux_client_id=2, len=54
07-02 19:26:05.856 355-794/? E/Diag_Lib: Thread state: conn_id=0, state=RX_THREAD_WAIT_POLL
07-02 19:26:05.856 1296-1328/com.android.phone D/IccSmsInterfaceManager: [IccSmsInterfaceManager] Added cdma broadcast subscription for MID range 4098 to 4098 from client com.android.cellbroadcastreceiver
07-02 19:26:05.856 1296-1328/com.android.phone D/IccSmsInterfaceManager: [IccSmsInterfaceManager] Calling setCdmaBroadcastActivation(true)
07-02 19:26:05.856 355-355/? E/Diag_Lib: Thread state: conn_id=50, state=MAIN_THREAD_CLIENT_RECV
07-02 19:26:05.856 355-355/? E/Diag_Lib: qmuxd: RX 52 bytes on fd=28 from qmux_client_id=2
07-02 19:26:05.856 355-355/? E/Diag_Lib: Thread state: conn_id=50, state=MAIN_THREAD_MODEM_TX
07-02 19:26:05.856 355-355/? E/Diag_Lib: Thread state: conn_id=50, state=MAIN_THREAD_WAIT_SELECT
07-02 19:26:05.856 355-794/? E/Diag_Lib: Thread state: conn_id=0, state=RX_THREAD_WAIT_READ
07-02 19:26:05.856 355-794/? E/Diag_Lib: Thread state: conn_id=0, state=RX_THREAD_CLIENT_TX
07-02 19:26:05.856 355-794/? E/Diag_Lib: qmuxd: TX message on fd=28, to qmux_client_id=2, len=54
07-02 19:26:05.856 355-794/? E/Diag_Lib: Thread state: conn_id=0, state=RX_THREAD_WAIT_POLL
07-02 19:26:05.866 1296-1417/com.android.phone D/IccSmsInterfaceManager: [IccSmsInterfaceManager] enableCdmaBroadcastRange
07-02 19:26:05.866 1296-1417/com.android.phone D/IccSmsInterfaceManager: [IccSmsInterfaceManager] Calling setCdmaBroadcastConfig with 2 configurations
07-02 19:26:05.866 2627-2627/com.android.calendar D/AlertReceiver: onReceive: a=android.intent.action.PROVIDER_CHANGED Intent { act=android.intent.action.PROVIDER_CHANGED dat=content://com.android.calendar flg=0x10 cmp=com.android.calendar/.alerts.AlertReceiver }
07-02 19:26:05.866 355-355/? E/Diag_Lib: Thread state: conn_id=50, state=MAIN_THREAD_CLIENT_RECV
07-02 19:26:05.866 355-355/? E/Diag_Lib: qmuxd: RX 71 bytes on fd=28 from qmux_client_id=2
07-02 19:26:05.866 355-355/? E/Diag_Lib: Thread state: conn_id=50, state=MAIN_THREAD_MODEM_TX
07-02 19:26:05.866 355-355/? E/Diag_Lib: Thread state: conn_id=50, state=MAIN_THREAD_WAIT_SELECT
07-02 19:26:05.866 355-794/? E/Diag_Lib: Thread state: conn_id=0, state=RX_THREAD_WAIT_READ
07-02 19:26:05.866 355-794/? E/Diag_Lib: Thread state: conn_id=0, state=RX_THREAD_CLIENT_TX
07-02 19:26:05.866 355-794/? E/Diag_Lib: qmuxd: TX message on fd=28, to qmux_client_id=2, len=54
07-02 19:26:05.866 355-794/? E/Diag_Lib: Thread state: conn_id=0, state=RX_THREAD_WAIT_POLL
07-02 19:26:05.866 1296-1417/com.android.phone D/IccSmsInterfaceManager: [IccSmsInterfaceManager] Added cdma broadcast subscription for MID range 4099 to 4099 from client com.android.cellbroadcastreceiver
07-02 19:26:05.866 1296-1417/com.android.phone D/IccSmsInterfaceManager: [IccSmsInterfaceManager] Calling setCdmaBroadcastActivation(true)
07-02 19:26:05.876 355-355/? E/Diag_Lib: Thread state: conn_id=50, state=MAIN_THREAD_CLIENT_RECV
07-02 19:26:05.876 355-355/? E/Diag_Lib: qmuxd: RX 52 bytes on fd=28 from qmux_client_id=2
07-02 19:26:05.876 355-355/? E/Diag_Lib: Thread state: conn_id=50, state=MAIN_THREAD_MODEM_TX
07-02 19:26:05.876 355-355/? E/Diag_Lib: Thread state: conn_id=50, state=MAIN_THREAD_WAIT_SELECT
07-02 19:26:05.876 355-794/? E/Diag_Lib: Thread state: conn_id=0, state=RX_THREAD_WAIT_READ
07-02 19:26:05.876 355-794/? E/Diag_Lib: Thread state: conn_id=0, state=RX_THREAD_CLIENT_TX
07-02 19:26:05.876 355-794/? E/Diag_Lib: qmuxd: TX message on fd=28, to qmux_client_id=2, len=54
