07-02 19:28:44.436 820-848/system_process D/qcom_sensors_hal: hal_wait_for_response: timeout=0
07-02 19:28:44.476 4924-4924/? D/AndroidRuntime: >>>>>> AndroidRuntime START com.android.internal.os.RuntimeInit <<<<<<
07-02 19:28:44.476 4924-4924/? D/AndroidRuntime: CheckJNI is OFF
07-02 19:28:44.496 820-1734/system_process D/qcom_sensors_hal: hal_sensor1_data_cb: msg_type 2, Sn 0, msg Id 34, txn Id 0
07-02 19:28:44.496 820-1734/system_process D/qcom_sensors_hal: hal_process_smgr_ind: 34
07-02 19:28:44.496 820-1734/system_process D/qcom_sensors_hal: hal_process_report_ind: St: 0 ReportId: 0 Rate: 0, Len: 1
07-02 19:28:44.496 820-1734/system_process D/qcom_sensors_hal: hal_process_report_ind: Id: ACCEL_DATA: Ty: 0 Q: 0
07-02 19:28:44.496 820-1734/system_process D/qcom_sensors_hal: hal_process_report_ind: X: -0.206833 Y: -0.335571 Z: 9.709503 
07-02 19:28:44.506 820-848/system_process D/qcom_sensors_hal: _hal_sensors_data_poll: poll data:1;data[0].sensor:0 .type:1 .x:-0.206833 .y:-0.335571 .z:9.709503
07-02 19:28:44.506 820-848/system_process D/qcom_sensors_hal: _hal_sensors_data_poll: cnt: 256
07-02 19:28:44.506 820-848/system_process D/qcom_sensors_hal: hal_wait_for_response: timeout=0
07-02 19:28:44.526 4919-4919/? D/AndroidRuntime: Calling main entry com.koushikdutta.vysor.Main
07-02 19:28:44.556 4919-4919/? I/VysorMain: Received command line password: 2b9d2b8a
07-02 19:28:44.566 820-1734/system_process D/qcom_sensors_hal: hal_sensor1_data_cb: msg_type 2, Sn 0, msg Id 34, txn Id 0
07-02 19:28:44.566 820-1734/system_process D/qcom_sensors_hal: hal_process_smgr_ind: 34
07-02 19:28:44.566 820-1734/system_process D/qcom_sensors_hal: hal_process_report_ind: St: 0 ReportId: 0 Rate: 0, Len: 1
07-02 19:28:44.566 820-1734/system_process D/qcom_sensors_hal: hal_process_report_ind: Id: ACCEL_DATA: Ty: 0 Q: 0
07-02 19:28:44.566 820-1734/system_process D/qcom_sensors_hal: hal_process_report_ind: X: -0.197250 Y: -0.335571 Z: 9.699936 
07-02 19:28:44.566 820-848/system_process D/qcom_sensors_hal: _hal_sensors_data_poll: poll data:1;data[0].sensor:0 .type:1 .x:-0.197250 .y:-0.335571 .z:9.699936
07-02 19:28:44.566 820-848/system_process D/qcom_sensors_hal: _hal_sensors_data_poll: cnt: 256
07-02 19:28:44.566 820-848/system_process D/qcom_sensors_hal: hal_wait_for_response: timeout=0
07-02 19:28:44.616 4919-4919/? I/VysorMain: Found IME hooks.
07-02 19:28:44.626 4919-4919/? I/VysorMain: Server starting
07-02 19:28:44.646 4924-4924/? D/AndroidRuntime: Calling main entry com.android.commands.am.Am
07-02 19:28:44.666 4919-4919/? I/VysorMain: Waiting for exit
07-02 19:28:44.676 820-1757/system_process I/ActivityManager: START u0 {act=android.intent.action.MAIN cat=[android.intent.category.LAUNCHER] flg=0x10000000 cmp=com.koushikdutta.vysor/.TipsActivity} from uid 2000 on display 0
07-02 19:28:44.686 4924-4924/? D/AndroidRuntime: Shutting down VM
07-02 19:28:44.686 820-850/system_process I/UsageStatsService: User[0] Flushing usage stats to disk
07-02 19:28:44.696 4924-4952/? I/art: Debugger is no longer active
07-02 19:28:44.736 820-1758/system_process I/ActivityManager: Start proc com.koushikdutta.vysor for activity com.koushikdutta.vysor/.TipsActivity: pid=4968 uid=10070 gids={50070, 9997, 1028, 1015, 3003} abi=armeabi-v7a
07-02 19:28:44.736 820-850/system_process I/UsageStatsDatabase: Moving file /data/system/usagestats/0/daily/1230854400000 to /data/system/usagestats/0/daily/1467458725835
07-02 19:28:44.746 820-850/system_process I/UsageStatsDatabase: Moving file /data/system/usagestats/0/weekly/1230768000000 to /data/system/usagestats/0/weekly/1467372325835
07-02 19:28:44.746 820-850/system_process I/UsageStatsDatabase: Moving file /data/system/usagestats/0/monthly/1228608000000 to /data/system/usagestats/0/monthly/1465212325835
07-02 19:28:44.746 820-850/system_process I/UsageStatsDatabase: Moving file /data/system/usagestats/0/yearly/1229904000000 to /data/system/usagestats/0/yearly/1466508325835
07-02 19:28:44.756 820-850/system_process I/UsageStatsService: User[0] Rollover scheduled @ 2016-07-03 19:00:00(1467590400000)
07-02 19:28:44.766 355-794/? E/Diag_Lib: Thread state: conn_id=0, state=RX_THREAD_WAIT_READ
07-02 19:28:44.766 355-794/? E/Diag_Lib: Thread state: conn_id=0, state=RX_THREAD_CLIENT_TX
07-02 19:28:44.766 355-794/? E/Diag_Lib: qmuxd: TX message on fd=28, to qmux_client_id=2, len=64
07-02 19:28:44.766 355-794/? E/Diag_Lib: Thread state: conn_id=0, state=RX_THREAD_WAIT_POLL
07-02 19:28:44.876 4968-4968/com.koushikdutta.vysor W/art: Before Android 4.1, method android.graphics.PorterDuffColorFilter android.support.graphics.drawable.VectorDrawableCompat.updateTintFilter(android.graphics.PorterDuffColorFilter, android.content.res.ColorStateList, android.graphics.PorterDuff$Mode) would have incorrectly overridden the package-private method in android.graphics.drawable.Drawable
07-02 19:28:44.916 4965-4965/? D/AndroidRuntime: >>>>>> AndroidRuntime START com.android.internal.os.RuntimeInit <<<<<<
07-02 19:28:44.926 4965-4965/? D/AndroidRuntime: CheckJNI is OFF
07-02 19:28:44.976 4968-4991/com.koushikdutta.vysor D/OpenGLRenderer: Render dirty regions requested: true
07-02 19:28:44.986 4968-4968/com.koushikdutta.vysor D/Atlas: Validating map...
07-02 19:28:45.056 4968-4991/com.koushikdutta.vysor I/Adreno-EGL: <qeglDrvAPI_eglInitialize:410>: EGL 1.4 QUALCOMM build: AU_LINUX_ANDROID_LA.BF.1.1.1.C2.05.00.00.046.002_msm8974_LA.BF.1.1.1.C2__release_AU ()
                                                                  OpenGL ES Shader Compiler Version: E031.25.03.00
                                                                  Build Date: 01/06/15 Tue
                                                                  Local Branch: mybranch6793908
                                                                  Remote Branch: quic/LA.BF.1.1.1.c2
                                                                  Local Patches: NONE
                                                                  Reconstruct Branch: AU_LINUX_ANDROID_LA.BF.1.1.1.C2.05.00.00.046.002 +  NOTHING
07-02 19:28:45.056 4968-4991/com.koushikdutta.vysor I/OpenGLRenderer: Initialized EGL, version 1.4
07-02 19:28:45.066 4968-4991/com.koushikdutta.vysor D/OpenGLRenderer: Enabling debug mode 0
07-02 19:28:45.086 4965-4965/? D/AndroidRuntime: Calling main entry com.android.commands.ime.Ime
07-02 19:28:45.086 4965-4965/? D/AndroidRuntime: Shutting down VM
07-02 19:28:45.086 4965-4992/? I/art: Debugger is no longer active
07-02 19:28:45.126 820-864/system_process I/ActivityManager: Displayed com.koushikdutta.vysor/.TipsActivity: +440ms
07-02 19:28:45.126 820-864/system_process I/Timeline: Timeline: Activity_windows_visible id: ActivityRecord{1b553223 u0 com.koushikdutta.vysor/.TipsActivity t1978} time:207728
07-02 19:28:45.146 4968-4968/com.koushikdutta.vysor I/Timeline: Timeline: Activity_idle id: android.os.BinderProxy@331d3f4e time:207749
07-02 19:28:45.516 5006-5006/? D/AndroidRuntime: >>>>>> AndroidRuntime START com.android.internal.os.RuntimeInit <<<<<<
07-02 19:28:45.516 5006-5006/? D/AndroidRuntime: CheckJNI is OFF
07-02 19:28:45.666 5006-5006/? D/AndroidRuntime: Calling main entry com.android.commands.ime.Ime
07-02 19:28:45.716 5006-5006/? D/AndroidRuntime: Shutting down VM
07-02 19:28:45.716 5006-5014/? I/art: Debugger is no longer active
07-02 19:28:45.726 820-820/system_process W/InputMethodManagerService: Illegal subtype state: old subtype = null, new subtype = android.view.inputmethod.InputMethodSubtype@c9194f98
07-02 19:28:45.736 820-1394/system_process V/InputMethodManagerService: Adding window token: android.os.Binder@f9ad68
07-02 19:28:45.756 1217-1537/com.android.inputmethod.latin I/LatinIME:LogUtils: Dictionary info: dictionary = PersonalizationDictionary.en_US ; version = 1230901213 ; date = 1467505725
07-02 19:28:45.836 820-820/system_process D/ZenLog: intercepted: 0|com.koushikdutta.vysor|101|null|10070,!priority
07-02 19:28:45.846 820-820/system_process V/NotificationService: pkg=com.koushikdutta.vysor canInterrupt=false intercept=true
07-02 19:28:46.226 265-336/? I/ThermalEngine: Sensor:pa_therm1:37000 mC
07-02 19:28:46.286 4919-4961/? I/VysorMain: WebSocket authenticated: true
07-02 19:28:46.286 4919-4961/? E/VysorMain: Unknown: {"type":"password","password":"2b9d2b8a"}
07-02 19:28:46.336 4919-4961/? I/VysorMain: New raw socket accepted.
07-02 19:28:46.336 4919-4961/? I/VysorMain: Got password 2b9d2b8a
07-02 19:28:46.336 4919-4961/? I/VysorMain: h264 authentication succeeded
07-02 19:28:46.336 4919-4961/? I/VysorMain: registering virtual display
07-02 19:28:46.396 4919-4961/? I/art: Thread[14,tid=4961,WaitingForJniOnLoad,Thread*=0xb889c568,peer=0x73245710,"AsyncServer"] recursive attempt to load library "/system/lib/libmedia_jni.so"
07-02 19:28:46.396 4919-4961/? D/MtpDeviceJNI: register_android_mtp_MtpDevice
07-02 19:28:46.396 4919-4961/? I/art: Thread[14,tid=4961,WaitingForJniOnLoad,Thread*=0xb889c568,peer=0x73245710,"AsyncServer"] recursive attempt to load library "/system/lib/libmedia_jni.so"
07-02 19:28:46.396 4919-4961/? I/art: Thread[14,tid=4961,WaitingForJniOnLoad,Thread*=0xb889c568,peer=0x73245710,"AsyncServer"] recursive attempt to load library "/system/lib/libmedia_jni.so"
07-02 19:28:46.426 4919-4961/? W/AudioCapabilities: Unsupported mime audio/evrc
07-02 19:28:46.426 4919-4961/? W/AudioCapabilities: Unsupported mime audio/qcelp
07-02 19:28:46.426 4919-4961/? W/VideoCapabilities: Unrecognized profile 2130706433 for video/avc
07-02 19:28:46.436 4919-4961/? W/VideoCapabilities: Unsupported mime video/x-ms-wmv
07-02 19:28:46.436 4919-4961/? W/VideoCapabilities: Unsupported mime video/mpeg2
07-02 19:28:46.446 4919-4961/? W/VideoCapabilities: Unsupported mime video/mp4v-esdp
07-02 19:28:46.456 4919-4961/? I/VideoCapabilities: Unsupported profile 4 for video/mp4v-es
07-02 19:28:46.456 4919-4961/? W/AudioCapabilities: Unsupported mime audio/x-ms-wma
07-02 19:28:46.456 4919-4961/? W/AudioCapabilities: Unsupported mime audio/vnd.rn-realaudio
07-02 19:28:46.456 4919-4961/? W/AudioCapabilities: Unsupported mime audio/mpeg-L2
07-02 19:28:46.466 4919-4961/? W/AudioCapabilities: Unsupported mime audio/ac3
07-02 19:28:46.466 4919-4961/? W/AudioCapabilities: Unsupported mime audio/x-ape
07-02 19:28:46.466 4919-4961/? W/AudioCapabilities: Unsupported mime audio/vnd.dts
07-02 19:28:46.466 4919-4961/? W/AudioCapabilities: Unsupported mime audio/ffmpeg
07-02 19:28:46.466 4919-4961/? W/VideoCapabilities: Unsupported mime video/mpeg2
07-02 19:28:46.466 4919-4961/? W/VideoCapabilities: Unsupported mime video/x-ms-wmv
07-02 19:28:46.466 4919-4961/? W/VideoCapabilities: Unsupported mime video/vnd.rn-realvideo
07-02 19:28:46.466 4919-4961/? W/VideoCapabilities: Unsupported mime video/x-flv
07-02 19:28:46.476 4919-4961/? W/VideoCapabilities: Unsupported mime video/ffmpeg
07-02 19:28:46.476 4919-4961/? I/StdOutDevice: OMX.qcom.video.encoder.avc
07-02 19:28:46.476 4919-4961/? W/VideoCapabilities: Unrecognized profile 2130706433 for video/avc
07-02 19:28:46.476 4919-4961/? I/StdOutDevice: colorFormat: 2141391876
07-02 19:28:46.476 4919-4961/? I/StdOutDevice: colorFormat: 2130708361
07-02 19:28:46.476 4919-4961/? I/StdOutDevice: colorFormat: 2135033992
07-02 19:28:46.476 4919-4961/? I/StdOutDevice: colorFormat: 21
07-02 19:28:46.476 4919-4961/? I/StdOutDevice: profile/level: 1/2048
07-02 19:28:46.476 4919-4961/? I/StdOutDevice: profile/level: 2/2048
07-02 19:28:46.476 4919-4961/? I/StdOutDevice: profile/level: 8/2048
07-02 19:28:46.476 4919-4961/? I/StdOutDevice: profile/level: 2130706433/2048
07-02 19:28:46.476 4919-4961/? I/StdOutDevice: OMX.google.h264.encoder
07-02 19:28:46.476 4919-4961/? I/StdOutDevice: colorFormat: 2135033992
07-02 19:28:46.476 4919-4961/? I/StdOutDevice: colorFormat: 19
07-02 19:28:46.476 4919-4961/? I/StdOutDevice: colorFormat: 21
07-02 19:28:46.476 4919-4961/? I/StdOutDevice: colorFormat: 2130708361
07-02 19:28:46.476 4919-4961/? I/StdOutDevice: profile/level: 1/1
07-02 19:28:46.476 4919-4961/? I/StdOutDevice: profile/level: 1/2
07-02 19:28:46.476 4919-4961/? I/StdOutDevice: profile/level: 1/4
07-02 19:28:46.476 4919-4961/? I/StdOutDevice: profile/level: 1/8
07-02 19:28:46.476 4919-4961/? I/StdOutDevice: profile/level: 1/16
07-02 19:28:46.476 4919-4961/? I/StdOutDevice: profile/level: 1/32
07-02 19:28:46.486 4919-4961/? I/StdOutDevice: Width: 480 Height: 800
07-02 19:28:46.486 4919-4961/? I/StdOutDevice: Bitrate: 500000
07-02 19:28:46.486 4919-4961/? I/StdOutDevice: Frame rate: 30
07-02 19:28:46.486 4919-4961/? I/StdOutDevice: Creating encoder
07-02 19:28:46.496 4919-5035/? I/OMXClient: Using client-side OMX mux.
07-02 19:28:46.496 355-794/? E/Diag_Lib: Thread state: conn_id=0, state=RX_THREAD_WAIT_READ
07-02 19:28:46.496 355-794/? E/Diag_Lib: Thread state: conn_id=0, state=RX_THREAD_CLIENT_TX
07-02 19:28:46.496 355-794/? E/Diag_Lib: qmuxd: TX message on fd=28, to qmux_client_id=2, len=64
07-02 19:28:46.496 355-794/? E/Diag_Lib: Thread state: conn_id=0, state=RX_THREAD_WAIT_POLL
07-02 19:28:46.496 355-794/? E/Diag_Lib: Thread state: conn_id=0, state=RX_THREAD_WAIT_READ
07-02 19:28:46.496 355-794/? E/Diag_Lib: Thread state: conn_id=0, state=RX_THREAD_CLIENT_TX
07-02 19:28:46.496 355-794/? E/Diag_Lib: qmuxd: TX message on fd=28, to qmux_client_id=2, len=64
07-02 19:28:46.496 355-794/? E/Diag_Lib: Thread state: conn_id=0, state=RX_THREAD_WAIT_POLL
07-02 19:28:46.586 4919-4961/? I/StdOutDevice: Created encoder
07-02 19:28:46.586 4919-4961/? I/StdOutDevice: Configuring encoder
07-02 19:28:46.586 261-1498/? E/OMXNodeInstance: OMX_SetParameter() failed for StoreMetaDataInBuffers: 0x8000101a
07-02 19:28:46.586 4919-5035/? E/ACodec: [OMX.qcom.video.encoder.avc] storeMetaDataInBuffers (output) failed w/ err -2147483648
07-02 19:28:46.586 4919-5035/? W/ACodec: do not know color format 0x7fa30c04 = 2141391876
07-02 19:28:46.586 4919-5035/? W/ACodec: do not know color format 0x7f000789 = 2130708361
07-02 19:28:46.596 4919-5035/? I/ACodec: [OMX.qcom.video.encoder.avc] setupVideoEncoder succeeded
07-02 19:28:46.596 4919-5035/? W/ACodec: do not know color format 0x7f000789 = 2130708361
07-02 19:28:46.606 4919-4961/? I/StdOutDevice: Creating input surface
07-02 19:28:46.606 4919-4961/? I/StdOutDevice: Starting Encoder
07-02 19:28:46.676 4919-4961/? I/StdOutDevice: Surface ready
07-02 19:28:46.676 4919-4961/? I/StdOutDevice: Encoder ready
07-02 19:28:46.676 4919-4961/? E/StdOutDevice: Created surface
07-02 19:28:46.676 4919-5044/? I/StdOutDevice: Writer started.
07-02 19:28:46.676 250-914/? D/PermissionCache: checking android.permission.ACCESS_SURFACE_FLINGER for uid=2000 => granted (276 us)
07-02 19:28:46.696 4919-4961/? I/VysorMain: virtual display registered
07-02 19:28:46.776 4919-5044/? I/StdOutDevice: MediaCodec.INFO_OUTPUT_FORMAT_CHANGED
07-02 19:28:46.776 4919-5044/? I/StdOutDevice: output width: 480
07-02 19:28:46.776 4919-5044/? I/StdOutDevice: output height: 800
07-02 19:28:46.776 4919-5044/? I/StdOutDevice: Got first buffer
07-02 19:28:47.196 355-794/? E/Diag_Lib: Thread state: conn_id=0, state=RX_THREAD_WAIT_READ
07-02 19:28:47.196 355-794/? E/Diag_Lib: Thread state: conn_id=0, state=RX_THREAD_CLIENT_TX
07-02 19:28:47.196 355-794/? E/Diag_Lib: qmuxd: TX message on fd=28, to qmux_client_id=2, len=57
07-02 19:28:47.196 355-794/? E/Diag_Lib: Thread state: conn_id=0, state=RX_THREAD_WAIT_POLL
07-02 19:28:47.476 4919-4961/? I/StdOutDevice: Bitrate: 500000
07-02 19:28:47.806 820-1556/system_process I/art: Explicit concurrent mark sweep GC freed 41275(2MB) AllocSpace objects, 10(160KB) LOS objects, 33% free, 14MB/21MB, paused 1.297ms total 119.039ms
07-02 19:28:49.476 2504-4937/com.disa W/Xamarin.Insights: Warning: Could not post to webapi: Network state is disabled. Can not ping webapi
07-02 19:28:50.526 820-1354/system_process D/ConnectivityService: reportBadNetwork(NetworkAgentInfo [MOBILE (CDMA - eHRPD) - 101]) by 10021
07-02 19:28:50.776 355-794/? E/Diag_Lib: Thread state: conn_id=0, state=RX_THREAD_WAIT_READ
07-02 19:28:50.776 355-794/? E/Diag_Lib: Thread state: conn_id=0, state=RX_THREAD_CLIENT_TX
07-02 19:28:50.776 355-794/? E/Diag_Lib: qmuxd: TX message on fd=28, to qmux_client_id=2, len=64
07-02 19:28:50.776 355-794/? E/Diag_Lib: Thread state: conn_id=0, state=RX_THREAD_WAIT_POLL
07-02 19:28:50.776 355-794/? E/Diag_Lib: Thread state: conn_id=0, state=RX_THREAD_WAIT_READ
07-02 19:28:50.776 355-794/? E/Diag_Lib: Thread state: conn_id=0, state=RX_THREAD_CLIENT_TX
07-02 19:28:50.776 355-794/? E/Diag_Lib: qmuxd: TX message on fd=28, to qmux_client_id=2, len=64
07-02 19:28:50.776 355-794/? E/Diag_Lib: Thread state: conn_id=0, state=RX_THREAD_WAIT_POLL
07-02 19:28:50.976 355-794/? E/Diag_Lib: Thread state: conn_id=0, state=RX_THREAD_WAIT_READ
07-02 19:28:50.976 355-794/? E/Diag_Lib: Thread state: conn_id=0, state=RX_THREAD_CLIENT_TX
07-02 19:28:50.976 355-794/? E/Diag_Lib: qmuxd: TX message on fd=28, to qmux_client_id=2, len=64
07-02 19:28:50.976 355-794/? E/Diag_Lib: Thread state: conn_id=0, state=RX_THREAD_WAIT_POLL
07-02 19:28:51.236 265-336/? I/ThermalEngine: Sensor:pa_therm1:37000 mC
07-02 19:28:52.196 355-794/? E/Diag_Lib: Thread state: conn_id=0, state=RX_THREAD_WAIT_READ
07-02 19:28:52.196 355-794/? E/Diag_Lib: Thread state: conn_id=0, state=RX_THREAD_CLIENT_TX
07-02 19:28:52.196 355-794/? E/Diag_Lib: qmuxd: TX message on fd=28, to qmux_client_id=2, len=57
07-02 19:28:52.196 355-794/? E/Diag_Lib: Thread state: conn_id=0, state=RX_THREAD_WAIT_POLL
07-02 19:28:53.216 355-794/? E/Diag_Lib: Thread state: conn_id=0, state=RX_THREAD_WAIT_READ
07-02 19:28:53.216 355-794/? E/Diag_Lib: Thread state: conn_id=0, state=RX_THREAD_CLIENT_TX
07-02 19:28:53.216 355-794/? E/Diag_Lib: qmuxd: TX message on fd=28, to qmux_client_id=2, len=64
07-02 19:28:53.216 355-794/? E/Diag_Lib: Thread state: conn_id=0, state=RX_THREAD_WAIT_POLL
07-02 19:28:53.466 820-1760/system_process W/ActivityManager: Duplicate finish request for ActivityRecord{1b553223 u0 com.koushikdutta.vysor/.TipsActivity t1978 f}
07-02 19:28:53.646 1765-1765/com.cyanogenmod.trebuchet I/Timeline: Timeline: Activity_idle id: android.os.BinderProxy@3f49ea0e time:216241
07-02 19:28:53.666 820-864/system_process I/Timeline: Timeline: Activity_windows_visible id: ActivityRecord{18640bb3 u0 com.cyanogenmod.trebuchet/com.android.launcher3.Launcher t1977} time:216265
07-02 19:28:53.686 820-820/system_process D/ZenLog: intercepted: 0|com.koushikdutta.vysor|101|null|10070,!priority
07-02 19:28:53.696 820-820/system_process V/NotificationService: pkg=com.koushikdutta.vysor canInterrupt=false intercept=true
07-02 19:28:54.166 1765-1862/com.cyanogenmod.trebuchet W/OpenGLRenderer: Incorrectly called buildLayer on View: ShortcutAndWidgetContainer, destroying layer...
07-02 19:28:54.166 1765-1862/com.cyanogenmod.trebuchet W/OpenGLRenderer: Incorrectly called buildLayer on View: ShortcutAndWidgetContainer, destroying layer...
07-02 19:28:54.516 820-4718/system_process D/NetworkMonitorNetworkAgentInfo [MOBILE (CDMA - eHRPD) - null]: Probably not a portal: exception java.net.SocketTimeoutException: failed to connect to clients3.google.com/216.58.192.174 (port 80) after 10000ms
07-02 19:28:54.516 820-4718/system_process D/NetworkMonitorNetworkAgentInfo [MOBILE (CDMA - eHRPD) - null]: EvaluatingState{ when=-3s987ms what=532488 arg1=10021 target=com.android.internal.util.StateMachine$SmHandler }
07-02 19:28:55.406 2095-5096/com.google.android.gms D/DropBoxEntryAddedChimeraService: User is not opted-in to Usage & Diagnostics or Lockbox.
07-02 19:28:55.466 355-794/? E/Diag_Lib: Thread state: conn_id=0, state=RX_THREAD_WAIT_READ
07-02 19:28:55.466 355-794/? E/Diag_Lib: Thread state: conn_id=0, state=RX_THREAD_CLIENT_TX
07-02 19:28:55.466 355-794/? E/Diag_Lib: qmuxd: TX message on fd=28, to qmux_client_id=2, len=64
07-02 19:28:55.466 355-794/? E/Diag_Lib: Thread state: conn_id=0, state=RX_THREAD_WAIT_POLL
07-02 19:28:55.466 355-794/? E/Diag_Lib: Thread state: conn_id=0, state=RX_THREAD_WAIT_READ
07-02 19:28:55.466 355-794/? E/Diag_Lib: Thread state: conn_id=0, state=RX_THREAD_CLIENT_TX
07-02 19:28:55.466 355-794/? E/Diag_Lib: qmuxd: TX message on fd=28, to qmux_client_id=2, len=64
07-02 19:28:55.466 355-794/? E/Diag_Lib: Thread state: conn_id=0, state=RX_THREAD_WAIT_POLL
07-02 19:28:56.236 265-336/? I/ThermalEngine: Sensor:pa_therm1:37000 mC
07-02 19:28:56.696 355-805/? E/Diag_Lib: Thread state: conn_id=1, state=RX_THREAD_WAIT_READ
07-02 19:28:56.696 355-805/? E/Diag_Lib: Thread state: conn_id=1, state=RX_THREAD_CLIENT_TX
07-02 19:28:56.696 355-805/? E/Diag_Lib: qmuxd: TX message on fd=28, to qmux_client_id=2, len=63
07-02 19:28:56.696 355-805/? E/Diag_Lib: Thread state: conn_id=1, state=RX_THREAD_WAIT_POLL
07-02 19:28:57.196 355-794/? E/Diag_Lib: Thread state: conn_id=0, state=RX_THREAD_WAIT_READ
07-02 19:28:57.196 355-794/? E/Diag_Lib: Thread state: conn_id=0, state=RX_THREAD_CLIENT_TX
07-02 19:28:57.196 355-794/? E/Diag_Lib: qmuxd: TX message on fd=28, to qmux_client_id=2, len=57
07-02 19:28:57.196 355-794/? E/Diag_Lib: Thread state: conn_id=0, state=RX_THREAD_WAIT_POLL
07-02 19:28:57.456 820-1734/system_process D/qcom_sensors_hal: hal_sensor1_data_cb: msg_type 2, Sn 0, msg Id 34, txn Id 0
07-02 19:28:57.466 820-1734/system_process D/qcom_sensors_hal: hal_process_smgr_ind: 34
07-02 19:28:57.466 820-1734/system_process D/qcom_sensors_hal: hal_process_report_ind: St: 0 ReportId: 0 Rate: 0, Len: 1
07-02 19:28:57.466 820-1734/system_process D/qcom_sensors_hal: hal_process_report_ind: Id: ACCEL_DATA: Ty: 0 Q: 0
07-02 19:28:57.466 820-1734/system_process D/qcom_sensors_hal: hal_process_report_ind: X: -0.197250 Y: -0.335571 Z: 9.699936 
07-02 19:28:57.466 820-848/system_process D/qcom_sensors_hal: _hal_sensors_data_poll: poll data:1;data[0].sensor:0 .type:1 .x:-0.197250 .y:-0.335571 .z:9.699936
07-02 19:28:57.476 820-848/system_process D/qcom_sensors_hal: _hal_sensors_data_poll: cnt: 256
07-02 19:28:57.476 820-848/system_process D/qcom_sensors_hal: hal_wait_for_response: timeout=0
07-02 19:28:57.526 820-1734/system_process D/qcom_sensors_hal: hal_sensor1_data_cb: msg_type 2, Sn 0, msg Id 34, txn Id 0
07-02 19:28:57.526 820-1734/system_process D/qcom_sensors_hal: hal_process_smgr_ind: 34
07-02 19:28:57.526 820-1734/system_process D/qcom_sensors_hal: hal_process_report_ind: St: 0 ReportId: 0 Rate: 0, Len: 1
07-02 19:28:57.526 820-1734/system_process D/qcom_sensors_hal: hal_process_report_ind: Id: ACCEL_DATA: Ty: 0 Q: 0
07-02 19:28:57.526 820-1734/system_process D/qcom_sensors_hal: hal_process_report_ind: X: -0.216415 Y: -0.345154 Z: 9.709503 
07-02 19:28:57.536 820-848/system_process D/qcom_sensors_hal: _hal_sensors_data_poll: poll data:1;data[0].sensor:0 .type:1 .x:-0.216415 .y:-0.345154 .z:9.709503
07-02 19:28:57.536 820-848/system_process D/qcom_sensors_hal: _hal_sensors_data_poll: cnt: 256
07-02 19:28:57.536 820-848/system_process D/qcom_sensors_hal: hal_wait_for_response: timeout=0
07-02 19:28:57.596 820-1734/system_process D/qcom_sensors_hal: hal_sensor1_data_cb: msg_type 2, Sn 0, msg Id 34, txn Id 0
07-02 19:28:57.596 820-1734/system_process D/qcom_sensors_hal: hal_process_smgr_ind: 34
07-02 19:28:57.596 820-1734/system_process D/qcom_sensors_hal: hal_process_report_ind: St: 0 ReportId: 0 Rate: 0, Len: 1
07-02 19:28:57.596 820-1734/system_process D/qcom_sensors_hal: hal_process_report_ind: Id: ACCEL_DATA: Ty: 0 Q: 0
07-02 19:28:57.596 820-1734/system_process D/qcom_sensors_hal: hal_process_report_ind: X: -0.197250 Y: -0.364304 Z: 9.709503 
07-02 19:28:57.596 820-848/system_process D/qcom_sensors_hal: _hal_sensors_data_poll: poll data:1;data[0].sensor:0 .type:1 .x:-0.197250 .y:-0.364304 .z:9.709503
07-02 19:28:57.606 820-848/system_process D/qcom_sensors_hal: _hal_sensors_data_poll: cnt: 256
07-02 19:28:57.696 355-794/? E/Diag_Lib: Thread state: conn_id=0, state=RX_THREAD_WAIT_READ
07-02 19:28:57.696 355-794/? E/Diag_Lib: Thread state: conn_id=0, state=RX_THREAD_CLIENT_TX
07-02 19:28:57.696 355-794/? E/Diag_Lib: qmuxd: TX message on fd=28, to qmux_client_id=2, len=64
07-02 19:28:57.696 355-794/? E/Diag_Lib: Thread state: conn_id=0, state=RX_THREAD_WAIT_POLL
07-02 19:28:58.126 1765-1765/com.cyanogenmod.trebuchet I/Timeline: Timeline: Activity_launch_request id:com.android.settings time:220726
07-02 19:28:58.126 820-1333/system_process I/ActivityManager: START u0 {act=android.intent.action.MAIN cat=[android.intent.category.LAUNCHER] flg=0x10200000 cmp=com.android.settings/.Settings bnds=[357,476][474,590] (has extras)} from uid 10018 on display 0
07-02 19:28:58.156 820-851/system_process W/BroadcastQueue: Permission Denial: broadcasting Intent { act=com.android.launcher3.action.LAUNCH flg=0x10 (has extras) } from com.cyanogenmod.trebuchet (pid=1765, uid=10018) requires com.google.android.launcher.permission.RECEIVE_LAUNCH_BROADCASTS due to receiver com.google.android.gms/.icing.proxy.ApplicationLauncherReceiver
07-02 19:28:58.156 820-851/system_process W/BroadcastQueue: Permission Denial: receiving Intent { act=com.android.launcher3.action.LAUNCH flg=0x10 (has extras) } to com.google.android.gms/.icing.proxy.ApplicationLauncherReceiver requires com.android.launcher3.permission.RECEIVE_LAUNCH_BROADCASTS due to sender com.cyanogenmod.trebuchet (uid 10018)
07-02 19:28:58.156 820-851/system_process W/BroadcastQueue: Permission Denial: broadcasting Intent { act=com.android.launcher3.action.LAUNCH flg=0x10 (has extras) } from com.cyanogenmod.trebuchet (pid=1765, uid=10018) requires com.google.android.launcher.permission.RECEIVE_LAUNCH_BROADCASTS due to receiver com.google.android.googlequicksearchbox/com.google.android.apps.gsa.search.core.icingsync.ApplicationLaunchReceiver
07-02 19:28:58.156 820-851/system_process W/BroadcastQueue: Permission Denial: receiving Intent { act=com.android.launcher3.action.LAUNCH flg=0x10 (has extras) } to com.google.android.googlequicksearchbox/com.google.android.apps.gsa.search.core.icingsync.ApplicationLaunchReceiver requires com.android.launcher3.permission.RECEIVE_LAUNCH_BROADCASTS due to sender com.cyanogenmod.trebuchet (uid 10018)
07-02 19:28:58.216 820-1760/system_process I/ActivityManager: Start proc com.android.settings for activity com.android.settings/.Settings: pid=5109 uid=1000 gids={41000, 9997, 3003, 1028, 1015, 3002, 3001} abi=armeabi-v7a
07-02 19:28:58.676 5109-5140/com.android.settings I/IndexDatabaseHelper: Using schema version: 117
07-02 19:28:58.686 5109-5140/com.android.settings I/IndexDatabaseHelper: Index is fine
07-02 19:28:58.686 5109-5140/com.android.settings D/Index: Locale 'en_US' is already indexed
07-02 19:28:58.716 5109-5141/com.android.settings D/OpenGLRenderer: Render dirty regions requested: true
07-02 19:28:58.726 5109-5109/com.android.settings D/Atlas: Validating map...
07-02 19:28:58.806 820-932/system_process D/WifiService: New client listening to asynchronous messages
07-02 19:28:58.816 820-863/system_process D/BluetoothManagerService: Message: 20
07-02 19:28:58.816 820-863/system_process D/BluetoothManagerService: Added callback: android.bluetooth.IBluetoothManagerCallback$Stub$Proxy@72945b3:true
07-02 19:28:58.816 5109-5109/com.android.settings D/BluetoothAdapter: 39158613: getState() :  mService = null. Returning STATE_OFF
07-02 19:28:58.826 820-863/system_process D/BluetoothManagerService: Message: 30
07-02 19:28:58.826 820-863/system_process D/BluetoothManagerService: Message: 30
07-02 19:28:58.826 5109-5109/com.android.settings D/LocalBluetoothProfileManager: Adding local MAP profile
07-02 19:28:58.826 5109-5109/com.android.settings D/BluetoothMap: Create BluetoothMap proxy object
07-02 19:28:58.826 820-863/system_process D/BluetoothManagerService: Message: 30
07-02 19:28:58.836 820-863/system_process D/BluetoothManagerService: Message: 30
07-02 19:28:58.836 5109-5109/com.android.settings D/LocalBluetoothProfileManager: LocalBluetoothProfileManager construction complete
07-02 19:28:58.836 5109-5109/com.android.settings D/BluetoothAdapter: 39158613: getState() :  mService = null. Returning STATE_OFF
07-02 19:28:58.836 5109-5109/com.android.settings D/BluetoothAdapter: 39158613: getState() :  mService = null. Returning STATE_OFF
07-02 19:28:58.956 5109-5109/com.android.settings D/DashboardSummary: rebuildUI took: 218 ms
07-02 19:28:58.966 5109-5109/com.android.settings D/BluetoothAdapter: 39158613: getState() :  mService = null. Returning STATE_OFF
07-02 19:28:59.016 5109-5141/com.android.settings I/Adreno-EGL: <qeglDrvAPI_eglInitialize:410>: EGL 1.4 QUALCOMM build: AU_LINUX_ANDROID_LA.BF.1.1.1.C2.05.00.00.046.002_msm8974_LA.BF.1.1.1.C2__release_AU ()
                                                                OpenGL ES Shader Compiler Version: E031.25.03.00
                                                                Build Date: 01/06/15 Tue
                                                                Local Branch: mybranch6793908
                                                                Remote Branch: quic/LA.BF.1.1.1.c2
                                                                Local Patches: NONE
                                                                Reconstruct Branch: AU_LINUX_ANDROID_LA.BF.1.1.1.C2.05.00.00.046.002 +  NOTHING
07-02 19:28:59.026 5109-5141/com.android.settings I/OpenGLRenderer: Initialized EGL, version 1.4
07-02 19:28:59.046 5109-5141/com.android.settings D/OpenGLRenderer: Enabling debug mode 0
07-02 19:28:59.096 5109-5148/com.android.settings D/Index: Deleting data for locale 'en_US' took 14 millis
07-02 19:28:59.146 5109-5148/com.android.settings D/Index: Indexing locale 'en_US' took 52 millis
07-02 19:28:59.206 5109-5153/com.android.settings D/Index: Deleting data for locale 'en_US' took 9 millis
07-02 19:28:59.206 5109-5153/com.android.settings D/BluetoothAdapter: 39158613: getState() :  mService = null. Returning STATE_OFF
07-02 19:28:59.206 5109-5153/com.android.settings D/Index: Indexing locale 'en_US' took 2 millis
07-02 19:28:59.366 820-864/system_process I/ActivityManager: Displayed com.android.settings/.Settings: +1s174ms
07-02 19:28:59.366 820-864/system_process I/Timeline: Timeline: Activity_windows_visible id: ActivityRecord{3881cbd1 u0 com.android.settings/.Settings t1979} time:221964
07-02 19:28:59.416 820-820/system_process D/ZenLog: intercepted: 0|com.koushikdutta.vysor|101|null|10070,!priority
07-02 19:28:59.416 820-820/system_process V/NotificationService: pkg=com.koushikdutta.vysor canInterrupt=false intercept=true
07-02 19:28:59.466 5109-5109/com.android.settings I/Timeline: Timeline: Activity_idle id: android.os.BinderProxy@22bca850 time:222063
07-02 19:28:59.516 820-4718/system_process D/NetworkMonitorNetworkAgentInfo [MOBILE (CDMA - eHRPD) - null]: EvaluatingState{ when=-5ms what=532486 arg1=4 target=com.android.internal.util.StateMachine$SmHandler }
07-02 19:28:59.516 820-4718/system_process D/NetworkMonitorNetworkAgentInfo [MOBILE (CDMA - eHRPD) - null]: Checking http://clients3.google.com/generate_204 on null
07-02 19:28:59.736 996-1699/com.android.systemui D/BluetoothAdapter: 559404141: getState() :  mService = null. Returning STATE_OFF
07-02 19:28:59.736 996-1699/com.android.systemui D/BluetoothAdapter: 559404141: getState() :  mService = null. Returning STATE_OFF
07-02 19:28:59.746 996-1699/com.android.systemui D/BluetoothAdapter: 559404141: getState() :  mService = null. Returning STATE_OFF
07-02 19:28:59.746 996-1699/com.android.systemui D/BluetoothAdapter: 559404141: getState() :  mService = null. Returning STATE_OFF
07-02 19:28:59.766 996-1699/com.android.systemui D/BluetoothAdapter: 559404141: getState() :  mService = null. Returning STATE_OFF
07-02 19:28:59.766 996-1699/com.android.systemui D/BluetoothAdapter: 559404141: getState() :  mService = null. Returning STATE_OFF
07-02 19:28:59.776 355-794/? E/Diag_Lib: Thread state: conn_id=0, state=RX_THREAD_WAIT_READ
07-02 19:28:59.776 355-794/? E/Diag_Lib: Thread state: conn_id=0, state=RX_THREAD_CLIENT_TX
07-02 19:28:59.776 355-794/? E/Diag_Lib: qmuxd: TX message on fd=28, to qmux_client_id=2, len=64
07-02 19:28:59.776 355-794/? E/Diag_Lib: Thread state: conn_id=0, state=RX_THREAD_WAIT_POLL
07-02 19:28:59.776 996-996/com.android.systemui D/PhoneStatusBar: disable: < expand ICONS* alerts SYSTEM_INFO* back home recent clock search >
07-02 19:28:59.866 2504-4817/com.disa W/Xamarin.Insights: Warning: Could not post to webapi: Network state is disabled. Can not ping webapi
07-02 19:28:59.936 355-794/? E/Diag_Lib: Thread state: conn_id=0, state=RX_THREAD_WAIT_READ
07-02 19:28:59.936 355-794/? E/Diag_Lib: Thread state: conn_id=0, state=RX_THREAD_CLIENT_TX
07-02 19:28:59.936 355-794/? E/Diag_Lib: qmuxd: TX message on fd=28, to qmux_client_id=2, len=64
07-02 19:28:59.936 355-794/? E/Diag_Lib: Thread state: conn_id=0, state=RX_THREAD_WAIT_POLL
07-02 19:29:01.246 265-336/? I/ThermalEngine: Sensor:pa_therm1:37000 mC
07-02 19:29:01.666 820-970/system_process D/TaskPersister: removeObsoleteFile: deleting file=1973_task.xml
07-02 19:29:01.666 820-970/system_process D/TaskPersister: removeObsoleteFile: deleting file=1973_task_thumbnail.png
07-02 19:29:02.006 820-922/system_process E/QCOM PowerHAL: Failed to acquire lock.
07-02 19:29:02.006 820-922/system_process E/QCOM PowerHAL: Failed to acquire lock.
07-02 19:29:02.006 820-922/system_process E/QCOM PowerHAL: Failed to acquire lock.
07-02 19:29:02.016 820-922/system_process E/QCOM PowerHAL: Failed to acquire lock.
07-02 19:29:02.016 820-922/system_process E/QCOM PowerHAL: Failed to acquire lock.
07-02 19:29:02.036 820-922/system_process E/QCOM PowerHAL: Failed to acquire lock.
07-02 19:29:02.036 820-922/system_process E/QCOM PowerHAL: Failed to acquire lock.
07-02 19:29:02.046 820-922/system_process E/QCOM PowerHAL: Failed to acquire lock.
07-02 19:29:02.046 820-922/system_process E/QCOM PowerHAL: Failed to acquire lock.
07-02 19:29:02.056 820-922/system_process E/QCOM PowerHAL: Failed to acquire lock.
07-02 19:29:02.056 820-922/system_process E/QCOM PowerHAL: Failed to acquire lock.
07-02 19:29:02.066 820-922/system_process E/QCOM PowerHAL: Failed to acquire lock.
07-02 19:29:02.066 820-922/system_process E/QCOM PowerHAL: Failed to acquire lock.
07-02 19:29:02.066 820-922/system_process E/QCOM PowerHAL: Failed to acquire lock.
07-02 19:29:02.076 820-922/system_process E/QCOM PowerHAL: Failed to acquire lock.
07-02 19:29:02.076 820-922/system_process E/QCOM PowerHAL: Failed to acquire lock.
07-02 19:29:02.076 820-922/system_process E/QCOM PowerHAL: Failed to acquire lock.
07-02 19:29:02.086 820-922/system_process E/QCOM PowerHAL: Failed to acquire lock.
07-02 19:29:02.086 820-922/system_process E/QCOM PowerHAL: Failed to acquire lock.
07-02 19:29:02.096 820-922/system_process E/QCOM PowerHAL: Failed to acquire lock.
07-02 19:29:02.096 820-922/system_process E/QCOM PowerHAL: Failed to acquire lock.
07-02 19:29:02.106 820-922/system_process E/QCOM PowerHAL: Failed to acquire lock.
07-02 19:29:02.106 820-922/system_process E/QCOM PowerHAL: Failed to acquire lock.
07-02 19:29:02.116 820-922/system_process E/QCOM PowerHAL: Failed to acquire lock.
07-02 19:29:02.116 820-922/system_process E/QCOM PowerHAL: Failed to acquire lock.
07-02 19:29:02.126 820-1333/system_process E/QCOM PowerHAL: Failed to acquire lock.
07-02 19:29:02.126 820-922/system_process I/WindowManager: Ignoring HOME; event canceled.
07-02 19:29:02.126 820-922/system_process E/QCOM PowerHAL: Failed to acquire lock.
07-02 19:29:02.126 820-922/system_process E/QCOM PowerHAL: Failed to acquire lock.
07-02 19:29:02.136 820-922/system_process E/QCOM PowerHAL: Failed to acquire lock.
07-02 19:29:02.136 820-922/system_process E/QCOM PowerHAL: Failed to acquire lock.
07-02 19:29:02.146 820-922/system_process E/QCOM PowerHAL: Failed to acquire lock.
07-02 19:29:02.146 820-922/system_process E/QCOM PowerHAL: Failed to acquire lock.
07-02 19:29:02.156 820-922/system_process E/QCOM PowerHAL: Failed to acquire lock.
07-02 19:29:02.156 820-922/system_process E/QCOM PowerHAL: Failed to acquire lock.
07-02 19:29:02.166 820-922/system_process E/QCOM PowerHAL: Failed to acquire lock.
07-02 19:29:02.166 820-922/system_process E/QCOM PowerHAL: Failed to acquire lock.
07-02 19:29:02.176 820-922/system_process E/QCOM PowerHAL: Failed to acquire lock.
07-02 19:29:02.176 820-922/system_process E/QCOM PowerHAL: Failed to acquire lock.
07-02 19:29:02.176 355-794/? E/Diag_Lib: Thread state: conn_id=0, state=RX_THREAD_WAIT_READ
07-02 19:29:02.176 355-794/? E/Diag_Lib: Thread state: conn_id=0, state=RX_THREAD_CLIENT_TX
07-02 19:29:02.176 355-794/? E/Diag_Lib: qmuxd: TX message on fd=28, to qmux_client_id=2, len=64
07-02 19:29:02.176 355-794/? E/Diag_Lib: Thread state: conn_id=0, state=RX_THREAD_WAIT_POLL
07-02 19:29:02.176 355-794/? E/Diag_Lib: Thread state: conn_id=0, state=RX_THREAD_WAIT_READ
07-02 19:29:02.176 355-794/? E/Diag_Lib: Thread state: conn_id=0, state=RX_THREAD_CLIENT_TX
07-02 19:29:02.176 355-794/? E/Diag_Lib: qmuxd: TX message on fd=28, to qmux_client_id=2, len=64
07-02 19:29:02.176 355-794/? E/Diag_Lib: Thread state: conn_id=0, state=RX_THREAD_WAIT_POLL
07-02 19:29:02.196 820-922/system_process E/QCOM PowerHAL: Failed to acquire lock.
07-02 19:29:02.196 820-922/system_process E/QCOM PowerHAL: Failed to acquire lock.
07-02 19:29:02.196 820-922/system_process E/QCOM PowerHAL: Failed to acquire lock.
07-02 19:29:02.196 820-922/system_process E/QCOM PowerHAL: Failed to acquire lock.
07-02 19:29:02.196 355-794/? E/Diag_Lib: Thread state: conn_id=0, state=RX_THREAD_WAIT_READ
07-02 19:29:02.196 355-794/? E/Diag_Lib: Thread state: conn_id=0, state=RX_THREAD_CLIENT_TX
07-02 19:29:02.196 355-794/? E/Diag_Lib: qmuxd: TX message on fd=28, to qmux_client_id=2, len=57
07-02 19:29:02.196 355-794/? E/Diag_Lib: Thread state: conn_id=0, state=RX_THREAD_WAIT_POLL
07-02 19:29:02.776 355-794/? E/Diag_Lib: Thread state: conn_id=0, state=RX_THREAD_WAIT_READ
07-02 19:29:02.776 355-794/? E/Diag_Lib: Thread state: conn_id=0, state=RX_THREAD_CLIENT_TX
07-02 19:29:02.776 355-794/? E/Diag_Lib: qmuxd: TX message on fd=28, to qmux_client_id=2, len=64
07-02 19:29:02.776 355-794/? E/Diag_Lib: Thread state: conn_id=0, state=RX_THREAD_WAIT_POLL
07-02 19:29:02.976 820-922/system_process E/QCOM PowerHAL: Failed to acquire lock.
07-02 19:29:02.976 820-922/system_process E/QCOM PowerHAL: Failed to acquire lock.
07-02 19:29:02.976 820-922/system_process E/QCOM PowerHAL: Failed to acquire lock.
07-02 19:29:02.996 820-922/system_process E/QCOM PowerHAL: Failed to acquire lock.
07-02 19:29:02.996 820-922/system_process E/QCOM PowerHAL: Failed to acquire lock.
07-02 19:29:03.016 820-922/system_process E/QCOM PowerHAL: Failed to acquire lock.
07-02 19:29:03.016 820-922/system_process E/QCOM PowerHAL: Failed to acquire lock.
07-02 19:29:03.066 820-922/system_process E/QCOM PowerHAL: Failed to acquire lock.
07-02 19:29:03.066 820-922/system_process E/QCOM PowerHAL: Failed to acquire lock.
07-02 19:29:03.076 820-922/system_process E/QCOM PowerHAL: Failed to acquire lock.
07-02 19:29:03.076 820-922/system_process E/QCOM PowerHAL: Failed to acquire lock.
07-02 19:29:03.076 820-922/system_process E/QCOM PowerHAL: Failed to acquire lock.
07-02 19:29:03.076 820-922/system_process E/QCOM PowerHAL: Failed to acquire lock.
07-02 19:29:03.086 820-922/system_process E/QCOM PowerHAL: Failed to acquire lock.
07-02 19:29:03.086 820-922/system_process E/QCOM PowerHAL: Failed to acquire lock.
07-02 19:29:03.096 820-922/system_process E/QCOM PowerHAL: Failed to acquire lock.
07-02 19:29:03.096 820-922/system_process E/QCOM PowerHAL: Failed to acquire lock.
07-02 19:29:03.106 820-922/system_process E/QCOM PowerHAL: Failed to acquire lock.
07-02 19:29:03.106 820-922/system_process E/QCOM PowerHAL: Failed to acquire lock.
07-02 19:29:03.116 820-922/system_process E/QCOM PowerHAL: Failed to acquire lock.
07-02 19:29:03.116 820-922/system_process E/QCOM PowerHAL: Failed to acquire lock.
07-02 19:29:03.126 820-922/system_process E/QCOM PowerHAL: Failed to acquire lock.
07-02 19:29:03.126 820-922/system_process E/QCOM PowerHAL: Failed to acquire lock.
07-02 19:29:03.136 820-922/system_process E/QCOM PowerHAL: Failed to acquire lock.
07-02 19:29:03.136 820-922/system_process E/QCOM PowerHAL: Failed to acquire lock.
07-02 19:29:03.146 820-922/system_process E/QCOM PowerHAL: Failed to acquire lock.
07-02 19:29:03.146 820-922/system_process E/QCOM PowerHAL: Failed to acquire lock.
07-02 19:29:03.156 820-922/system_process E/QCOM PowerHAL: Failed to acquire lock.
07-02 19:29:03.156 820-922/system_process E/QCOM PowerHAL: Failed to acquire lock.
07-02 19:29:03.166 820-922/system_process E/QCOM PowerHAL: Failed to acquire lock.
07-02 19:29:03.166 820-922/system_process E/QCOM PowerHAL: Failed to acquire lock.
07-02 19:29:03.176 820-922/system_process E/QCOM PowerHAL: Failed to acquire lock.
07-02 19:29:03.176 820-922/system_process E/QCOM PowerHAL: Failed to acquire lock.
07-02 19:29:03.186 820-922/system_process E/QCOM PowerHAL: Failed to acquire lock.
07-02 19:29:03.186 820-922/system_process E/QCOM PowerHAL: Failed to acquire lock.
07-02 19:29:03.196 820-922/system_process E/QCOM PowerHAL: Failed to acquire lock.
07-02 19:29:03.196 820-922/system_process E/QCOM PowerHAL: Failed to acquire lock.
07-02 19:29:03.206 820-922/system_process E/QCOM PowerHAL: Failed to acquire lock.
07-02 19:29:03.206 820-922/system_process E/QCOM PowerHAL: Failed to acquire lock.
07-02 19:29:03.226 820-922/system_process E/QCOM PowerHAL: Failed to acquire lock.
07-02 19:29:03.226 820-922/system_process E/QCOM PowerHAL: Failed to acquire lock.
07-02 19:29:03.236 996-996/com.android.systemui D/PhoneStatusBar: disable: < expand icons* alerts system_info* back home recent clock search >
07-02 19:29:03.256 820-1080/system_process W/InputMethodManagerService: Window already focused, ignoring focus gain of: com.android.internal.view.IInputMethodClient$Stub$Proxy@2315bead attribute=null, token = android.os.BinderProxy@1c0d86b1
07-02 19:29:03.316 2095-5193/com.google.android.gms D/DropBoxEntryAddedChimeraService: User is not opted-in to Usage & Diagnostics or Lockbox.
07-02 19:29:03.506 820-923/system_process I/InputReader: Reconfiguring input devices.  changes=0x00000020
07-02 19:29:03.506 820-820/system_process D/BackupManagerService: Received broadcast Intent { act=android.intent.action.PACKAGE_CHANGED dat=package:com.koushikdutta.vysor flg=0x4000010 (has extras) }
07-02 19:29:03.506 820-970/system_process D/TaskPersister: removeObsoleteFile: deleting file=1978_task.xml
07-02 19:29:03.506 820-970/system_process D/TaskPersister: removeObsoleteFile: deleting file=1978_task_thumbnail.png
07-02 19:29:03.516 1765-1765/com.cyanogenmod.trebuchet I/Launcher: Deferring update until onResume
07-02 19:29:03.516 1765-1765/com.cyanogenmod.trebuchet W/Launcher: setApplicationContext called twice! old=com.android.launcher3.LauncherApplication@8f093b4 new=com.android.launcher3.LauncherApplication@8f093b4
07-02 19:29:03.526 2095-5196/com.google.android.gms D/PkgBroadcastIntentOp: Received broadcast action=android.intent.action.PACKAGE_CHANGED and uri=com.koushikdutta.vysor
07-02 19:29:03.556 2095-5196/com.google.android.gms D/WearableController: Received broadcast action=android.intent.action.PACKAGE_CHANGED and uri=com.koushikdutta.vysor
07-02 19:29:03.556 5109-5109/com.android.settings D/BluetoothAdapter: 39158613: getState() :  mService = null. Returning STATE_OFF
07-02 19:29:03.566 1625-5198/com.google.android.googlequicksearchbox:search I/UpdateIcingCorporaServi: Updating corpora: APPS=com.koushikdutta.vysor, CONTACTS=MAYBE
07-02 19:29:03.606 5109-5109/com.android.settings D/BluetoothAdapter: 39158613: getState() :  mService = null. Returning STATE_OFF
07-02 19:29:03.636 1625-5198/com.google.android.googlequicksearchbox:search I/UpdateIcingCorporaServi: UpdateCorporaTask done [took 71 ms] updated apps [took 71 ms] 
07-02 19:29:03.646 2095-5203/com.google.android.gms W/IcingInternalCorpora: getNumBytesRead when not calculated.
07-02 19:29:03.686 1765-1816/com.cyanogenmod.trebuchet W/ResourcesManager: Asset path '/system/framework/com.google.android.media.effects.jar' does not exist or contains no resources.
07-02 19:29:03.786 5109-5109/com.android.settings D/DashboardSummary: rebuildUI took: 297 ms
07-02 19:29:03.806 1765-1765/com.cyanogenmod.trebuchet I/Launcher: Deferring update until onResume
07-02 19:29:03.846 5109-5204/com.android.settings D/Index: Deleting data for locale 'en_US' took 4 millis
07-02 19:29:03.856 5109-5204/com.android.settings D/Index: Indexing locale 'en_US' took 6 millis
07-02 19:29:03.866 5109-5205/com.android.settings D/Index: Deleting data for locale 'en_US' took 4 millis
07-02 19:29:03.866 5109-5205/com.android.settings D/BluetoothAdapter: 39158613: getState() :  mService = null. Returning STATE_OFF
07-02 19:29:03.876 5109-5205/com.android.settings D/Index: Indexing locale 'en_US' took 2 millis
07-02 19:29:04.416 355-794/? E/Diag_Lib: Thread state: conn_id=0, state=RX_THREAD_WAIT_READ
07-02 19:29:04.416 355-794/? E/Diag_Lib: Thread state: conn_id=0, state=RX_THREAD_CLIENT_TX
07-02 19:29:04.416 355-794/? E/Diag_Lib: qmuxd: TX message on fd=28, to qmux_client_id=2, len=64
07-02 19:29:04.416 355-794/? E/Diag_Lib: Thread state: conn_id=0, state=RX_THREAD_WAIT_POLL
07-02 19:29:04.706 2095-2836/com.google.android.gms I/Icing: Indexing 682B0F53E9C005DB3E6FC53E9398FC00577E5AF9 from com.google.android.gms
07-02 19:29:04.706 2095-2836/com.google.android.gms I/Icing: Not enough disk space for indexing trimmable
07-02 19:29:04.756 2095-2836/com.google.android.gms I/Icing: Not enough disk space for indexing trimmable
07-02 19:29:04.756 2095-2836/com.google.android.gms I/Icing: Indexing done 682B0F53E9C005DB3E6FC53E9398FC00577E5AF9
07-02 19:29:05.126 820-922/system_process E/QCOM PowerHAL: Failed to acquire lock.
07-02 19:29:05.126 820-922/system_process E/QCOM PowerHAL: Failed to acquire lock.
07-02 19:29:05.126 820-922/system_process E/QCOM PowerHAL: Failed to acquire lock.
07-02 19:29:05.176 820-922/system_process E/QCOM PowerHAL: Failed to acquire lock.
07-02 19:29:05.176 820-922/system_process E/QCOM PowerHAL: Failed to acquire lock.
07-02 19:29:05.216 5109-5109/com.android.settings I/Timeline: Timeline: Activity_launch_request id:com.android.phone time:227816
07-02 19:29:05.216 820-1354/system_process I/ActivityManager: START u0 {act=android.intent.action.MAIN cmp=com.android.phone/.MobileNetworkSettings} from uid 1000 on display 0
07-02 19:29:05.316 1296-1296/com.android.phone D/NetworkSettings: Settings onCreate phoneId =0
07-02 19:29:05.346 355-355/? E/Diag_Lib: Thread state: conn_id=50, state=MAIN_THREAD_CLIENT_RECV
07-02 19:29:05.346 355-355/? E/Diag_Lib: qmuxd: RX 47 bytes on fd=28 from qmux_client_id=2
07-02 19:29:05.346 355-355/? E/Diag_Lib: Thread state: conn_id=50, state=MAIN_THREAD_MODEM_TX
07-02 19:29:05.346 355-355/? E/Diag_Lib: Thread state: conn_id=50, state=MAIN_THREAD_WAIT_SELECT
07-02 19:29:05.346 355-794/? E/Diag_Lib: Thread state: conn_id=0, state=RX_THREAD_WAIT_READ
07-02 19:29:05.346 355-794/? E/Diag_Lib: Thread state: conn_id=0, state=RX_THREAD_CLIENT_TX
07-02 19:29:05.346 355-794/? E/Diag_Lib: qmuxd: TX message on fd=28, to qmux_client_id=2, len=154
07-02 19:29:05.346 355-794/? E/Diag_Lib: Thread state: conn_id=0, state=RX_THREAD_WAIT_POLL
07-02 19:29:05.346 1296-1296/com.android.phone D/CdmaOptions: deviceSupportsnvAnRum: prop=NV,RUIM
07-02 19:29:05.346 1296-1296/com.android.phone D/CdmaOptions: deviceSupportsnvAnRum: nvSupported=true ruimSupported=true
07-02 19:29:05.346 1296-1296/com.android.phone D/CdmaOptions: Both NV and Ruim supported, ENABLE subscription type selection
07-02 19:29:05.346 1296-1296/com.android.phone D/NetworkSettings: settingsNetworkMode: 8
07-02 19:29:05.356 355-355/? E/Diag_Lib: Thread state: conn_id=50, state=MAIN_THREAD_CLIENT_RECV
07-02 19:29:05.356 355-355/? E/Diag_Lib: qmuxd: RX 47 bytes on fd=28 from qmux_client_id=2
07-02 19:29:05.356 355-355/? E/Diag_Lib: Thread state: conn_id=50, state=MAIN_THREAD_MODEM_TX
07-02 19:29:05.356 355-355/? E/Diag_Lib: Thread state: conn_id=50, state=MAIN_THREAD_WAIT_SELECT
07-02 19:29:05.356 355-794/? E/Diag_Lib: Thread state: conn_id=0, state=RX_THREAD_WAIT_READ
07-02 19:29:05.356 355-794/? E/Diag_Lib: Thread state: conn_id=0, state=RX_THREAD_CLIENT_TX
07-02 19:29:05.356 355-794/? E/Diag_Lib: qmuxd: TX message on fd=28, to qmux_client_id=2, len=154
07-02 19:29:05.356 355-794/? E/Diag_Lib: Thread state: conn_id=0, state=RX_THREAD_WAIT_POLL
07-02 19:29:05.356 1296-5210/com.android.phone D/OpenGLRenderer: Render dirty regions requested: true
07-02 19:29:05.366 1296-1296/com.android.phone D/Atlas: Validating map...
07-02 19:29:05.376 1296-1296/com.android.phone D/NetworkSettings: handleGetPreferredNetworkTypeResponse: modemNetworkMode = 8
07-02 19:29:05.376 1296-1296/com.android.phone D/NetworkSettings: handleGetPreferredNetworkTypeReponse: settingsNetworkMode = 8
07-02 19:29:05.376 1296-1296/com.android.phone D/NetworkSettings: handleGetPreferredNetworkTypeResponse: if 1: modemNetworkMode = 8
07-02 19:29:05.416 1296-5210/com.android.phone I/Adreno-EGL: <qeglDrvAPI_eglInitialize:410>: EGL 1.4 QUALCOMM build: AU_LINUX_ANDROID_LA.BF.1.1.1.C2.05.00.00.046.002_msm8974_LA.BF.1.1.1.C2__release_AU ()
                                                             OpenGL ES Shader Compiler Version: E031.25.03.00
                                                             Build Date: 01/06/15 Tue
                                                             Local Branch: mybranch6793908
                                                             Remote Branch: quic/LA.BF.1.1.1.c2
                                                             Local Patches: NONE
                                                             Reconstruct Branch: AU_LINUX_ANDROID_LA.BF.1.1.1.C2.05.00.00.046.002 +  NOTHING
07-02 19:29:05.416 1296-5210/com.android.phone I/OpenGLRenderer: Initialized EGL, version 1.4
